<html>
<body>
<pre>
<h1>µVision Build Log</h1>
<h2>Tool Versions:</h2>
IDE-Version: ¦ÌVision V5.25.0.0
Copyright (C) 2017 ARM Ltd and ARM Germany GmbH. All rights reserved.
License Information: 1 8618836097882, 1, LIC=RC93N-YESVZ-12GLE-5V7S8-4TU55-BF3TE
 
Tool Versions:
Toolchain:       MDK-ARM Plus  Version: 5.25.0.0
Toolchain Path:  C:\Keil_v5\ARM\ARMCC\Bin
C Compiler:      Armcc.exe V5.06 update 6 (build 750)
Assembler:       Armasm.exe V5.06 update 6 (build 750)
Linker/Locator:  ArmLink.exe V5.06 update 6 (build 750)
Library Manager: ArmAr.exe V5.06 update 6 (build 750)
Hex Converter:   FromElf.exe V5.06 update 6 (build 750)
CPU DLL:         SARMCM3.DLL V5.25.0.0
Dialog DLL:      DCM.DLL V1.17.0.0
Target DLL:      CMSIS_AGDI.dll V1.28.8.0
Dialog DLL:      TCM.DLL V1.34.0.0
 
<h2>Project:</h2>
D:\×ÀÃæ\CD100M\rtt\demo.uvprojx
Project File Date:  03/22/2024

<h2>Output:</h2>
*** Using Compiler 'V5.06 update 6 (build 750)', folder: 'C:\Keil_v5\ARM\ARMCC\Bin'
Build target 'demo'
compiling lw_oopc.c...
Hardware\lw_oopc\lw_oopc.h(68): warning:  #1295-D: Deprecated declaration lw_oopc_report - give arg types
  void lw_oopc_report();
Hardware\lw_oopc\lw_oopc.c: 1 warning, 0 errors
linking...
Program Size: Code=15712 RO-data=2384 RW-data=464 ZI-data=19664  
".\Objects\demo.axf" - 0 Error(s), 1 Warning(s).

<h2>Software Packages used:</h2>

Package Vendor: ARM
                http://www.keil.com/pack/ARM.CMSIS.5.2.0.pack
                ARM.CMSIS.5.2.0
                CMSIS (Cortex Microcontroller Software Interface Standard)
   * Component: CORE Version: 5.0.2

Package Vendor: RealThread
                https://www.rt-thread.org/download/mdk/RealThread.RT-Thread.3.1.5.pack
                RealThread.RT-Thread.3.1.5
                RT-Thread Software Components
   * Component: shell Version: 3.1.5
   * Component: kernel Version: 3.1.5
   * Component: device Version: 3.1.5

Package Vendor: Keil
                http://www.keil.com/pack/Keil.STM32F4xx_DFP.1.0.8.pack
                Keil.STM32F4xx_DFP.1.0.8
                STMicroelectronics STM32F4 Series Device Support, Drivers and Examples
   * Component: USART Version: 1.3.0
   * Component: TIM Version: 1.3.0
   * Component: SYSCFG Version: 1.3.0
   * Component: RCC Version: 1.3.0
   * Component: GPIO Version: 1.3.0
   * Component: Framework Version: 1.3.1
   * Component: EXTI Version: 1.3.0
   * Component: DMA Version: 1.3.0
   * Component: Startup Version: 1.3.1

<h2>Collection of Component include folders:</h2>
  .\RTE\Device\STM32F407ZE
  .\RTE\RTOS
  .\RTE\_demo
  C:\Keil_v5\ARM\PACK\ARM\CMSIS\5.2.0\CMSIS\Include
  C:\Keil_v5\ARM\PACK\Keil\STM32F4xx_DFP\1.0.8\Device\Include
  C:\Keil_v5\ARM\PACK\Keil\STM32F4xx_DFP\1.0.8\Device\StdPeriph_Driver\inc
  C:\Keil_v5\ARM\PACK\RealThread\RT-Thread\3.1.5\components\finsh
  C:\Keil_v5\ARM\PACK\RealThread\RT-Thread\3.1.5\include

<h2>Collection of Component Files used:</h2>

   * Component: RealThread.RT-Thread::RTOS:shell:3.1.5
      Source file:   components\finsh\finsh_port.c
      Source file:   components\finsh\shell.c
      Include file:  components\finsh\finsh_config.h
      Source file:   components\finsh\cmd.c
      Source file:   components\finsh\msh.c

   * Component: RealThread.RT-Thread::RTOS:kernel:3.1.5
      Source file:   src\clock.c
      Include file:  bsp\_template\rtconfig.h
      Source file:   bsp\_template\board.c
      Source file:   src\idle.c
      Source file:   src\irq.c
      Source file:   src\timer.c
      Source file:   src\mem.c
      Source file:   src\object.c
      Source file:   src\kservice.c
      Source file:   src\mempool.c
      Source file:   libcpu\arm\cortex-m4\cpuport.c
      Source file:   libcpu\arm\cortex-m4\context_rvds.S
      Source file:   src\components.c
      Source file:   src\ipc.c
      Source file:   src\scheduler.c
      Source file:   src\thread.c

   * Component: RealThread.RT-Thread::RTOS:device:3.1.5
      Source file:   components\device\device.c

   * Component: Keil::Device:StdPeriph Drivers:USART:1.3.0
      Source file:   Device\StdPeriph_Driver\src\stm32f4xx_usart.c
      Include file:  Device\StdPeriph_Driver\inc\stm32f4xx_usart.h

   * Component: Keil::Device:StdPeriph Drivers:TIM:1.3.0
      Source file:   Device\StdPeriph_Driver\src\stm32f4xx_tim.c
      Include file:  Device\StdPeriph_Driver\inc\stm32f4xx_tim.h

   * Component: Keil::Device:StdPeriph Drivers:SYSCFG:1.3.0
      Include file:  Device\StdPeriph_Driver\inc\stm32f4xx_syscfg.h
      Source file:   Device\StdPeriph_Driver\src\stm32f4xx_syscfg.c

   * Component: Keil::Device:StdPeriph Drivers:RCC:1.3.0
      Include file:  Device\StdPeriph_Driver\inc\stm32f4xx_rcc.h
      Source file:   Device\StdPeriph_Driver\src\stm32f4xx_rcc.c

   * Component: Keil::Device:StdPeriph Drivers:GPIO:1.3.0
      Source file:   Device\StdPeriph_Driver\src\stm32f4xx_gpio.c
      Include file:  Device\StdPeriph_Driver\inc\stm32f4xx_gpio.h

   * Component: Keil::Device:StdPeriph Drivers:Framework:1.3.1
      Source file:   Device\StdPeriph_Driver\src\misc.c
      Source file:   Device\StdPeriph_Driver\templates\stm32f4xx_conf.h
      Include file:  Device\StdPeriph_Driver\templates\stm32f4xx_it.h
      Source file:   Device\StdPeriph_Driver\templates\stm32f4xx_it.c

   * Component: Keil::Device:StdPeriph Drivers:EXTI:1.3.0
      Include file:  Device\StdPeriph_Driver\inc\stm32f4xx_exti.h
      Source file:   Device\StdPeriph_Driver\src\stm32f4xx_exti.c

   * Component: Keil::Device:StdPeriph Drivers:DMA:1.3.0
      Source file:   Device\StdPeriph_Driver\src\stm32f4xx_dma.c
      Include file:  Device\StdPeriph_Driver\inc\stm32f4xx_dma.h

   * Component: Keil::Device:Startup:1.3.1
      Source file:   Device\Source\ARM\STM32F40xxx_41xxx_OPT.s
      Source file:   Device\Source\ARM\STM32F4xx_OTP.s
      Include file:  Device\Include\stm32f4xx.h
      Source file:   Device\Source\ARM\startup_stm32f40_41xxx.s
      Source file:   Device\Source\system_stm32f4xx.c
      Include file:  RTE_Driver\Config\RTE_Device.h

   * Component: ARM::CMSIS:CORE:5.0.2
Build Time Elapsed:  00:00:00
</pre>
</body>
</html>
