Component: ARM Compiler 5.06 update 6 (build 750) Tool: armlink [4d35ed]

==============================================================================

Section Cross References

    main.o(i.AppTaskStart) refers to device.o(i.rt_device_find) for rt_device_find
    main.o(i.AppTaskStart) refers to kservice.o(i.rt_kprintf) for rt_kprintf
    main.o(i.AppTaskStart) refers to device.o(i.rt_device_init) for rt_device_init
    main.o(i.AppTaskStart) refers to device.o(i.rt_device_open) for rt_device_open
    main.o(i.AppTaskStart) refers to drv_usart.o(.data) for u1_dev
    main.o(i.AppTaskStart) refers to zigbee_a72.o(.data) for A72_dev
    main.o(i.AppTaskStart) refers to drv_bc28.o(.data) for BC28_dev
    main.o(i.AppTaskStart) refers to ipc.o(i.rt_sem_create) for rt_sem_create
    main.o(i.AppTaskStart) refers to timer.o(i.rt_timer_init) for rt_timer_init
    main.o(i.AppTaskStart) refers to thread.o(i.rt_thread_init) for rt_thread_init
    main.o(i.AppTaskStart) refers to app.o(.data) for A72_Respond
    main.o(i.AppTaskStart) refers to drv_bc28.o(i.bc28_callback) for bc28_callback
    main.o(i.AppTaskStart) refers to drv_bc28.o(.bss) for bc28_10ms
    main.o(i.AppTaskStart) refers to app.o(.bss) for th1_stack
    main.o(i.AppTaskStart) refers to app.o(i.WLAN_INIT) for WLAN_INIT
    main.o(i.AppTaskStart) refers to app.o(i.Zigbee_Data_handle) for Zigbee_Data_handle
    main.o(i.AppTaskStart) refers to thread.o(i.rt_thread_startup) for rt_thread_startup
    main.o(i.AppTaskStart) refers to app.o(i.Zigbee_Heartbeat) for Zigbee_Heartbeat
    main.o(i.AppTaskStart) refers to app.o(i.Air_quality_takeValue) for Air_quality_takeValue
    main.o(i.AppTaskStart) refers to app.o(i.MQTT_INIT) for MQTT_INIT
    main.o(i.AppTaskStart) refers to app.o(i.MQTT_PUB_DATA) for MQTT_PUB_DATA
    main.o(i.AppTaskStart) refers to app.o(i.WaterValveControl) for WaterValveControl
    main.o(i.main) refers to thread.o(i.rt_thread_create) for rt_thread_create
    main.o(i.main) refers to kservice.o(i.rt_kprintf) for rt_kprintf
    main.o(i.main) refers to thread.o(i.rt_thread_startup) for rt_thread_startup
    main.o(i.main) refers to main.o(i.AppTaskStart) for AppTaskStart
    main.o(i.main) refers to main.o(.data) for start
    systick.o(i.delay_1ms) refers to systick.o(.data) for delay
    systick.o(i.delay_decrement) refers to systick.o(.data) for delay
    systick.o(i.systick_config) refers to systick.o(i.NVIC_SetPriority) for NVIC_SetPriority
    systick.o(i.systick_config) refers to system_gd32f10x.o(.data) for SystemCoreClock
    app.o(i.Air_quality_takeValue) refers to thread.o(i.rt_thread_mdelay) for rt_thread_mdelay
    app.o(i.Air_quality_takeValue) refers to gd32f10x_usart.o(i.usart_enable) for usart_enable
    app.o(i.Air_quality_takeValue) refers to ipc.o(i.rt_sem_take) for rt_sem_take
    app.o(i.Air_quality_takeValue) refers to gd32f10x_usart.o(i.usart_disable) for usart_disable
    app.o(i.Air_quality_takeValue) refers to fs00905b.o(i.FS_DATA_HANDLE) for FS_DATA_HANDLE
    app.o(i.Air_quality_takeValue) refers to kservice.o(i.rt_kprintf) for rt_kprintf
    app.o(i.Air_quality_takeValue) refers to fs00905b.o(i.FS_DATA_DEBUG) for FS_DATA_DEBUG
    app.o(i.Air_quality_takeValue) refers to kservice.o(i.rt_memset) for rt_memset
    app.o(i.Air_quality_takeValue) refers to app.o(.data) for FS_Respond
    app.o(i.Air_quality_takeValue) refers to fs00905b.o(.data) for FS_RX_LEN
    app.o(i.Air_quality_takeValue) refers to fs00905b.o(.bss) for FS_RX_BUF
    app.o(i.MQTT_INIT) refers to 4g_bc28.o(i.BC28_Init) for BC28_Init
    app.o(i.MQTT_INIT) refers to kservice.o(i.rt_kprintf) for rt_kprintf
    app.o(i.MQTT_INIT) refers to 4g_bc28.o(i.MQTT_Init) for MQTT_Init
    app.o(i.MQTT_INIT) refers to thread.o(i.rt_thread_startup) for rt_thread_startup
    app.o(i.MQTT_INIT) refers to thread.o(i.rt_thread_suspend) for rt_thread_suspend
    app.o(i.MQTT_INIT) refers to thread.o(i.rt_thread_mdelay) for rt_thread_mdelay
    app.o(i.MQTT_INIT) refers to app.o(.data) for BC28_Connect
    app.o(i.MQTT_INIT) refers to app.o(.bss) for th6
    app.o(i.MQTT_PUB_DATA) refers to thread.o(i.rt_thread_mdelay) for rt_thread_mdelay
    app.o(i.MQTT_PUB_DATA) refers to user_defined.o(i.JSON_Upper) for JSON_Upper
    app.o(i.MQTT_PUB_DATA) refers to strlen.o(.text) for strlen
    app.o(i.MQTT_PUB_DATA) refers to kservice.o(i.rt_kprintf) for rt_kprintf
    app.o(i.MQTT_PUB_DATA) refers to 4g_bc28.o(i.MQTT_PUB) for MQTT_PUB
    app.o(i.MQTT_PUB_DATA) refers to user_defined.o(.bss) for Json_Buf
    app.o(i.MQTT_PUB_DATA) refers to app.o(.data) for MQTT_Connect
    app.o(i.WLAN_INIT) refers to zigbee_a72.o(i.A72_Init) for A72_Init
    app.o(i.WLAN_INIT) refers to kservice.o(i.rt_kprintf) for rt_kprintf
    app.o(i.WLAN_INIT) refers to thread.o(i.rt_thread_startup) for rt_thread_startup
    app.o(i.WLAN_INIT) refers to thread.o(i.rt_thread_suspend) for rt_thread_suspend
    app.o(i.WLAN_INIT) refers to thread.o(i.rt_thread_mdelay) for rt_thread_mdelay
[...]
    rt_thread_exit                           0x08009c69   Thumb Code    78  thread.o(i.rt_thread_exit)
    rt_thread_idle_excute                    0x08009ce9   Thumb Code   132  idle.o(i.rt_thread_idle_excute)
    rt_thread_idle_init                      0x08009da1   Thumb Code    38  idle.o(i.rt_thread_idle_init)
    rt_thread_init                           0x08009ddd   Thumb Code    74  thread.o(i.rt_thread_init)
    rt_thread_mdelay                         0x08009e59   Thumb Code    20  thread.o(i.rt_thread_mdelay)
    rt_thread_resume                         0x08009e6d   Thumb Code   122  thread.o(i.rt_thread_resume)
    rt_thread_self                           0x08009f09   Thumb Code     6  thread.o(i.rt_thread_self)
    rt_thread_sleep                          0x08009f15   Thumb Code    98  thread.o(i.rt_thread_sleep)
    rt_thread_startup                        0x08009f99   Thumb Code   110  thread.o(i.rt_thread_startup)
    rt_thread_suspend                        0x0800a05d   Thumb Code   130  thread.o(i.rt_thread_suspend)
    rt_thread_timeout                        0x0800a101   Thumb Code    92  thread.o(i.rt_thread_timeout)
    rt_thread_yield                          0x0800a1f9   Thumb Code    92  thread.o(i.rt_thread_yield)
    rt_tick_from_millisecond                 0x0800a25d   Thumb Code    56  clock.o(i.rt_tick_from_millisecond)
    rt_tick_get                              0x0800a295   Thumb Code     6  clock.o(i.rt_tick_get)
    rt_tick_increase                         0x0800a2a1   Thumb Code    42  clock.o(i.rt_tick_increase)
    rt_timer_check                           0x0800a2d1   Thumb Code   208  timer.o(i.rt_timer_check)
    rt_timer_control                         0x0800a3ad   Thumb Code   134  timer.o(i.rt_timer_control)
    rt_timer_detach                          0x0800a489   Thumb Code    90  timer.o(i.rt_timer_detach)
    rt_timer_init                            0x0800a565   Thumb Code    58  timer.o(i.rt_timer_init)
    rt_timer_start                           0x0800a5e5   Thumb Code   354  timer.o(i.rt_timer_start)
    rt_timer_stop                            0x0800a7d9   Thumb Code   102  timer.o(i.rt_timer_stop)
    rt_uart1_init                            0x0800a899   Thumb Code    66  drv_usart.o(i.rt_uart1_init)
    rt_uart3_init                            0x0800a915   Thumb Code    66  drv_usart.o(i.rt_uart3_init)
    rt_usart2_init                           0x0800a991   Thumb Code    66  drv_usart.o(i.rt_usart2_init)
    rt_vsnprintf                             0x0800aa0d   Thumb Code   824  kservice.o(i.rt_vsnprintf)
    rtthread_startup                         0x0800ad5d   Thumb Code    42  components.o(i.rtthread_startup)
    systick_config                           0x0800af05   Thumb Code    74  systick.o(i.systick_config)
    uart3_init                               0x0800af55   Thumb Code   140  drv_usart.o(i.uart3_init)
    usart0_init                              0x0800b0d5   Thumb Code   126  drv_usart.o(i.usart0_init)
    usart1_init                              0x0800b15d   Thumb Code   152  drv_usart.o(i.usart1_init)
    usart2_init                              0x0800b1fd   Thumb Code   146  drv_usart.o(i.usart2_init)
    usart_baudrate_set                       0x0800b299   Thumb Code   136  gd32f10x_usart.o(i.usart_baudrate_set)
    usart_data_receive                       0x0800b329   Thumb Code    10  gd32f10x_usart.o(i.usart_data_receive)
    usart_data_transmit                      0x0800b333   Thumb Code     8  gd32f10x_usart.o(i.usart_data_transmit)
    usart_deinit                             0x0800b33d   Thumb Code   136  gd32f10x_usart.o(i.usart_deinit)
    usart_disable                            0x0800b3cd   Thumb Code    10  gd32f10x_usart.o(i.usart_disable)
    usart_enable                             0x0800b3d7   Thumb Code    10  gd32f10x_usart.o(i.usart_enable)
    usart_flag_get                           0x0800b3e1   Thumb Code    30  gd32f10x_usart.o(i.usart_flag_get)
    usart_hardware_flow_cts_config           0x0800b3ff   Thumb Code    16  gd32f10x_usart.o(i.usart_hardware_flow_cts_config)
    usart_hardware_flow_rts_config           0x0800b40f   Thumb Code    16  gd32f10x_usart.o(i.usart_hardware_flow_rts_config)
    usart_interrupt_enable                   0x0800b41f   Thumb Code    26  gd32f10x_usart.o(i.usart_interrupt_enable)
    usart_interrupt_flag_clear               0x0800b439   Thumb Code    26  gd32f10x_usart.o(i.usart_interrupt_flag_clear)
    usart_interrupt_flag_get                 0x0800b453   Thumb Code    56  gd32f10x_usart.o(i.usart_interrupt_flag_get)
    usart_parity_config                      0x0800b48b   Thumb Code    16  gd32f10x_usart.o(i.usart_parity_config)
    usart_receive_config                     0x0800b49b   Thumb Code    16  gd32f10x_usart.o(i.usart_receive_config)
    usart_stop_bit_set                       0x0800b4ab   Thumb Code    16  gd32f10x_usart.o(i.usart_stop_bit_set)
    usart_transmit_config                    0x0800b4bb   Thumb Code    16  gd32f10x_usart.o(i.usart_transmit_config)
    usart_word_length_set                    0x0800b4cb   Thumb Code    16  gd32f10x_usart.o(i.usart_word_length_set)
    version                                  0x0800b4db   Thumb Code    10  cmd.o(i.version)
    _get_lc_numeric                          0x0800b4e5   Thumb Code    44  lc_numeric_c.o(locale$$code)
    _get_lc_ctype                            0x0800b511   Thumb Code    44  lc_ctype_c.o(locale$$code)
    __aeabi_d2f                              0x0800b53d   Thumb Code     0  d2f.o(x$fpl$d2f)
    _d2f                                     0x0800b53d   Thumb Code    98  d2f.o(x$fpl$d2f)
    __aeabi_dadd                             0x0800b5a1   Thumb Code     0  daddsub_clz.o(x$fpl$dadd)
    _dadd                                    0x0800b5a1   Thumb Code   332  daddsub_clz.o(x$fpl$dadd)
    __aeabi_ddiv                             0x0800b6f1   Thumb Code     0  ddiv.o(x$fpl$ddiv)
    _ddiv                                    0x0800b6f1   Thumb Code   552  ddiv.o(x$fpl$ddiv)
    __fpl_dnaninf                            0x0800b9a1   Thumb Code   156  dnaninf.o(x$fpl$dnaninf)
    __fpl_dretinf                            0x0800ba3d   Thumb Code    12  dretinf.o(x$fpl$dretinf)
    __aeabi_dsub                             0x0800ba49   Thumb Code     0  daddsub_clz.o(x$fpl$dsub)
    _dsub                                    0x0800ba49   Thumb Code   464  daddsub_clz.o(x$fpl$dsub)
    __aeabi_f2d                              0x0800bc1d   Thumb Code     0  f2d.o(x$fpl$f2d)
    _f2d                                     0x0800bc1d   Thumb Code    86  f2d.o(x$fpl$f2d)
    __aeabi_i2f                              0x0800bc75   Thumb Code     0  fflt_clz.o(x$fpl$fflt)
    _fflt                                    0x0800bc75   Thumb Code    48  fflt_clz.o(x$fpl$fflt)
    __aeabi_ui2f                             0x0800bca5   Thumb Code     0  fflt_clz.o(x$fpl$ffltu)
    _ffltu                                   0x0800bca5   Thumb Code    38  fflt_clz.o(x$fpl$ffltu)
    __aeabi_fmul                             0x0800bccd   Thumb Code     0  fmul.o(x$fpl$fmul)
    _fmul                                    0x0800bccd   Thumb Code   258  fmul.o(x$fpl$fmul)
    __fpl_fnaninf                            0x0800bdcf   Thumb Code   140  fnaninf.o(x$fpl$fnaninf)
    __fpl_fretinf                            0x0800be5b   Thumb Code    10  fretinf.o(x$fpl$fretinf)
    _printf_fp_dec                           0x0800be65   Thumb Code     4  printf1.o(x$fpl$printf1)
    _printf_fp_hex                           0x0800be69   Thumb Code     4  printf2.o(x$fpl$printf2)
    __I$use$fp                               0x0800be6c   Number         0  usenofp.o(x$fpl$usenofp)
    __lowest_bit_bitmap                      0x0800c243   Data         256  kservice.o(.constdata)
    __fsym___cmd_a72_information_name        0x0800c966   Data          22  drv_a72.o(.rodata.name)
    __fsym___cmd_a72_information_desc        0x0800c97c   Data          22  drv_a72.o(.rodata.name)
    __fsym___cmd_a72_reset_name              0x0800c992   Data          16  drv_a72.o(.rodata.name)
    __fsym___cmd_a72_reset_desc              0x0800c9a2   Data          13  drv_a72.o(.rodata.name)
    __fsym___cmd_a72_rfs_name                0x0800c9af   Data          14  drv_a72.o(.rodata.name)
    __fsym___cmd_a72_rfs_desc                0x0800c9bd   Data          11  drv_a72.o(.rodata.name)
    __fsym___cmd_a72_init_name               0x0800c9c8   Data          15  drv_a72.o(.rodata.name)
    __fsym___cmd_a72_init_desc               0x0800c9d7   Data          12  drv_a72.o(.rodata.name)
    __fsym___cmd_pb14_name                   0x0800c9e3   Data          11  drv_bc28.o(.rodata.name)
    __fsym___cmd_pb14_desc                   0x0800c9ee   Data          14  drv_bc28.o(.rodata.name)
    __fsym___cmd_pb13_name                   0x0800c9fc   Data          11  drv_bc28.o(.rodata.name)
    __fsym___cmd_pb13_desc                   0x0800ca07   Data          14  drv_bc28.o(.rodata.name)
    __fsym___cmd_pb12_name                   0x0800ca15   Data          11  drv_bc28.o(.rodata.name)
    __fsym___cmd_pb12_desc                   0x0800ca20   Data          14  drv_bc28.o(.rodata.name)
    __fsym___cmd_pb1_name                    0x0800ca2e   Data          10  drv_bc28.o(.rodata.name)
    __fsym___cmd_pb1_desc                    0x0800ca38   Data          14  drv_bc28.o(.rodata.name)
    __fsym___cmd_pb0_name                    0x0800ca46   Data          10  drv_bc28.o(.rodata.name)
    __fsym___cmd_pb0_desc                    0x0800ca50   Data          14  drv_bc28.o(.rodata.name)
    __fsym___cmd_pc5_name                    0x0800ca5e   Data          10  drv_bc28.o(.rodata.name)
    __fsym___cmd_pc5_desc                    0x0800ca68   Data          14  drv_bc28.o(.rodata.name)
    __fsym___cmd_aliyun_tem_name             0x0800ca76   Data          17  drv_bc28.o(.rodata.name)
    __fsym___cmd_aliyun_tem_desc             0x0800ca87   Data          37  drv_bc28.o(.rodata.name)
    __fsym_hello_name                        0x0800caac   Data           6  cmd.o(.rodata.name)
    __fsym_hello_desc                        0x0800cab2   Data          16  cmd.o(.rodata.name)
    __fsym_version_name                      0x0800cac2   Data           8  cmd.o(.rodata.name)
    __fsym_version_desc                      0x0800caca   Data          35  cmd.o(.rodata.name)
    __fsym___cmd_version_name                0x0800caed   Data          14  cmd.o(.rodata.name)
    __fsym___cmd_version_desc                0x0800cafb   Data          35  cmd.o(.rodata.name)
    __fsym_list_thread_name                  0x0800cb1e   Data          12  cmd.o(.rodata.name)
    __fsym_list_thread_desc                  0x0800cb2a   Data          12  cmd.o(.rodata.name)
    __fsym___cmd_list_thread_name            0x0800cb36   Data          18  cmd.o(.rodata.name)
    __fsym___cmd_list_thread_desc            0x0800cb48   Data          12  cmd.o(.rodata.name)
    __fsym_list_sem_name                     0x0800cb54   Data           9  cmd.o(.rodata.name)
    __fsym_list_sem_desc                     0x0800cb5d   Data          25  cmd.o(.rodata.name)
    __fsym___cmd_list_sem_name               0x0800cb76   Data          15  cmd.o(.rodata.name)
    __fsym___cmd_list_sem_desc               0x0800cb85   Data          25  cmd.o(.rodata.name)
    __fsym_list_event_name                   0x0800cb9e   Data          11  cmd.o(.rodata.name)
    __fsym_list_event_desc                   0x0800cba9   Data          21  cmd.o(.rodata.name)
    __fsym___cmd_list_event_name             0x0800cbbe   Data          17  cmd.o(.rodata.name)
    __fsym___cmd_list_event_desc             0x0800cbcf   Data          21  cmd.o(.rodata.name)
    __fsym_list_mutex_name                   0x0800cbe4   Data          11  cmd.o(.rodata.name)
    __fsym_list_mutex_desc                   0x0800cbef   Data          21  cmd.o(.rodata.name)
    __fsym___cmd_list_mutex_name             0x0800cc04   Data          17  cmd.o(.rodata.name)
    __fsym___cmd_list_mutex_desc             0x0800cc15   Data          21  cmd.o(.rodata.name)
    __fsym_list_mailbox_name                 0x0800cc2a   Data          13  cmd.o(.rodata.name)
    __fsym_list_mailbox_desc                 0x0800cc37   Data          24  cmd.o(.rodata.name)
    __fsym___cmd_list_mailbox_name           0x0800cc4f   Data          19  cmd.o(.rodata.name)
    __fsym___cmd_list_mailbox_desc           0x0800cc62   Data          24  cmd.o(.rodata.name)
    __fsym_list_msgqueue_name                0x0800cc7a   Data          14  cmd.o(.rodata.name)
    __fsym_list_msgqueue_desc                0x0800cc88   Data          29  cmd.o(.rodata.name)
    __fsym___cmd_list_msgqueue_name          0x0800cca5   Data          20  cmd.o(.rodata.name)
    __fsym___cmd_list_msgqueue_desc          0x0800ccb9   Data          29  cmd.o(.rodata.name)
    __fsym_list_timer_name                   0x0800ccd6   Data          11  cmd.o(.rodata.name)
    __fsym_list_timer_desc                   0x0800cce1   Data          21  cmd.o(.rodata.name)
    __fsym___cmd_list_timer_name             0x0800ccf6   Data          17  cmd.o(.rodata.name)
    __fsym___cmd_list_timer_desc             0x0800cd07   Data          21  cmd.o(.rodata.name)
    __fsym_list_device_name                  0x0800cd1c   Data          12  cmd.o(.rodata.name)
    __fsym_list_device_desc                  0x0800cd28   Data          22  cmd.o(.rodata.name)
    __fsym___cmd_list_device_name            0x0800cd3e   Data          18  cmd.o(.rodata.name)
    __fsym___cmd_list_device_desc            0x0800cd50   Data          22  cmd.o(.rodata.name)
    __fsym_list_name                         0x0800cd66   Data           5  cmd.o(.rodata.name)
    __fsym_list_desc                         0x0800cd6b   Data          26  cmd.o(.rodata.name)
    __fsym___cmd_help_name                   0x0800cd85   Data          11  msh.o(.rodata.name)
    __fsym___cmd_help_desc                   0x0800cd90   Data          22  msh.o(.rodata.name)
    __fsym___cmd_ps_name                     0x0800cda6   Data           9  msh.o(.rodata.name)
    __fsym___cmd_ps_desc                     0x0800cdaf   Data          28  msh.o(.rodata.name)
    __fsym___cmd_free_name                   0x0800cdcb   Data          11  msh.o(.rodata.name)
    __fsym___cmd_free_desc                   0x0800cdd6   Data          37  msh.o(.rodata.name)
    __fsym_list_mem_name                     0x0800cdfb   Data           9  mem.o(.rodata.name)
    __fsym_list_mem_desc                     0x0800ce04   Data          30  mem.o(.rodata.name)
    __fsym___cmd_reboot_name                 0x0800ce22   Data          13  board.o(.rodata.name)
    __fsym___cmd_reboot_desc                 0x0800ce2f   Data          14  board.o(.rodata.name)
    __rt_init_rti_start                      0x0800ce40   Data           4  components.o(.rti_fn.0)
    __rt_init_rti_board_start                0x0800ce44   Data           4  components.o(.rti_fn.0.end)
    __rt_init_uart_init                      0x0800ce48   Data           4  board.o(.rti_fn.1)
    __rt_init_rti_board_end                  0x0800ce4c   Data           4  components.o(.rti_fn.1.end)
    __rt_init_rt_uart1_init                  0x0800ce50   Data           4  drv_usart.o(.rti_fn.3)
    __rt_init_rt_usart2_init                 0x0800ce54   Data           4  drv_usart.o(.rti_fn.3)
    __rt_init_rt_uart3_init                  0x0800ce58   Data           4  drv_usart.o(.rti_fn.3)
    __rt_init_rt_A72_init                    0x0800ce5c   Data           4  drv_a72.o(.rti_fn.3)
    __rt_init_rt_BC28_init                   0x0800ce60   Data           4  drv_bc28.o(.rti_fn.3)
    __rt_init_finsh_system_init              0x0800ce64   Data           4  shell.o(.rti_fn.6)
    __rt_init_rti_end                        0x0800ce68   Data           4  components.o(.rti_fn.6.end)
    FSymTab$$Base                            0x0800ce6c   Number         0  drv_a72.o(FSymTab)
    __fsym___cmd_a72_information             0x0800ce6c   Data          12  drv_a72.o(FSymTab)
    __fsym___cmd_a72_reset                   0x0800ce78   Data          12  drv_a72.o(FSymTab)
    __fsym___cmd_a72_rfs                     0x0800ce84   Data          12  drv_a72.o(FSymTab)
    __fsym___cmd_a72_init                    0x0800ce90   Data          12  drv_a72.o(FSymTab)
    __fsym___cmd_pb14                        0x0800ce9c   Data          12  drv_bc28.o(FSymTab)
    __fsym___cmd_pb13                        0x0800cea8   Data          12  drv_bc28.o(FSymTab)
    __fsym___cmd_pb12                        0x0800ceb4   Data          12  drv_bc28.o(FSymTab)
    __fsym___cmd_pb1                         0x0800cec0   Data          12  drv_bc28.o(FSymTab)
    __fsym___cmd_pb0                         0x0800cecc   Data          12  drv_bc28.o(FSymTab)
    __fsym___cmd_pc5                         0x0800ced8   Data          12  drv_bc28.o(FSymTab)
    __fsym___cmd_aliyun_tem                  0x0800cee4   Data          12  drv_bc28.o(FSymTab)
    __fsym_hello                             0x0800cef0   Data          12  cmd.o(FSymTab)
    __fsym_version                           0x0800cefc   Data          12  cmd.o(FSymTab)
    __fsym___cmd_version                     0x0800cf08   Data          12  cmd.o(FSymTab)
    __fsym_list_thread                       0x0800cf14   Data          12  cmd.o(FSymTab)
    __fsym___cmd_list_thread                 0x0800cf20   Data          12  cmd.o(FSymTab)
    __fsym_list_sem                          0x0800cf2c   Data          12  cmd.o(FSymTab)
    __fsym___cmd_list_sem                    0x0800cf38   Data          12  cmd.o(FSymTab)
    __fsym_list_event                        0x0800cf44   Data          12  cmd.o(FSymTab)
    __fsym___cmd_list_event                  0x0800cf50   Data          12  cmd.o(FSymTab)
    __fsym_list_mutex                        0x0800cf5c   Data          12  cmd.o(FSymTab)
    __fsym___cmd_list_mutex                  0x0800cf68   Data          12  cmd.o(FSymTab)
    __fsym_list_mailbox                      0x0800cf74   Data          12  cmd.o(FSymTab)
    __fsym___cmd_list_mailbox                0x0800cf80   Data          12  cmd.o(FSymTab)
    __fsym_list_msgqueue                     0x0800cf8c   Data          12  cmd.o(FSymTab)
    __fsym___cmd_list_msgqueue               0x0800cf98   Data          12  cmd.o(FSymTab)
    __fsym_list_timer                        0x0800cfa4   Data          12  cmd.o(FSymTab)
    __fsym___cmd_list_timer                  0x0800cfb0   Data          12  cmd.o(FSymTab)
    __fsym_list_device                       0x0800cfbc   Data          12  cmd.o(FSymTab)
    __fsym___cmd_list_device                 0x0800cfc8   Data          12  cmd.o(FSymTab)
    __fsym_list                              0x0800cfd4   Data          12  cmd.o(FSymTab)
    __fsym___cmd_help                        0x0800cfe0   Data          12  msh.o(FSymTab)
    __fsym___cmd_ps                          0x0800cfec   Data          12  msh.o(FSymTab)
    __fsym___cmd_free                        0x0800cff8   Data          12  msh.o(FSymTab)
    __fsym_list_mem                          0x0800d004   Data          12  mem.o(FSymTab)
    __fsym___cmd_reboot                      0x0800d010   Data          12  board.o(FSymTab)
    FSymTab$$Limit                           0x0800d01c   Number         0  board.o(FSymTab)
    Region$$Table$$Base                      0x0800d01c   Number         0  anon$$obj.o(Region$$Table)
    Region$$Table$$Limit                     0x0800d03c   Number         0  anon$$obj.o(Region$$Table)
    __ctype                                  0x0800d065   Data           0  lc_ctype_c.o(locale$$data)
    start                                    0x20000000   Data           4  main.o(.data)
    A72_Respond                              0x20000004   Data           4  app.o(.data)
    A72_Connect                              0x20000008   Data           4  app.o(.data)
    A72_Data_handle                          0x2000000c   Data           4  app.o(.data)
    FS_Respond                               0x20000010   Data           4  app.o(.data)
    BC28_Respond                             0x20000014   Data           4  app.o(.data)
    WaterValve                               0x20000018   Data           4  app.o(.data)
    A72_Device_Connect                       0x2000001c   Data           1  app.o(.data)
    A72_Cheak                                0x20000020   Data           4  app.o(.data)
    BC28_Connect                             0x20000024   Data           1  app.o(.data)
    MQTT_Connect                             0x20000025   Data           1  app.o(.data)
    WaterValveLen                            0x20000028   Data           4  app.o(.data)
    WaterValve_RX                            0x2000002c   Data           1  app.o(.data)
    STATE_NODE_BUF                           0x2000002d   Data           6  app.o(.data)
    A72_dev                                  0x20000034   Data           4  zigbee_a72.o(.data)
    _RFS                                     0x20000038   Data           6  zigbee_a72.o(.data)
    _RESET                                   0x2000003e   Data           6  zigbee_a72.o(.data)
    READ_ADDERSS                             0x20000044   Data           6  zigbee_a72.o(.data)
    Device_Type                              0x2000004a   Data           6  zigbee_a72.o(.data)
    CreateNet                                0x20000050   Data           6  zigbee_a72.o(.data)
    SEND_MODE_IEEE                           0x20000056   Data           4  zigbee_a72.o(.data)
    SEND_MODE_SHORT                          0x2000005a   Data           4  zigbee_a72.o(.data)
    SEND_MODE_BROADCAST                      0x2000005e   Data           4  zigbee_a72.o(.data)
    FS_Ver                                   0x20000062   Data           2  fs00905b.o(.data)
    FS_RX_FLAG                               0x20000064   Data           1  fs00905b.o(.data)
    FS_RX_LEN                                0x20000066   Data           2  fs00905b.o(.data)
    BC28_RX_FLAG                             0x2000006e   Data           1  4g_bc28.o(.data)
    BC28_RX_DATA_LEN                         0x20000070   Data           2  4g_bc28.o(.data)
    STATE_NODE                               0x20000072   Data           6  user_defined.o(.data)
    node1_data                               0x20000078   Data           8  user_defined.o(.data)
    node2_data                               0x20000080   Data           8  user_defined.o(.data)
    node3_data                               0x20000088   Data           8  user_defined.o(.data)
    node4_data                               0x20000090   Data           8  user_defined.o(.data)
    node5_data                               0x20000098   Data           8  user_defined.o(.data)
    node6_data                               0x200000a0   Data           8  user_defined.o(.data)
    SystemCoreClock                          0x200000a8   Data           4  system_gd32f10x.o(.data)
    u1_dev                                   0x200000ac   Data           4  drv_usart.o(.data)
    u2_dev                                   0x200000b0   Data           4  drv_usart.o(.data)
    u3_dev                                   0x200000b4   Data           4  drv_usart.o(.data)
    TSET_INTERRUPT                           0x200000b8   Data           4  drv_usart.o(.data)
    BC28_dev                                 0x200000c0   Data           4  drv_bc28.o(.data)
    _syscall_table_begin                     0x200000c4   Data           4  shell.o(.data)
    _syscall_table_end                       0x200000c8   Data           4  shell.o(.data)
    _sysvar_table_begin                      0x200000cc   Data           4  shell.o(.data)
    _sysvar_table_end                        0x200000d0   Data           4  shell.o(.data)
    shell                                    0x200000d4   Data           4  shell.o(.data)
    rt_interrupt_from_thread                 0x200000dc   Data           4  cpuport.o(.data)
    rt_interrupt_to_thread                   0x200000e0   Data           4  cpuport.o(.data)
    rt_thread_switch_interrupt_flag          0x200000e4   Data           4  cpuport.o(.data)
    rt_interrupt_nest                        0x200000f8   Data           1  irq.o(.data)
    rt_assert_hook                           0x20000104   Data           4  kservice.o(.data)
    rt_object_trytake_hook                   0x200001b0   Data           4  object.o(.data)
    rt_object_take_hook                      0x200001b4   Data           4  object.o(.data)
    rt_object_put_hook                       0x200001b8   Data           4  object.o(.data)
    rt_thread_ready_priority_group           0x200001bc   Data           4  scheduler.o(.data)
    rt_current_thread                        0x200001c4   Data           4  scheduler.o(.data)
    rt_current_priority                      0x200001c8   Data           1  scheduler.o(.data)
    rt_thread_defunct                        0x200001cc   Data           8  scheduler.o(.data)
    th1                                      0x20000204   Data         128  app.o(.bss)
    th1_stack                                0x20000284   Data        1024  app.o(.bss)
    th2                                      0x20000684   Data         128  app.o(.bss)
    th2_stack                                0x20000704   Data        2048  app.o(.bss)
    th3                                      0x20000f04   Data         128  app.o(.bss)
    th3_stack                                0x20000f84   Data        1024  app.o(.bss)
    th4                                      0x20001384   Data         128  app.o(.bss)
    th4_stack                                0x20001404   Data        1024  app.o(.bss)
    th5                                      0x20001804   Data         128  app.o(.bss)
    th5_stack                                0x20001884   Data        1024  app.o(.bss)
    th6                                      0x20001c84   Data         128  app.o(.bss)
    th6_stack                                0x20001d04   Data        1024  app.o(.bss)
    th7                                      0x20002104   Data         128  app.o(.bss)
    th7_stack                                0x20002184   Data        1024  app.o(.bss)
    A72_send_order_buf                       0x20002584   Data          20  zigbee_a72.o(.bss)
    A72_send_data_buf                        0x20002598   Data         100  zigbee_a72.o(.bss)
    A72_RX_BUF                               0x200025fc   Data         128  zigbee_a72.o(.bss)
    _value                                   0x2000267c   Data          35  zigbee_a72.o(.bss)
    FS_RX_BUF                                0x200026a0   Data          64  fs00905b.o(.bss)
    air_quality                              0x200026e0   Data          34  fs00905b.o(.bss)
    BC28_RX_BUF                              0x20002702   Data         200  4g_bc28.o(.bss)
    Json_Buf                                 0x200027ca   Data        1024  user_defined.o(.bss)
    USART2_RX_BUF                            0x20002bd0   Data          64  drv_usart.o(.bss)
    bc28_10ms                                0x20002c90   Data          44  drv_bc28.o(.bss)
    rt_thread_priority_table                 0x200030f4   Data         256  scheduler.o(.bss)
    __libspace_start                         0x20007074   Data          96  libspace.o(.bss)
    __temporary_stack_top$libspace           0x200070d4   Data           0  libspace.o(.bss)



==============================================================================

Memory Map of the image

  Image Entry point : 0x08000131

  Load Region LR_IROM1 (Base: 0x08000000, Size: 0x0000d36c, Max: 0x00080000, ABSOLUTE, COMPRESSED[0x0000d1e0])

    Execution Region ER_IROM1 (Exec base: 0x08000000, Load base: 0x08000000, Size: 0x0000d168, Max: 0x00080000, ABSOLUTE)

    Exec Addr    Load Addr    Size         Type   Attr      Idx    E Section Name        Object

    0x08000000   0x08000000   0x00000130   Data   RO          629    RESET               startup_gd32f10x_hd.o
    0x08000130   0x08000130   0x00000008   Code   RO         6267  * !!!main             c_w.l(__main.o)
    0x08000138   0x08000138   0x00000034   Code   RO         6592    !!!scatter          c_w.l(__scatter.o)
    0x0800016c   0x0800016c   0x0000005a   Code   RO         6590    !!dczerorl2         c_w.l(__dczerorl2.o)
    0x080001c6   0x080001c6   0x00000002   PAD
    0x080001c8   0x080001c8   0x0000001c   Code   RO         6594    !!handler_zi        c_w.l(__scatter_zi.o)
    0x080001e4   0x080001e4   0x00000000   Code   RO         6246    .ARM.Collect$$_printf_percent$$00000000  c_w.l(_printf_percent.o)
    0x080001e4   0x080001e4   0x00000006   Code   RO         6345    .ARM.Collect$$_printf_percent$$00000001  c_w.l(_printf_n.o)
    0x080001ea   0x080001ea   0x00000006   Code   RO         6347    .ARM.Collect$$_printf_percent$$00000002  c_w.l(_printf_p.o)
    0x080001f0   0x080001f0   0x00000006   Code   RO         6245    .ARM.Collect$$_printf_percent$$00000003  c_w.l(_printf_f.o)
    0x080001f6   0x080001f6   0x00000006   Code   RO         6351    .ARM.Collect$$_printf_percent$$00000004  c_w.l(_printf_e.o)
    0x080001fc   0x080001fc   0x00000006   Code   RO         6352    .ARM.Collect$$_printf_percent$$00000005  c_w.l(_printf_g.o)
    0x08000202   0x08000202   0x00000006   Code   RO         6353    .ARM.Collect$$_printf_percent$$00000006  c_w.l(_printf_a.o)
    0x08000208   0x08000208   0x0000000a   Code   RO         6358    .ARM.Collect$$_printf_percent$$00000007  c_w.l(_printf_ll.o)
    0x08000212   0x08000212   0x00000006   Code   RO         6349    .ARM.Collect$$_printf_percent$$00000008  c_w.l(_printf_i.o)
    0x08000218   0x08000218   0x00000006   Code   RO         6244    .ARM.Collect$$_printf_percent$$00000009  c_w.l(_printf_d.o)
    0x0800021e   0x0800021e   0x00000006   Code   RO         6350    .ARM.Collect$$_printf_percent$$0000000A  c_w.l(_printf_u.o)
    0x08000224   0x08000224   0x00000006   Code   RO         6348    .ARM.Collect$$_printf_percent$$0000000B  c_w.l(_printf_o.o)
    0x0800022a   0x0800022a   0x00000006   Code   RO         6346    .ARM.Collect$$_printf_percent$$0000000C  c_w.l(_printf_x.o)
    0x08000230   0x08000230   0x00000006   Code   RO         6355    .ARM.Collect$$_printf_percent$$0000000D  c_w.l(_printf_lli.o)
    0x08000236   0x08000236   0x00000006   Code   RO         6356    .ARM.Collect$$_printf_percent$$0000000E  c_w.l(_printf_lld.o)
    0x0800023c   0x0800023c   0x00000006   Code   RO         6357    .ARM.Collect$$_printf_percent$$0000000F  c_w.l(_printf_llu.o)
    0x08000242   0x08000242   0x00000006   Code   RO         6362    .ARM.Collect$$_printf_percent$$00000010  c_w.l(_printf_llo.o)
    0x08000248   0x08000248   0x00000006   Code   RO         6363    .ARM.Collect$$_printf_percent$$00000011  c_w.l(_printf_llx.o)
    0x0800024e   0x0800024e   0x0000000a   Code   RO         6359    .ARM.Collect$$_printf_percent$$00000012  c_w.l(_printf_l.o)
    0x08000258   0x08000258   0x00000006   Code   RO         6344    .ARM.Collect$$_printf_percent$$00000013  c_w.l(_printf_c.o)
    0x0800025e   0x0800025e   0x00000006   Code   RO         6243    .ARM.Collect$$_printf_percent$$00000014  c_w.l(_printf_s.o)
    0x08000264   0x08000264   0x00000006   Code   RO         6360    .ARM.Collect$$_printf_percent$$00000015  c_w.l(_printf_lc.o)
    0x0800026a   0x0800026a   0x00000006   Code   RO         6361    .ARM.Collect$$_printf_percent$$00000016  c_w.l(_printf_ls.o)
    0x08000270   0x08000270   0x00000004   Code   RO         6354    .ARM.Collect$$_printf_percent$$00000017  c_w.l(_printf_percent_end.o)
    0x08000274   0x08000274   0x00000002   Code   RO         6460    .ARM.Collect$$libinit$$00000000  c_w.l(libinit.o)
    0x08000276   0x08000276   0x00000000   Code   RO         6462    .ARM.Collect$$libinit$$00000002  c_w.l(libinit2.o)
    0x08000276   0x08000276   0x00000000   Code   RO         6464    .ARM.Collect$$libinit$$00000004  c_w.l(libinit2.o)
    0x08000276   0x08000276   0x00000000   Code   RO         6467    .ARM.Collect$$libinit$$0000000A  c_w.l(libinit2.o)
    0x08000276   0x08000276   0x00000000   Code   RO         6469    .ARM.Collect$$libinit$$0000000C  c_w.l(libinit2.o)
    0x08000276   0x08000276   0x00000000   Code   RO         6471    .ARM.Collect$$libinit$$0000000E  c_w.l(libinit2.o)
    0x08000276   0x08000276   0x00000006   Code   RO         6472    .ARM.Collect$$libinit$$0000000F  c_w.l(libinit2.o)
    0x0800027c   0x0800027c   0x00000000   Code   RO         6474    .ARM.Collect$$libinit$$00000011  c_w.l(libinit2.o)
    0x0800027c   0x0800027c   0x0000000c   Code   RO         6475    .ARM.Collect$$libinit$$00000012  c_w.l(libinit2.o)
    0x08000288   0x08000288   0x00000000   Code   RO         6476    .ARM.Collect$$libinit$$00000013  c_w.l(libinit2.o)
    0x08000288   0x08000288   0x00000000   Code   RO         6478    .ARM.Collect$$libinit$$00000015  c_w.l(libinit2.o)
    0x08000288   0x08000288   0x0000000a   Code   RO         6479    .ARM.Collect$$libinit$$00000016  c_w.l(libinit2.o)
    0x08000292   0x08000292   0x00000000   Code   RO         6480    .ARM.Collect$$libinit$$00000017  c_w.l(libinit2.o)
    0x08000292   0x08000292   0x00000000   Code   RO         6482    .ARM.Collect$$libinit$$00000019  c_w.l(libinit2.o)
    0x08000292   0x08000292   0x00000000   Code   RO         6484    .ARM.Collect$$libinit$$0000001B  c_w.l(libinit2.o)
    0x08000292   0x08000292   0x00000000   Code   RO         6486    .ARM.Collect$$libinit$$0000001D  c_w.l(libinit2.o)
    0x08000292   0x08000292   0x00000000   Code   RO         6488    .ARM.Collect$$libinit$$0000001F  c_w.l(libinit2.o)
    0x08000292   0x08000292   0x00000000   Code   RO         6490    .ARM.Collect$$libinit$$00000021  c_w.l(libinit2.o)
    0x08000292   0x08000292   0x00000000   Code   RO         6492    .ARM.Collect$$libinit$$00000023  c_w.l(libinit2.o)
    0x08000292   0x08000292   0x00000000   Code   RO         6494    .ARM.Collect$$libinit$$00000025  c_w.l(libinit2.o)
    0x08000292   0x08000292   0x00000000   Code   RO         6498    .ARM.Collect$$libinit$$0000002C  c_w.l(libinit2.o)
    0x08000292   0x08000292   0x00000000   Code   RO         6500    .ARM.Collect$$libinit$$0000002E  c_w.l(libinit2.o)
    0x08000292   0x08000292   0x00000000   Code   RO         6502    .ARM.Collect$$libinit$$00000030  c_w.l(libinit2.o)
    0x08000292   0x08000292   0x00000000   Code   RO         6504    .ARM.Collect$$libinit$$00000032  c_w.l(libinit2.o)
    0x08000292   0x08000292   0x00000002   Code   RO         6505    .ARM.Collect$$libinit$$00000033  c_w.l(libinit2.o)
    0x08000294   0x08000294   0x00000002   Code   RO         6538    .ARM.Collect$$libshutdown$$00000000  c_w.l(libshutdown.o)
    0x08000296   0x08000296   0x00000000   Code   RO         6549    .ARM.Collect$$libshutdown$$00000002  c_w.l(libshutdown2.o)
    0x08000296   0x08000296   0x00000000   Code   RO         6551    .ARM.Collect$$libshutdown$$00000004  c_w.l(libshutdown2.o)
    0x08000296   0x08000296   0x00000000   Code   RO         6554    .ARM.Collect$$libshutdown$$00000007  c_w.l(libshutdown2.o)
    0x08000296   0x08000296   0x00000000   Code   RO         6557    .ARM.Collect$$libshutdown$$0000000A  c_w.l(libshutdown2.o)
    0x08000296   0x08000296   0x00000000   Code   RO         6559    .ARM.Collect$$libshutdown$$0000000C  c_w.l(libshutdown2.o)
    0x08000296   0x08000296   0x00000000   Code   RO         6562    .ARM.Collect$$libshutdown$$0000000F  c_w.l(libshutdown2.o)
    0x08000296   0x08000296   0x00000002   Code   RO         6563    .ARM.Collect$$libshutdown$$00000010  c_w.l(libshutdown2.o)
    0x08000298   0x08000298   0x00000000   Code   RO         6293    .ARM.Collect$$rtentry$$00000000  c_w.l(__rtentry.o)
    0x08000298   0x08000298   0x00000000   Code   RO         6380    .ARM.Collect$$rtentry$$00000002  c_w.l(__rtentry2.o)
    0x08000298   0x08000298   0x00000006   Code   RO         6392    .ARM.Collect$$rtentry$$00000004  c_w.l(__rtentry4.o)
    0x0800029e   0x0800029e   0x00000000   Code   RO         6382    .ARM.Collect$$rtentry$$00000009  c_w.l(__rtentry2.o)
    0x0800029e   0x0800029e   0x00000004   Code   RO         6383    .ARM.Collect$$rtentry$$0000000A  c_w.l(__rtentry2.o)
    0x080002a2   0x080002a2   0x00000000   Code   RO         6385    .ARM.Collect$$rtentry$$0000000C  c_w.l(__rtentry2.o)
    0x080002a2   0x080002a2   0x00000008   Code   RO         6386    .ARM.Collect$$rtentry$$0000000D  c_w.l(__rtentry2.o)
    0x080002aa   0x080002aa   0x00000002   Code   RO         6506    .ARM.Collect$$rtexit$$00000000  c_w.l(rtexit.o)
    0x080002ac   0x080002ac   0x00000000   Code   RO         6516    .ARM.Collect$$rtexit$$00000002  c_w.l(rtexit2.o)
    0x080002ac   0x080002ac   0x00000004   Code   RO         6517    .ARM.Collect$$rtexit$$00000003  c_w.l(rtexit2.o)
    0x080002b0   0x080002b0   0x00000006   Code   RO         6518    .ARM.Collect$$rtexit$$00000004  c_w.l(rtexit2.o)
    0x080002b6   0x080002b6   0x00000002   PAD
    0x080002b8   0x080002b8   0x00000040   Code   RO          630    .text               startup_gd32f10x_hd.o
    0x080002f8   0x080002f8   0x000000f4   Code   RO         4808    .text               context_rvds.o
    0x080003ec   0x080003ec   0x00000026   Code   RO         6209    .text               c_w.l(llushr.o)
    0x08000412   0x08000412   0x00000002   PAD
    0x08000414   0x08000414   0x00000034   Code   RO         6211    .text               c_w.l(vsnprintf.o)
    0x08000448   0x08000448   0x0000002c   Code   RO         6213    .text               c_w.l(__2sprintf.o)
    0x08000474   0x08000474   0x00000052   Code   RO         6219    .text               c_w.l(_printf_str.o)
    0x080004c6   0x080004c6   0x00000002   PAD
    0x080004c8   0x080004c8   0x00000078   Code   RO         6221    .text               c_w.l(_printf_dec.o)
    0x08000540   0x08000540   0x00000188   Code   RO         6240    .text               c_w.l(__printf_flags_ss_wp.o)
    0x080006c8   0x080006c8   0x00000024   Code   RO         6247    .text               c_w.l(strstr.o)
    0x080006ec   0x080006ec   0x00000048   Code   RO         6249    .text               c_w.l(strcpy.o)
    0x08000734   0x08000734   0x0000003e   Code   RO         6251    .text               c_w.l(strlen.o)
    0x08000772   0x08000772   0x00000096   Code   RO         6253    .text               c_w.l(strncmp.o)
    0x08000808   0x08000808   0x00000018   Code   RO         6255    .text               c_w.l(strcat.o)
    0x08000820   0x08000820   0x00000064   Code   RO         6257    .text               c_w.l(rt_memcpy_w.o)
    0x08000884   0x08000884   0x00000044   Code   RO         6259    .text               c_w.l(rt_memclr.o)
    0x080008c8   0x080008c8   0x0000004e   Code   RO         6261    .text               c_w.l(rt_memclr_w.o)
    0x08000916   0x08000916   0x00000056   Code   RO         6263    .text               c_w.l(strncpy.o)
    0x0800096c   0x0800096c   0x00000006   Code   RO         6265    .text               c_w.l(heapauxi.o)
    0x08000972   0x08000972   0x0000004e   Code   RO         6294    .text               c_w.l(_printf_pad.o)
    0x080009c0   0x080009c0   0x00000024   Code   RO         6296    .text               c_w.l(_printf_truncate.o)
    0x080009e4   0x080009e4   0x000000b2   Code   RO         6298    .text               c_w.l(_printf_intcommon.o)
    0x08000a96   0x08000a96   0x00000028   Code   RO         6300    .text               c_w.l(_printf_charcount.o)
    0x08000abe   0x08000abe   0x0000041e   Code   RO         6302    .text               c_w.l(_printf_fp_dec.o)
    0x08000edc   0x08000edc   0x00000030   Code   RO         6304    .text               c_w.l(_printf_char_common.o)
    0x08000f0c   0x08000f0c   0x0000000a   Code   RO         6306    .text               c_w.l(_sputc.o)
    0x08000f16   0x08000f16   0x00000010   Code   RO         6308    .text               c_w.l(_snputc.o)
    0x08000f26   0x08000f26   0x0000002c   Code   RO         6310    .text               c_w.l(_printf_char.o)
    0x08000f52   0x08000f52   0x00000002   PAD
    0x08000f54   0x08000f54   0x000000bc   Code   RO         6312    .text               c_w.l(_printf_wctomb.o)
    0x08001010   0x08001010   0x0000007c   Code   RO         6315    .text               c_w.l(_printf_longlong_dec.o)
    0x0800108c   0x0800108c   0x00000070   Code   RO         6321    .text               c_w.l(_printf_oct_int_ll.o)
    0x080010fc   0x080010fc   0x00000094   Code   RO         6341    .text               c_w.l(_printf_hex_int_ll_ptr.o)
    0x08001190   0x08001190   0x00000008   Code   RO         6397    .text               c_w.l(rt_locale_intlibspace.o)
    0x08001198   0x08001198   0x0000008a   Code   RO         6399    .text               c_w.l(lludiv10.o)
    0x08001222   0x08001222   0x00000002   PAD
    0x08001224   0x08001224   0x000002fc   Code   RO         6401    .text               c_w.l(_printf_fp_hex.o)
    0x08001520   0x08001520   0x00000080   Code   RO         6404    .text               c_w.l(_printf_fp_infnan.o)
    0x080015a0   0x080015a0   0x0000002c   Code   RO         6408    .text               c_w.l(_printf_wchar.o)
    0x080015cc   0x080015cc   0x000000e4   Code   RO         6410    .text               c_w.l(bigflt0.o)
    0x080016b0   0x080016b0   0x00000040   Code   RO         6435    .text               c_w.l(_wcrtomb.o)
    0x080016f0   0x080016f0   0x00000008   Code   RO         6444    .text               c_w.l(libspace.o)
    0x080016f8   0x080016f8   0x0000004a   Code   RO         6447    .text               c_w.l(sys_stackheap_outer.o)
    0x08001742   0x08001742   0x00000002   PAD
    0x08001744   0x08001744   0x00000010   Code   RO         6449    .text               c_w.l(rt_ctype_table.o)
    0x08001754   0x08001754   0x00000012   Code   RO         6451    .text               c_w.l(exit.o)
    0x08001766   0x08001766   0x00000002   PAD
    0x08001768   0x08001768   0x00000080   Code   RO         6453    .text               c_w.l(strcmpv7m.o)
    0x080017e8   0x080017e8   0x0000000c   Code   RO         6528    .text               c_w.l(sys_exit.o)
    0x080017f4   0x080017f4   0x00000002   Code   RO         6539    .text               c_w.l(use_no_semi.o)
    0x080017f6   0x080017f6   0x00000000   Code   RO         6541    .text               c_w.l(indicate_semi.o)
    0x080017f6   0x080017f6   0x0000003e   Code   RO         6413    CL$$btod_d2e        c_w.l(btod.o)
    0x08001834   0x08001834   0x00000046   Code   RO         6415    CL$$btod_d2e_denorm_low  c_w.l(btod.o)
    0x0800187a   0x0800187a   0x00000060   Code   RO         6414    CL$$btod_d2e_norm_op1  c_w.l(btod.o)
    0x080018da   0x080018da   0x00000338   Code   RO         6423    CL$$btod_div_common  c_w.l(btod.o)
    0x08001c12   0x08001c12   0x000000dc   Code   RO         6420    CL$$btod_e2e        c_w.l(btod.o)
    0x08001cee   0x08001cee   0x0000002a   Code   RO         6417    CL$$btod_ediv       c_w.l(btod.o)
    0x08001d18   0x08001d18   0x0000002a   Code   RO         6416    CL$$btod_emul       c_w.l(btod.o)
    0x08001d42   0x08001d42   0x00000244   Code   RO         6422    CL$$btod_mult_common  c_w.l(btod.o)
    0x08001f86   0x08001f86   0x0000000a   Code   RO         4910    i.$Sub$$main        components.o
    0x08001f90   0x08001f90   0x000001d0   Code   RO          362    i.A72_HANDLE_DATA   zigbee_a72.o
    0x08002160   0x08002160   0x000001b8   Code   RO          363    i.A72_Init          zigbee_a72.o
    0x08002318   0x08002318   0x0000000c   Code   RO          364    i.A72_NoReply       zigbee_a72.o
    0x08002324   0x08002324   0x000000e4   Code   RO          365    i.A72_PermitJoin    zigbee_a72.o
    0x08002408   0x08002408   0x00000080   Code   RO          366    i.A72_Print_Information  zigbee_a72.o
    0x08002488   0x08002488   0x00000094   Code   RO          367    i.A72_Read_Adderss  zigbee_a72.o
    0x0800251c   0x0800251c   0x00000068   Code   RO          368    i.A72_Read_CreateNet  zigbee_a72.o
    0x08002584   0x08002584   0x000000a8   Code   RO          369    i.A72_Read_Device_Type  zigbee_a72.o
    0x0800262c   0x0800262c   0x00000070   Code   RO          370    i.A72_Read_RFS      zigbee_a72.o
    0x0800269c   0x0800269c   0x00000250   Code   RO          371    i.A72_SEND_DATA     zigbee_a72.o
    0x080028ec   0x080028ec   0x0000006c   Code   RO          372    i.A72_SEND_ORDER    zigbee_a72.o
    0x08002958   0x08002958   0x00000128   Code   RO          299    i.Air_quality_takeValue  app.o
    0x08002a80   0x08002a80   0x000010f4   Code   RO          157    i.AppTaskStart      main.o
    0x08003b74   0x08003b74   0x00000270   Code   RO          492    i.BC28_Init         4g_bc28.o
    0x08003de4   0x08003de4   0x0000002c   Code   RO          493    i.BC28_Reply        4g_bc28.o
    0x08003e10   0x08003e10   0x00000034   Code   RO         4331    i.BC28_SEND_DATA    drv_bc28.o
    0x08003e44   0x08003e44   0x00000064   Code   RO          494    i.BC28_Send_Check   4g_bc28.o
    0x08003ea8   0x08003ea8   0x00000004   Code   RO            3    i.BusFault_Handler  gd32f10x_it.o
    0x08003eac   0x08003eac   0x00000002   Code   RO            4    i.DebugMon_Handler  gd32f10x_it.o
    0x08003eae   0x08003eae   0x00000002   PAD
    0x08003eb0   0x08003eb0   0x00000034   Code   RO         4162    i.Debug_printf      drv_usart.o
    0x08003ee4   0x08003ee4   0x00000274   Code   RO          453    i.FS_DATA_DEBUG     fs00905b.o
    0x08004158   0x08004158   0x00000084   Code   RO          454    i.FS_DATA_HANDLE    fs00905b.o
    0x080041dc   0x080041dc   0x000000c8   Code   RO          455    i.FS_UART_IRQHandler  fs00905b.o
    0x080042a4   0x080042a4   0x00000544   Code   RO          543    i.JSON_Upper        user_defined.o
    0x080047e8   0x080047e8   0x00000168   Code   RO          300    i.MQTT_INIT         app.o
    0x08004950   0x08004950   0x00000308   Code   RO          495    i.MQTT_Init         4g_bc28.o
    0x08004c58   0x08004c58   0x000000a8   Code   RO          496    i.MQTT_PUB          4g_bc28.o
    0x08004d00   0x08004d00   0x000000a0   Code   RO          301    i.MQTT_PUB_DATA     app.o
    0x08004da0   0x08004da0   0x00000004   Code   RO            5    i.MemManage_Handler  gd32f10x_it.o
    0x08004da4   0x08004da4   0x00000002   Code   RO            6    i.NMI_Handler       gd32f10x_it.o
    0x08004da6   0x08004da6   0x00000002   PAD
    0x08004da8   0x08004da8   0x00000028   Code   RO          256    i.NVIC_SetPriority  systick.o
    0x08004dd0   0x08004dd0   0x00000068   Code   RO          544    i.SHUIfa_init       user_defined.o
    0x08004e38   0x08004e38   0x00000002   Code   RO            7    i.SVC_Handler       gd32f10x_it.o
    0x08004e3a   0x08004e3a   0x00000008   Code   RO         6117    i.SysTick_Handler   board.o
    0x08004e42   0x08004e42   0x00000002   PAD
    0x08004e44   0x08004e44   0x000000d4   Code   RO          588    i.SystemInit        system_gd32f10x.o
    0x08004f18   0x08004f18   0x0000004c   Code   RO         4163    i.UART3_IRQHandler  drv_usart.o
    0x08004f64   0x08004f64   0x00000030   Code   RO         4165    i.USART0_Send_Data  drv_usart.o
    0x08004f94   0x08004f94   0x000000a8   Code   RO         4166    i.USART1_IRQHandler  drv_usart.o
    0x0800503c   0x0800503c   0x00000030   Code   RO         4167    i.USART1_Send_Data  drv_usart.o
    0x0800506c   0x0800506c   0x0000005c   Code   RO         4168    i.USART2_IRQHandler  drv_usart.o
    0x080050c8   0x080050c8   0x00000030   Code   RO         4170    i.USART2_Send_Data  drv_usart.o
    0x080050f8   0x080050f8   0x00000004   Code   RO            8    i.UsageFault_Handler  gd32f10x_it.o
    0x080050fc   0x080050fc   0x000000dc   Code   RO          302    i.WLAN_INIT         app.o
    0x080051d8   0x080051d8   0x0000004c   Code   RO          303    i.WaterValveControl  app.o
    0x08005224   0x08005224   0x0000002c   Code   RO         4280    i.ZIGBEE_Disconnect  drv_a72.o
    0x08005250   0x08005250   0x000000f8   Code   RO          545    i.ZIGBEE_USER_DEFINE  user_defined.o
    0x08005348   0x08005348   0x00000028   Code   RO          304    i.Zigbee_Data_handle  app.o
    0x08005370   0x08005370   0x00000184   Code   RO          305    i.Zigbee_Heartbeat  app.o
    0x080054f4   0x080054f4   0x00000028   Code   RO         6442    i.__ARM_fpclassify  m_ws.l(fpclassify.o)
    0x0800551c   0x0800551c   0x0000004c   Code   RO         5347    i.__rt_ffs          kservice.o
    0x08005568   0x08005568   0x0000000e   Code   RO         6233    i._is_digit         c_w.l(__printf_wp.o)
    0x08005576   0x08005576   0x00000002   PAD
    0x08005578   0x08005578   0x00000098   Code   RO         4628    i._msh_exec_cmd     msh.o
    0x08005610   0x08005610   0x000000d0   Code   RO         5823    i._rt_thread_init   thread.o
    0x080056e0   0x080056e0   0x00000042   Code   RO         5977    i._rt_timer_init    timer.o
    0x08005722   0x08005722   0x0000001c   Code   RO         5978    i._rt_timer_remove  timer.o
    0x0800573e   0x0800573e   0x0000001c   Code   RO         5824    i._thread_cleanup_execute  thread.o
    0x0800575a   0x0800575a   0x00000008   Code   RO         4281    i.a72_information   drv_a72.o
    0x08005762   0x08005762   0x00000008   Code   RO         4282    i.a72_init          drv_a72.o
    0x0800576a   0x0800576a   0x00000002   PAD
    0x0800576c   0x0800576c   0x00000014   Code   RO         4283    i.a72_reset         drv_a72.o
    0x08005780   0x08005780   0x00000014   Code   RO         4284    i.a72_rfs           drv_a72.o
    0x08005794   0x08005794   0x000002cc   Code   RO         4332    i.aliyun_tem        drv_bc28.o
    0x08005a60   0x08005a60   0x00000058   Code   RO         4333    i.bc28_callback     drv_bc28.o
    0x08005ab8   0x08005ab8   0x000000fc   Code   RO         4812    i.bus_fault_track   cpuport.o
    0x08005bb4   0x08005bb4   0x0000000e   Code   RO         4629    i.cmd_free          msh.o
    0x08005bc2   0x08005bc2   0x0000000e   Code   RO         4630    i.cmd_ps            msh.o
    0x08005bd0   0x08005bd0   0x00000078   Code   RO         4703    i.finsh_get_prompt  shell.o
    0x08005c48   0x08005c48   0x00000068   Code   RO         4705    i.finsh_getchar     shell.o
    0x08005cb0   0x08005cb0   0x00000040   Code   RO         4706    i.finsh_rx_ind      shell.o
    0x08005cf0   0x08005cf0   0x000000d0   Code   RO         4707    i.finsh_set_device  shell.o
    0x08005dc0   0x08005dc0   0x00000048   Code   RO         4710    i.finsh_set_prompt_mode  shell.o
    0x08005e08   0x08005e08   0x00000014   Code   RO         4711    i.finsh_system_function_init  shell.o
    0x08005e1c   0x08005e1c   0x0000009c   Code   RO         4712    i.finsh_system_init  shell.o
    0x08005eb8   0x08005eb8   0x000003e0   Code   RO         4714    i.finsh_thread_entry  shell.o
    0x08006298   0x08006298   0x00000004   Code   RO         2130    i.gpio_bit_reset    gd32f10x_gpio.o
    0x0800629c   0x0800629c   0x00000004   Code   RO         2131    i.gpio_bit_set      gd32f10x_gpio.o
    0x080062a0   0x080062a0   0x000000ac   Code   RO         2138    i.gpio_init         gd32f10x_gpio.o
    0x0800634c   0x0800634c   0x00000010   Code   RO         2139    i.gpio_input_bit_get  gd32f10x_gpio.o
    0x0800635c   0x0800635c   0x00000080   Code   RO         4813    i.hard_fault_track  cpuport.o
    0x080063dc   0x080063dc   0x00000020   Code   RO         4497    i.hello             cmd.o
    0x080063fc   0x080063fc   0x00000068   Code   RO         4498    i.list              cmd.o
    0x08006464   0x08006464   0x00000118   Code   RO         4499    i.list_device       cmd.o
    0x0800657c   0x0800657c   0x00000144   Code   RO         4500    i.list_event        cmd.o
    0x080066c0   0x080066c0   0x0000002a   Code   RO         4501    i.list_find_init    cmd.o
    0x080066ea   0x080066ea   0x00000088   Code   RO         4502    i.list_get_next     cmd.o
    0x08006772   0x08006772   0x00000002   PAD
    0x08006774   0x08006774   0x0000015c   Code   RO         4503    i.list_mailbox      cmd.o
    0x080068d0   0x080068d0   0x00000078   Code   RO         5551    i.list_mem          mem.o
    0x08006948   0x08006948   0x00000144   Code   RO         4504    i.list_msgqueue     cmd.o
    0x08006a8c   0x08006a8c   0x0000010c   Code   RO         4505    i.list_mutex        cmd.o
    0x08006b98   0x08006b98   0x00000138   Code   RO         4506    i.list_sem          cmd.o
    0x08006cd0   0x08006cd0   0x000001e4   Code   RO         4507    i.list_thread       cmd.o
    0x08006eb4   0x08006eb4   0x00000160   Code   RO         4508    i.list_timer        cmd.o
    0x08007014   0x08007014   0x000000d8   Code   RO          158    i.main              main.o
    0x080070ec   0x080070ec   0x0000000e   Code   RO         4911    i.main_thread_entry  components.o
    0x080070fa   0x080070fa   0x00000002   PAD
    0x080070fc   0x080070fc   0x000000e8   Code   RO         4814    i.mem_manage_fault_track  cpuport.o
    0x080071e4   0x080071e4   0x000000a0   Code   RO         4631    i.msh_auto_complete  msh.o
    0x08007284   0x08007284   0x0000006c   Code   RO         4632    i.msh_exec          msh.o
    0x080072f0   0x080072f0   0x0000005c   Code   RO         4633    i.msh_get_cmd       msh.o
    0x0800734c   0x0800734c   0x00000080   Code   RO         4634    i.msh_help          msh.o
    0x080073cc   0x080073cc   0x00000004   Code   RO         4635    i.msh_is_used       msh.o
    0x080073d0   0x080073d0   0x000000f0   Code   RO         4636    i.msh_split         msh.o
    0x080074c0   0x080074c0   0x000000ac   Code   RO         2446    i.nvic_irq_enable   gd32f10x_misc.o
    0x0800756c   0x0800756c   0x00000014   Code   RO         2447    i.nvic_priority_group_set  gd32f10x_misc.o
    0x08007580   0x08007580   0x00000018   Code   RO         2448    i.nvic_vector_table_set  gd32f10x_misc.o
    0x08007598   0x08007598   0x0000001c   Code   RO         4509    i.object_split      cmd.o
    0x080075b4   0x080075b4   0x00000054   Code   RO         4334    i.pb0               drv_bc28.o
    0x08007608   0x08007608   0x00000054   Code   RO         4335    i.pb1               drv_bc28.o
    0x0800765c   0x0800765c   0x0000005c   Code   RO         4336    i.pb12              drv_bc28.o
    0x080076b8   0x080076b8   0x0000005c   Code   RO         4337    i.pb13              drv_bc28.o
    0x08007714   0x08007714   0x0000005c   Code   RO         4338    i.pb14              drv_bc28.o
    0x08007770   0x08007770   0x00000054   Code   RO         4339    i.pc5               drv_bc28.o
    0x080077c4   0x080077c4   0x0000010c   Code   RO         5552    i.plug_holes        mem.o
    0x080078d0   0x080078d0   0x00000198   Code   RO         5349    i.print_number      kservice.o
    0x08007a68   0x08007a68   0x00000124   Code   RO         2596    i.rcu_clock_freq_get  gd32f10x_rcu.o
    0x08007b8c   0x08007b8c   0x00000020   Code   RO         2613    i.rcu_periph_clock_enable  gd32f10x_rcu.o
    0x08007bac   0x08007bac   0x00000020   Code   RO         2616    i.rcu_periph_reset_disable  gd32f10x_rcu.o
    0x08007bcc   0x08007bcc   0x00000020   Code   RO         2617    i.rcu_periph_reset_enable  gd32f10x_rcu.o
    0x08007bec   0x08007bec   0x0000000c   Code   RO         6118    i.reboot            board.o
    0x08007bf8   0x08007bf8   0x00000074   Code   RO         4285    i.rt_A72_init       drv_a72.o
    0x08007c6c   0x08007c6c   0x00000078   Code   RO         4340    i.rt_BC28_init      drv_bc28.o
    0x08007ce4   0x08007ce4   0x00000050   Code   RO         4912    i.rt_application_init  components.o
    0x08007d34   0x08007d34   0x00000074   Code   RO         5350    i.rt_assert_handler  kservice.o
    0x08007da8   0x08007da8   0x00000022   Code   RO         5553    i.rt_calloc         mem.o
    0x08007dca   0x08007dca   0x00000002   PAD
    0x08007dcc   0x08007dcc   0x0000001c   Code   RO         4913    i.rt_components_board_init  components.o
    0x08007de8   0x08007de8   0x0000001c   Code   RO         4914    i.rt_components_init  components.o
    0x08007e04   0x08007e04   0x0000000c   Code   RO         5352    i.rt_console_get_device  kservice.o
    0x08007e10   0x08007e10   0x000000ac   Code   RO         4406    i.rt_device_close   device.o
    0x08007ebc   0x08007ebc   0x0000002e   Code   RO         4408    i.rt_device_create  device.o
    0x08007eea   0x08007eea   0x0000000e   Code   RO         4410    i.rt_device_find    device.o
    0x08007ef8   0x08007ef8   0x0000008c   Code   RO         4411    i.rt_device_init    device.o
    0x08007f84   0x08007f84   0x00000144   Code   RO         4413    i.rt_device_open    device.o
    0x080080c8   0x080080c8   0x000000b4   Code   RO         4414    i.rt_device_read    device.o
    0x0800817c   0x0800817c   0x00000034   Code   RO         4415    i.rt_device_register  device.o
    0x080081b0   0x080081b0   0x00000080   Code   RO         4416    i.rt_device_set_rx_indicate  device.o
    0x08008230   0x08008230   0x000000b4   Code   RO         4419    i.rt_device_write   device.o
    0x080082e4   0x080082e4   0x00000020   Code   RO         5750    i.rt_enter_critical  scheduler.o
    0x08008304   0x08008304   0x00000044   Code   RO         5751    i.rt_exit_critical  scheduler.o
    0x08008348   0x08008348   0x00000208   Code   RO         5554    i.rt_free           mem.o
    0x08008550   0x08008550   0x00000008   Code   RO         6119    i.rt_heap_begin_get  board.o
    0x08008558   0x08008558   0x00000008   Code   RO         6120    i.rt_heap_end_get   board.o
    0x08008560   0x08008560   0x00000054   Code   RO         6121    i.rt_hw_board_init  board.o
    0x080085b4   0x080085b4   0x00000028   Code   RO         6189    i.rt_hw_console_getchar  finsh_port.o
    0x080085dc   0x080085dc   0x00000050   Code   RO         6122    i.rt_hw_console_output  board.o
    0x0800862c   0x0800862c   0x00000010   Code   RO         4815    i.rt_hw_cpu_reset   cpuport.o
    0x0800863c   0x0800863c   0x00000208   Code   RO         4818    i.rt_hw_hard_fault_exception  cpuport.o
    0x08008844   0x08008844   0x0000004c   Code   RO         4819    i.rt_hw_stack_init  cpuport.o
    0x08008890   0x08008890   0x00000038   Code   RO         5308    i.rt_interrupt_enter  irq.o
    0x080088c8   0x080088c8   0x0000001c   Code   RO         5310    i.rt_interrupt_get_nest  irq.o
    0x080088e4   0x080088e4   0x00000038   Code   RO         5311    i.rt_interrupt_leave  irq.o
    0x0800891c   0x0800891c   0x00000018   Code   RO         5034    i.rt_ipc_list_resume  ipc.o
    0x08008934   0x08008934   0x0000006e   Code   RO         5036    i.rt_ipc_list_suspend  ipc.o
    0x080089a2   0x080089a2   0x00000010   Code   RO         5037    i.rt_ipc_object_init  ipc.o
    0x080089b2   0x080089b2   0x00000002   PAD
    0x080089b4   0x080089b4   0x00000068   Code   RO         5357    i.rt_kprintf        kservice.o
    0x08008a1c   0x08008a1c   0x00000006   Code   RO         5038    i.rt_list_init      ipc.o
    0x08008a22   0x08008a22   0x00000006   Code   RO         5752    i.rt_list_init      scheduler.o
    0x08008a28   0x08008a28   0x00000006   Code   RO         5979    i.rt_list_init      timer.o
    0x08008a2e   0x08008a2e   0x0000000e   Code   RO         5630    i.rt_list_insert_after  object.o
    0x08008a3c   0x08008a3c   0x0000000e   Code   RO         5825    i.rt_list_insert_after  thread.o
    0x08008a4a   0x08008a4a   0x0000000e   Code   RO         5980    i.rt_list_insert_after  timer.o
    0x08008a58   0x08008a58   0x0000000e   Code   RO         5039    i.rt_list_insert_before  ipc.o
    0x08008a66   0x08008a66   0x00000010   Code   RO         4510    i.rt_list_isempty   cmd.o
    0x08008a76   0x08008a76   0x00000010   Code   RO         5040    i.rt_list_isempty   ipc.o
    0x08008a86   0x08008a86   0x00000010   Code   RO         5981    i.rt_list_isempty   timer.o
    0x08008a96   0x08008a96   0x00000014   Code   RO         4511    i.rt_list_len       cmd.o
    0x08008aaa   0x08008aaa   0x00000012   Code   RO         5631    i.rt_list_remove    object.o
    0x08008abc   0x08008abc   0x00000012   Code   RO         5826    i.rt_list_remove    thread.o
    0x08008ace   0x08008ace   0x00000012   Code   RO         5982    i.rt_list_remove    timer.o
    0x08008ae0   0x08008ae0   0x000002bc   Code   RO         5556    i.rt_malloc         mem.o
    0x08008d9c   0x08008d9c   0x0000007c   Code   RO         5361    i.rt_memcpy         kservice.o
    0x08008e18   0x08008e18   0x00000042   Code   RO         5362    i.rt_memmove        kservice.o
    0x08008e5a   0x08008e5a   0x00000048   Code   RO         5363    i.rt_memset         kservice.o
    0x08008ea2   0x08008ea2   0x00000002   PAD
    0x08008ea4   0x08008ea4   0x000000ec   Code   RO         5632    i.rt_object_allocate  object.o
    0x08008f90   0x08008f90   0x000000a0   Code   RO         5634    i.rt_object_delete  object.o
    0x08009030   0x08009030   0x0000005c   Code   RO         5635    i.rt_object_detach  object.o
    0x0800908c   0x0800908c   0x000000ac   Code   RO         5637    i.rt_object_find    object.o
    0x08009138   0x08009138   0x00000028   Code   RO         5638    i.rt_object_get_information  object.o
    0x08009160   0x08009160   0x00000034   Code   RO         5641    i.rt_object_get_type  object.o
    0x08009194   0x08009194   0x000000bc   Code   RO         5642    i.rt_object_init    object.o
    0x08009250   0x08009250   0x0000003c   Code   RO         5643    i.rt_object_is_systemobject  object.o
    0x0800928c   0x0800928c   0x00000010   Code   RO         6124    i.rt_os_tick_callback  board.o
    0x0800929c   0x0800929c   0x000000a4   Code   RO         5753    i.rt_schedule       scheduler.o
    0x08009340   0x08009340   0x0000007c   Code   RO         5754    i.rt_schedule_insert_thread  scheduler.o
    0x080093bc   0x080093bc   0x00000080   Code   RO         5755    i.rt_schedule_remove_thread  scheduler.o
    0x0800943c   0x0800943c   0x000000ac   Code   RO         5066    i.rt_sem_create     ipc.o
    0x080094e8   0x080094e8   0x0000006c   Code   RO         5069    i.rt_sem_init       ipc.o
    0x08009554   0x08009554   0x000000a8   Code   RO         5070    i.rt_sem_release    ipc.o
    0x080095fc   0x080095fc   0x000001a4   Code   RO         5071    i.rt_sem_take       ipc.o
    0x080097a0   0x080097a0   0x00000028   Code   RO         5364    i.rt_set_errno      kservice.o
    0x080097c8   0x080097c8   0x000000b0   Code   RO         5365    i.rt_show_version   kservice.o
    0x08009878   0x08009878   0x000000f4   Code   RO         5983    i.rt_soft_timer_check  timer.o
    0x0800996c   0x0800996c   0x00000028   Code   RO         5372    i.rt_strncmp        kservice.o
    0x08009994   0x08009994   0x00000034   Code   RO         5373    i.rt_strncpy        kservice.o
    0x080099c8   0x080099c8   0x00000154   Code   RO         5560    i.rt_system_heap_init  mem.o
    0x08009b1c   0x08009b1c   0x00000050   Code   RO         5757    i.rt_system_scheduler_init  scheduler.o
    0x08009b6c   0x08009b6c   0x00000030   Code   RO         5758    i.rt_system_scheduler_start  scheduler.o
    0x08009b9c   0x08009b9c   0x0000001c   Code   RO         5984    i.rt_system_timer_init  timer.o
    0x08009bb8   0x08009bb8   0x00000054   Code   RO         5985    i.rt_system_timer_thread_init  timer.o
    0x08009c0c   0x08009c0c   0x00000050   Code   RO         5828    i.rt_thread_create  thread.o
    0x08009c5c   0x08009c5c   0x0000000c   Code   RO         5829    i.rt_thread_delay   thread.o
    0x08009c68   0x08009c68   0x00000058   Code   RO         5833    i.rt_thread_exit    thread.o
    0x08009cc0   0x08009cc0   0x00000028   Code   RO         4980    i.rt_thread_idle_entry  idle.o
    0x08009ce8   0x08009ce8   0x000000b8   Code   RO         4981    i.rt_thread_idle_excute  idle.o
    0x08009da0   0x08009da0   0x0000003c   Code   RO         4983    i.rt_thread_idle_init  idle.o
    0x08009ddc   0x08009ddc   0x0000007c   Code   RO         5835    i.rt_thread_init    thread.o
    0x08009e58   0x08009e58   0x00000014   Code   RO         5837    i.rt_thread_mdelay  thread.o
    0x08009e6c   0x08009e6c   0x0000009c   Code   RO         5838    i.rt_thread_resume  thread.o
    0x08009f08   0x08009f08   0x0000000c   Code   RO         5840    i.rt_thread_self    thread.o
    0x08009f14   0x08009f14   0x00000084   Code   RO         5841    i.rt_thread_sleep   thread.o
    0x08009f98   0x08009f98   0x000000c4   Code   RO         5842    i.rt_thread_startup  thread.o
    0x0800a05c   0x0800a05c   0x000000a4   Code   RO         5843    i.rt_thread_suspend  thread.o
    0x0800a100   0x0800a100   0x000000b4   Code   RO         5845    i.rt_thread_timeout  thread.o
    0x0800a1b4   0x0800a1b4   0x00000044   Code   RO         5986    i.rt_thread_timer_entry  timer.o
    0x0800a1f8   0x0800a1f8   0x00000064   Code   RO         5846    i.rt_thread_yield   thread.o
    0x0800a25c   0x0800a25c   0x00000038   Code   RO         4873    i.rt_tick_from_millisecond  clock.o
    0x0800a294   0x0800a294   0x0000000c   Code   RO         4874    i.rt_tick_get       clock.o
    0x0800a2a0   0x0800a2a0   0x00000030   Code   RO         4875    i.rt_tick_increase  clock.o
    0x0800a2d0   0x0800a2d0   0x000000dc   Code   RO         5987    i.rt_timer_check    timer.o
    0x0800a3ac   0x0800a3ac   0x000000dc   Code   RO         5988    i.rt_timer_control  timer.o
    0x0800a488   0x0800a488   0x000000dc   Code   RO         5991    i.rt_timer_detach   timer.o
    0x0800a564   0x0800a564   0x00000054   Code   RO         5994    i.rt_timer_init     timer.o
    0x0800a5b8   0x0800a5b8   0x0000002c   Code   RO         5995    i.rt_timer_list_next_timeout  timer.o
    0x0800a5e4   0x0800a5e4   0x000001f4   Code   RO         5997    i.rt_timer_start    timer.o
    0x0800a7d8   0x0800a7d8   0x000000c0   Code   RO         5998    i.rt_timer_stop     timer.o
    0x0800a898   0x0800a898   0x0000007c   Code   RO         4171    i.rt_uart1_init     drv_usart.o
    0x0800a914   0x0800a914   0x0000007c   Code   RO         4172    i.rt_uart3_init     drv_usart.o
    0x0800a990   0x0800a990   0x0000007c   Code   RO         4173    i.rt_usart2_init    drv_usart.o
    0x0800aa0c   0x0800aa0c   0x00000340   Code   RO         5376    i.rt_vsnprintf      kservice.o
    0x0800ad4c   0x0800ad4c   0x00000004   Code   RO         4915    i.rti_board_end     components.o
    0x0800ad50   0x0800ad50   0x00000004   Code   RO         4916    i.rti_board_start   components.o
    0x0800ad54   0x0800ad54   0x00000004   Code   RO         4917    i.rti_end           components.o
    0x0800ad58   0x0800ad58   0x00000004   Code   RO         4918    i.rti_start         components.o
    0x0800ad5c   0x0800ad5c   0x0000002a   Code   RO         4919    i.rtthread_startup  components.o
    0x0800ad86   0x0800ad86   0x00000002   PAD
    0x0800ad88   0x0800ad88   0x00000038   Code   RO         4715    i.shell_auto_complete  shell.o
    0x0800adc0   0x0800adc0   0x00000030   Code   RO         4512    i.show_wait_queue   cmd.o
    0x0800adf0   0x0800adf0   0x00000026   Code   RO         5378    i.skip_atoi         kservice.o
    0x0800ae16   0x0800ae16   0x00000020   Code   RO         4637    i.str_common        msh.o
    0x0800ae36   0x0800ae36   0x00000002   PAD
    0x0800ae38   0x0800ae38   0x000000c4   Code   RO          589    i.system_clock_108m_hxtal  system_gd32f10x.o
    0x0800aefc   0x0800aefc   0x00000008   Code   RO          590    i.system_clock_config  system_gd32f10x.o
    0x0800af04   0x0800af04   0x00000050   Code   RO          259    i.systick_config    systick.o
    0x0800af54   0x0800af54   0x00000094   Code   RO         4174    i.uart3_init        drv_usart.o
    0x0800afe8   0x0800afe8   0x00000004   Code   RO         6125    i.uart_init         board.o
    0x0800afec   0x0800afec   0x000000e8   Code   RO         4820    i.usage_fault_track  cpuport.o
    0x0800b0d4   0x0800b0d4   0x00000088   Code   RO         4175    i.usart0_init       drv_usart.o
    0x0800b15c   0x0800b15c   0x000000a0   Code   RO         4176    i.usart1_init       drv_usart.o
    0x0800b1fc   0x0800b1fc   0x0000009c   Code   RO         4177    i.usart2_init       drv_usart.o
    0x0800b298   0x0800b298   0x00000090   Code   RO         3835    i.usart_baudrate_set  gd32f10x_usart.o
    0x0800b328   0x0800b328   0x0000000a   Code   RO         3836    i.usart_data_receive  gd32f10x_usart.o
    0x0800b332   0x0800b332   0x00000008   Code   RO         3837    i.usart_data_transmit  gd32f10x_usart.o
    0x0800b33a   0x0800b33a   0x00000002   PAD
    0x0800b33c   0x0800b33c   0x00000090   Code   RO         3838    i.usart_deinit      gd32f10x_usart.o
    0x0800b3cc   0x0800b3cc   0x0000000a   Code   RO         3839    i.usart_disable     gd32f10x_usart.o
    0x0800b3d6   0x0800b3d6   0x0000000a   Code   RO         3842    i.usart_enable      gd32f10x_usart.o
    0x0800b3e0   0x0800b3e0   0x0000001e   Code   RO         3844    i.usart_flag_get    gd32f10x_usart.o
    0x0800b3fe   0x0800b3fe   0x00000010   Code   RO         3848    i.usart_hardware_flow_cts_config  gd32f10x_usart.o
    0x0800b40e   0x0800b40e   0x00000010   Code   RO         3849    i.usart_hardware_flow_rts_config  gd32f10x_usart.o
    0x0800b41e   0x0800b41e   0x0000001a   Code   RO         3851    i.usart_interrupt_enable  gd32f10x_usart.o
    0x0800b438   0x0800b438   0x0000001a   Code   RO         3852    i.usart_interrupt_flag_clear  gd32f10x_usart.o
    0x0800b452   0x0800b452   0x00000038   Code   RO         3853    i.usart_interrupt_flag_get  gd32f10x_usart.o
    0x0800b48a   0x0800b48a   0x00000010   Code   RO         3863    i.usart_parity_config  gd32f10x_usart.o
    0x0800b49a   0x0800b49a   0x00000010   Code   RO         3865    i.usart_receive_config  gd32f10x_usart.o
    0x0800b4aa   0x0800b4aa   0x00000010   Code   RO         3871    i.usart_stop_bit_set  gd32f10x_usart.o
    0x0800b4ba   0x0800b4ba   0x00000010   Code   RO         3875    i.usart_transmit_config  gd32f10x_usart.o
    0x0800b4ca   0x0800b4ca   0x00000010   Code   RO         3876    i.usart_word_length_set  gd32f10x_usart.o
    0x0800b4da   0x0800b4da   0x0000000a   Code   RO         4513    i.version           cmd.o
    0x0800b4e4   0x0800b4e4   0x0000002c   Code   RO         6438    locale$$code        c_w.l(lc_numeric_c.o)
    0x0800b510   0x0800b510   0x0000002c   Code   RO         6509    locale$$code        c_w.l(lc_ctype_c.o)
    0x0800b53c   0x0800b53c   0x00000062   Code   RO         6269    x$fpl$d2f           fz_ws.l(d2f.o)
    0x0800b59e   0x0800b59e   0x00000002   PAD
    0x0800b5a0   0x0800b5a0   0x00000150   Code   RO         6271    x$fpl$dadd          fz_ws.l(daddsub_clz.o)
    0x0800b6f0   0x0800b6f0   0x000002b0   Code   RO         6278    x$fpl$ddiv          fz_ws.l(ddiv.o)
    0x0800b9a0   0x0800b9a0   0x0000009c   Code   RO         6364    x$fpl$dnaninf       fz_ws.l(dnaninf.o)
    0x0800ba3c   0x0800ba3c   0x0000000c   Code   RO         6366    x$fpl$dretinf       fz_ws.l(dretinf.o)
    0x0800ba48   0x0800ba48   0x000001d4   Code   RO         6273    x$fpl$dsub          fz_ws.l(daddsub_clz.o)
    0x0800bc1c   0x0800bc1c   0x00000056   Code   RO         6281    x$fpl$f2d           fz_ws.l(f2d.o)
    0x0800bc72   0x0800bc72   0x00000002   PAD
    0x0800bc74   0x0800bc74   0x00000030   Code   RO         6284    x$fpl$fflt          fz_ws.l(fflt_clz.o)
    0x0800bca4   0x0800bca4   0x00000026   Code   RO         6283    x$fpl$ffltu         fz_ws.l(fflt_clz.o)
    0x0800bcca   0x0800bcca   0x00000002   PAD
    0x0800bccc   0x0800bccc   0x00000102   Code   RO         6289    x$fpl$fmul          fz_ws.l(fmul.o)
    0x0800bdce   0x0800bdce   0x0000008c   Code   RO         6368    x$fpl$fnaninf       fz_ws.l(fnaninf.o)
    0x0800be5a   0x0800be5a   0x0000000a   Code   RO         6370    x$fpl$fretinf       fz_ws.l(fretinf.o)
    0x0800be64   0x0800be64   0x00000004   Code   RO         6291    x$fpl$printf1       fz_ws.l(printf1.o)
    0x0800be68   0x0800be68   0x00000004   Code   RO         6372    x$fpl$printf2       fz_ws.l(printf2.o)
    0x0800be6c   0x0800be6c   0x00000000   Code   RO         6378    x$fpl$usenofp       fz_ws.l(usenofp.o)
    0x0800be6c   0x0800be6c   0x00000008   Data   RO          374    .constdata          zigbee_a72.o
    0x0800be74   0x0800be74   0x000000ba   Data   RO         4420    .constdata          device.o
    0x0800bf2e   0x0800bf2e   0x00000002   PAD
    0x0800bf30   0x0800bf30   0x00000058   Data   RO         4514    .constdata          cmd.o
    0x0800bf88   0x0800bf88   0x0000000e   Data   RO         4638    .constdata          msh.o
    0x0800bf96   0x0800bf96   0x00000087   Data   RO         4717    .constdata          shell.o
    0x0800c01d   0x0800c01d   0x00000014   Data   RO         4920    .constdata          components.o
    0x0800c031   0x0800c031   0x00000016   Data   RO         4986    .constdata          idle.o
    0x0800c047   0x0800c047   0x000001fc   Data   RO         5073    .constdata          ipc.o
    0x0800c243   0x0800c243   0x00000122   Data   RO         5380    .constdata          kservice.o
    0x0800c365   0x0800c365   0x0000003c   Data   RO         5562    .constdata          mem.o
    0x0800c3a1   0x0800c3a1   0x00000080   Data   RO         5648    .constdata          object.o
    0x0800c421   0x0800c421   0x00000034   Data   RO         5760    .constdata          scheduler.o
    0x0800c455   0x0800c455   0x000000c0   Data   RO         5847    .constdata          thread.o
    0x0800c515   0x0800c515   0x0000005c   Data   RO         6000    .constdata          timer.o
    0x0800c571   0x0800c571   0x00000011   Data   RO         6241    .constdata          c_w.l(__printf_flags_ss_wp.o)
    0x0800c582   0x0800c582   0x00000002   PAD
    0x0800c584   0x0800c584   0x00000008   Data   RO         6313    .constdata          c_w.l(_printf_wctomb.o)
    0x0800c58c   0x0800c58c   0x00000028   Data   RO         6342    .constdata          c_w.l(_printf_hex_int_ll_ptr.o)
    0x0800c5b4   0x0800c5b4   0x00000026   Data   RO         6402    .constdata          c_w.l(_printf_fp_hex.o)
    0x0800c5da   0x0800c5da   0x00000002   PAD
    0x0800c5dc   0x0800c5dc   0x00000094   Data   RO         6411    .constdata          c_w.l(bigflt0.o)
    0x0800c670   0x0800c670   0x0000017d   Data   RO         4515    .conststring        cmd.o
    0x0800c7ed   0x0800c7ed   0x00000003   PAD
    0x0800c7f0   0x0800c7f0   0x00000045   Data   RO         5074    .conststring        ipc.o
    0x0800c835   0x0800c835   0x00000003   PAD
    0x0800c838   0x0800c838   0x000000eb   Data   RO         5563    .conststring        mem.o
    0x0800c923   0x0800c923   0x00000001   PAD
    0x0800c924   0x0800c924   0x00000042   Data   RO         5848    .conststring        thread.o
    0x0800c966   0x0800c966   0x0000007d   Data   RO         4286    .rodata.name        drv_a72.o
    0x0800c9e3   0x0800c9e3   0x000000c9   Data   RO         4343    .rodata.name        drv_bc28.o
    0x0800caac   0x0800caac   0x000002d9   Data   RO         4516    .rodata.name        cmd.o
    0x0800cd85   0x0800cd85   0x00000076   Data   RO         4639    .rodata.name        msh.o
    0x0800cdfb   0x0800cdfb   0x00000027   Data   RO         5565    .rodata.name        mem.o
    0x0800ce22   0x0800ce22   0x0000001b   Data   RO         6127    .rodata.name        board.o
    0x0800ce3d   0x0800ce3d   0x00000003   PAD
    0x0800ce40   0x0800ce40   0x00000004   Data   RO         4921    .rti_fn.0           components.o
    0x0800ce44   0x0800ce44   0x00000004   Data   RO         4922    .rti_fn.0.end       components.o
    0x0800ce48   0x0800ce48   0x00000004   Data   RO         6128    .rti_fn.1           board.o
    0x0800ce4c   0x0800ce4c   0x00000004   Data   RO         4923    .rti_fn.1.end       components.o
    0x0800ce50   0x0800ce50   0x0000000c   Data   RO         4180    .rti_fn.3           drv_usart.o
    0x0800ce5c   0x0800ce5c   0x00000004   Data   RO         4287    .rti_fn.3           drv_a72.o
    0x0800ce60   0x0800ce60   0x00000004   Data   RO         4344    .rti_fn.3           drv_bc28.o
    0x0800ce64   0x0800ce64   0x00000004   Data   RO         4719    .rti_fn.6           shell.o
    0x0800ce68   0x0800ce68   0x00000004   Data   RO         4924    .rti_fn.6.end       components.o
    0x0800ce6c   0x0800ce6c   0x00000030   Data   RO         4288    FSymTab             drv_a72.o
    0x0800ce9c   0x0800ce9c   0x00000054   Data   RO         4345    FSymTab             drv_bc28.o
    0x0800cef0   0x0800cef0   0x000000f0   Data   RO         4517    FSymTab             cmd.o
    0x0800cfe0   0x0800cfe0   0x00000024   Data   RO         4640    FSymTab             msh.o
    0x0800d004   0x0800d004   0x0000000c   Data   RO         5566    FSymTab             mem.o
    0x0800d010   0x0800d010   0x0000000c   Data   RO         6129    FSymTab             board.o
    0x0800d01c   0x0800d01c   0x00000020   Data   RO         6588    Region$$Table       anon$$obj.o
    0x0800d03c   0x0800d03c   0x0000001c   Data   RO         6437    locale$$data        c_w.l(lc_numeric_c.o)
    0x0800d058   0x0800d058   0x00000110   Data   RO         6508    locale$$data        c_w.l(lc_ctype_c.o)


    Execution Region RW_IRAM1 (Exec base: 0x20000000, Load base: 0x0800d168, Size: 0x000076d8, Max: 0x00010000, ABSOLUTE, COMPRESSED[0x00000078])

    Exec Addr    Load Addr    Size         Type   Attr      Idx    E Section Name        Object

    0x20000000   COMPRESSED   0x00000004   Data   RW          159    .data               main.o
    0x20000004   COMPRESSED   0x0000002f   Data   RW          307    .data               app.o
    0x20000033   COMPRESSED   0x00000001   PAD
    0x20000034   COMPRESSED   0x0000002e   Data   RW          375    .data               zigbee_a72.o
    0x20000062   COMPRESSED   0x0000000c   Data   RW          457    .data               fs00905b.o
    0x2000006e   COMPRESSED   0x00000004   Data   RW          498    .data               4g_bc28.o
    0x20000072   COMPRESSED   0x00000036   Data   RW          547    .data               user_defined.o
    0x200000a8   COMPRESSED   0x00000004   Data   RW          591    .data               system_gd32f10x.o
    0x200000ac   COMPRESSED   0x00000011   Data   RW         4179    .data               drv_usart.o
    0x200000bd   COMPRESSED   0x00000003   PAD
    0x200000c0   COMPRESSED   0x00000004   Data   RW         4342    .data               drv_bc28.o
    0x200000c4   COMPRESSED   0x00000018   Data   RW         4718    .data               shell.o
    0x200000dc   COMPRESSED   0x00000010   Data   RW         4822    .data               cpuport.o
    0x200000ec   COMPRESSED   0x00000004   Data   RW         4877    .data               clock.o
    0x200000f0   COMPRESSED   0x00000009   Data   RW         5313    .data               irq.o
    0x200000f9   COMPRESSED   0x00000003   PAD
    0x200000fc   COMPRESSED   0x0000000c   Data   RW         5381    .data               kservice.o
    0x20000108   COMPRESSED   0x00000020   Data   RW         5564    .data               mem.o
    0x20000128   COMPRESSED   0x00000094   Data   RW         5649    .data               object.o
    0x200001bc   COMPRESSED   0x0000001c   Data   RW         5761    .data               scheduler.o
    0x200001d8   COMPRESSED   0x0000000c   Data   RW         5849    .data               thread.o
    0x200001e4   COMPRESSED   0x00000020   Data   RW         6001    .data               timer.o
    0x20000204        -       0x00002380   Zero   RW          306    .bss                app.o
    0x20002584        -       0x0000011b   Zero   RW          373    .bss                zigbee_a72.o
    0x2000269f   COMPRESSED   0x00000001   PAD
    0x200026a0        -       0x00000062   Zero   RW          456    .bss                fs00905b.o
    0x20002702        -       0x000000c8   Zero   RW          497    .bss                4g_bc28.o
    0x200027ca        -       0x00000400   Zero   RW          546    .bss                user_defined.o
    0x20002bca   COMPRESSED   0x00000006   PAD
    0x20002bd0        -       0x000000c0   Zero   RW         4178    .bss                drv_usart.o
    0x20002c90        -       0x000000b0   Zero   RW         4341    .bss                drv_bc28.o
    0x20002d40        -       0x00000101   Zero   RW         4716    .bss                shell.o
    0x20002e41   COMPRESSED   0x00000003   PAD
    0x20002e44        -       0x00000190   Zero   RW         4985    .bss                idle.o
    0x20002fd4        -       0x00000100   Zero   RW         5379    .bss                kservice.o
    0x200030d4        -       0x00000020   Zero   RW         5561    .bss                mem.o
    0x200030f4        -       0x00000100   Zero   RW         5759    .bss                scheduler.o
    0x200031f4        -       0x00000280   Zero   RW         5999    .bss                timer.o
    0x20003474        -       0x00003c00   Zero   RW         6126    .bss                board.o
    0x20007074        -       0x00000060   Zero   RW         6445    .bss                c_w.l(libspace.o)
    0x200070d4   COMPRESSED   0x00000004   PAD
    0x200070d8        -       0x00000200   Zero   RW          628    HEAP                startup_gd32f10x_hd.o
    0x200072d8        -       0x00000400   Zero   RW          627    STACK               startup_gd32f10x_hd.o


==============================================================================

Image component sizes


      Code (inc. data)   RO Data    RW Data    ZI Data      Debug   Object Name

      1712       1044          0          4        200       4533   4g_bc28.o
      1540        794          0         47       9088       6189   app.o
       220         20         43          0      15360       5244   board.o
       116         12          0          4          0       1688   clock.o
      3128       1092       1438          0          0      20521   cmd.o
       218         50         36          0          0       5752   components.o
       244         28          0          0          0        900   context_rvds.o
      1456        732          0         16          0       5904   cpuport.o
      1236        556        186          0          0       9011   device.o
       216         90        177          0          0       4527   drv_a72.o
      1504        548        289          4        176       8073   drv_bc28.o
      1504        308         12         17        192       9612   drv_usart.o
        40          4          0          0          0        572   finsh_port.o
       960        426          0         12         98       3954   fs00905b.o
       196          0          0          0          0       2661   gd32f10x_gpio.o
        18          0          0          0          0      30267   gd32f10x_it.o
       216         28          0          0          0       2000   gd32f10x_misc.o
       388         40          0          0          0       2852   gd32f10x_rcu.o
       576         16          0          0          0      10728   gd32f10x_usart.o
       284         78         22          0        400       5346   idle.o
      1054        272        577          0          0      33896   ipc.o
       140         26          0          9          0       2182   irq.o
      2156        238        290         12        256      12260   kservice.o
      4556       2478          0          4          0      13204   main.o
      1982        750        346         32         32       6804   mem.o
       944        178        168          0          0       9296   msh.o
      1032        332        128        148          0      10410   object.o
       650        144         52         28        256       8530   scheduler.o
      1792        300        139         24        257      13912   shell.o
        64         26        304          0       1536        900   startup_gd32f10x_hd.o
       416         30          0          4          0       2731   system_gd32f10x.o
       120         14          0          0          0      23136   systick.o
      1532        402        258         12          0      16731   thread.o
      2052        550         92         32        640      14629   timer.o
      1700        482          0         54       1024       4028   user_defined.o
      2504        624          8         46        283      14014   zigbee_a72.o

    ----------------------------------------------------------------------
     38490      12712       4609        516      29808     326997   Object Totals
         0          0         32          0          0          0   (incl. Generated)
        24          0         12          7         10          0   (incl. Padding)

    ----------------------------------------------------------------------

      Code (inc. data)   RO Data    RW Data    ZI Data      Debug   Library Member Name

        44          6          0          0          0         84   __2sprintf.o
        90          0          0          0          0          0   __dczerorl2.o
         8          0          0          0          0         68   __main.o
       392          4         17          0          0         92   __printf_flags_ss_wp.o
        14          0          0          0          0         68   __printf_wp.o
         0          0          0          0          0          0   __rtentry.o
        12          0          0          0          0          0   __rtentry2.o
         6          0          0          0          0          0   __rtentry4.o
        52          8          0          0          0          0   __scatter.o
        28          0          0          0          0          0   __scatter_zi.o
         6          0          0          0          0          0   _printf_a.o
         6          0          0          0          0          0   _printf_c.o
        44          0          0          0          0        108   _printf_char.o
        48          6          0          0          0         96   _printf_char_common.o
        40          0          0          0          0         68   _printf_charcount.o
         6          0          0          0          0          0   _printf_d.o
       120         16          0          0          0         92   _printf_dec.o
         6          0          0          0          0          0   _printf_e.o
         6          0          0          0          0          0   _printf_f.o
      1054          0          0          0          0        216   _printf_fp_dec.o
       764          8         38          0          0        100   _printf_fp_hex.o
       128         16          0          0          0         84   _printf_fp_infnan.o
         6          0          0          0          0          0   _printf_g.o
       148          4         40          0          0        160   _printf_hex_int_ll_ptr.o
         6          0          0          0          0          0   _printf_i.o
       178          0          0          0          0         88   _printf_intcommon.o
        10          0          0          0          0          0   _printf_l.o
         6          0          0          0          0          0   _printf_lc.o
        10          0          0          0          0          0   _printf_ll.o
         6          0          0          0          0          0   _printf_lld.o
         6          0          0          0          0          0   _printf_lli.o
         6          0          0          0          0          0   _printf_llo.o
         6          0          0          0          0          0   _printf_llu.o
         6          0          0          0          0          0   _printf_llx.o
       124         16          0          0          0         92   _printf_longlong_dec.o
         6          0          0          0          0          0   _printf_ls.o
         6          0          0          0          0          0   _printf_n.o
         6          0          0          0          0          0   _printf_o.o
       112         10          0          0          0        124   _printf_oct_int_ll.o
         6          0          0          0          0          0   _printf_p.o
        78          0          0          0          0        108   _printf_pad.o
         0          0          0          0          0          0   _printf_percent.o
         4          0          0          0          0          0   _printf_percent_end.o
         6          0          0          0          0          0   _printf_s.o
        82          0          0          0          0         80   _printf_str.o
        36          0          0          0          0         84   _printf_truncate.o
         6          0          0          0          0          0   _printf_u.o
        44          0          0          0          0        108   _printf_wchar.o
       188          6          8          0          0         92   _printf_wctomb.o
         6          0          0          0          0          0   _printf_x.o
        16          0          0          0          0         68   _snputc.o
        10          0          0          0          0         68   _sputc.o
        64          0          0          0          0         92   _wcrtomb.o
       228          4        148          0          0         96   bigflt0.o
      1936        128          0          0          0        672   btod.o
        18          0          0          0          0         80   exit.o
         6          0          0          0          0        152   heapauxi.o
         0          0          0          0          0          0   indicate_semi.o
        44         10        272          0          0         76   lc_ctype_c.o
        44         10         28          0          0         76   lc_numeric_c.o
         2          0          0          0          0          0   libinit.o
        30          0          0          0          0          0   libinit2.o
         2          0          0          0          0          0   libshutdown.o
         2          0          0          0          0          0   libshutdown2.o
         8          4          0          0         96         68   libspace.o
       138          0          0          0          0         80   lludiv10.o
        38          0          0          0          0         68   llushr.o
        16          4          0          0          0         76   rt_ctype_table.o
         8          4          0          0          0         68   rt_locale_intlibspace.o
        68          0          0          0          0         68   rt_memclr.o
        78          0          0          0          0         80   rt_memclr_w.o
       100          0          0          0          0         80   rt_memcpy_w.o
         2          0          0          0          0          0   rtexit.o
        10          0          0          0          0          0   rtexit2.o
        24          0          0          0          0         68   strcat.o
       128          0          0          0          0         68   strcmpv7m.o
        72          0          0          0          0         80   strcpy.o
        62          0          0          0          0         76   strlen.o
       150          0          0          0          0         80   strncmp.o
        86          0          0          0          0         76   strncpy.o
        36          0          0          0          0         80   strstr.o
        12          4          0          0          0         68   sys_exit.o
        74          0          0          0          0         80   sys_stackheap_outer.o
         2          0          0          0          0         68   use_no_semi.o
        52          4          0          0          0         80   vsnprintf.o
        98          4          0          0          0         92   d2f.o
       804         16          0          0          0        272   daddsub_clz.o
       688        140          0          0          0        208   ddiv.o
       156          4          0          0          0         92   dnaninf.o
        12          0          0          0          0         68   dretinf.o
        86          4          0          0          0         84   f2d.o
        86          0          0          0          0        136   fflt_clz.o
       258          4          0          0          0         84   fmul.o
       140          4          0          0          0         84   fnaninf.o
        10          0          0          0          0         68   fretinf.o
         4          0          0          0          0         68   printf1.o
         4          0          0          0          0         68   printf2.o
         0          0          0          0          0          0   usenofp.o
        40          0          0          0          0         68   fpclassify.o

    ----------------------------------------------------------------------
      9954        448        555          0        100       6196   Library Totals
        24          0          4          0          4          0   (incl. Padding)

    ----------------------------------------------------------------------

      Code (inc. data)   RO Data    RW Data    ZI Data      Debug   Library Name

      7544        272        551          0         96       4804   c_w.l
      2346        176          0          0          0       1324   fz_ws.l
        40          0          0          0          0         68   m_ws.l

    ----------------------------------------------------------------------
      9954        448        555          0        100       6196   Library Totals

    ----------------------------------------------------------------------

==============================================================================


      Code (inc. data)   RO Data    RW Data    ZI Data      Debug   

     48444      13160       5164        516      29908     316341   Grand Totals
     48444      13160       5164        120      29908     316341   ELF Image Totals (compressed)
     48444      13160       5164        120          0          0   ROM Totals

==============================================================================

    Total RO  Size (Code + RO Data)                53608 (  52.35kB)
    Total RW  Size (RW Data + ZI Data)             30424 (  29.71kB)
    Total ROM Size (Code + RO Data + RW Data)      53728 (  52.47kB)

==============================================================================

