Component: ARM Compiler 5.06 update 6 (build 750) Tool: armlink [4d35ed]

==============================================================================

Section Cross References

    main.o(i.APP_Start) refers to ipc.o(i.rt_sem_create) for rt_sem_create
    main.o(i.APP_Start) refers to ipc.o(i.rt_mb_create) for rt_mb_create
    main.o(i.APP_Start) refers to thread.o(i.rt_thread_init) for rt_thread_init
    main.o(i.APP_Start) refers to thread.o(i.rt_thread_startup) for rt_thread_startup
    main.o(i.APP_Start) refers to app.o(.data) for BC28_Respond
    main.o(i.APP_Start) refers to app.o(.data) for CD100M_RECV
    main.o(i.APP_Start) refers to usart.o(.data) for g_mail_data
    main.o(i.APP_Start) refers to app.o(.bss) for th3_stack
    main.o(i.APP_Start) refers to app.o(i.CD100M_INFO) for CD100M_INFO
    main.o(i.APP_Start) refers to app.o(.bss) for th3
    main.o(i.main) refers to misc.o(i.NVIC_PriorityGroupConfig) for NVIC_PriorityGroupConfig
    main.o(i.main) refers to usart.o(i.usart_init) for usart_init
    main.o(i.main) refers to usart.o(i.uart2_init) for uart2_init
    main.o(i.main) refers to thread.o(i.rt_thread_create) for rt_thread_create
    main.o(i.main) refers to thread.o(i.rt_thread_startup) for rt_thread_startup
    main.o(i.main) refers to main.o(i.APP_Start) for APP_Start
    main.o(i.main) refers to main.o(.data) for .data
    app.o(i.CD100M_CLEAR) refers to ipc.o(i.rt_mb_recv) for rt_mb_recv
    app.o(i.CD100M_CLEAR) refers to kservice.o(i.rt_kprintf) for rt_kprintf
    app.o(i.CD100M_CLEAR) refers to scheduler.o(i.rt_enter_critical) for rt_enter_critical
    app.o(i.CD100M_CLEAR) refers to cd100m.o(i.CD100M_uart_decode) for CD100M_uart_decode
    app.o(i.CD100M_CLEAR) refers to scheduler.o(i.rt_exit_critical) for rt_exit_critical
    app.o(i.CD100M_CLEAR) refers to usart.o(.data) for g_mail_data
    app.o(i.CD100M_CLEAR) refers to cd100m.o(.data) for g_CD100M_paras
    app.o(i.CD100M_CLEAR) refers to cd100m.o(.bss) for g_CD100M_dbg_info
    app.o(i.CD100M_CLEAR) refers to cd100m.o(.bss) for g_CD100M_res_info
    app.o(i.CD100M_INFO) refers to usart.o(i.uart2_send) for uart2_send
    app.o(i.CD100M_INFO) refers to delay.o(i.delay_ms) for delay_ms
    app.o(i.CD100M_INFO) refers to scheduler.o(i.rt_enter_critical) for rt_enter_critical
    app.o(i.CD100M_INFO) refers to scheduler.o(i.rt_exit_critical) for rt_exit_critical
    app.o(i.CD100M_INFO) refers to kservice.o(i.rt_kprintf) for rt_kprintf
    app.o(i.CD100M_INFO) refers to app.o(.data) for .data
    app.o(i.CD100M_INFO) refers to cd100m.o(.data) for g_uart_sta
    app.o(i.CD100M_INFO) refers to cd100m.o(.bss) for g_CD100M_res_info
    app.o(i.MQTT_INIT) refers to bc28.o(i.BC28_Init) for BC28_Init
    app.o(i.MQTT_INIT) refers to kservice.o(i.rt_kprintf) for rt_kprintf
    app.o(i.MQTT_INIT) refers to bc28.o(i.MQTT_Init) for MQTT_Init
    app.o(i.MQTT_INIT) refers to thread.o(i.rt_thread_mdelay) for rt_thread_mdelay
    app.o(i.MQTT_INIT) refers to thread.o(i.rt_thread_startup) for rt_thread_startup
    app.o(i.MQTT_INIT) refers to thread.o(i.rt_thread_suspend) for rt_thread_suspend
    app.o(i.MQTT_INIT) refers to app.o(.data) for .data
    app.o(i.MQTT_INIT) refers to app.o(.bss) for .bss
    app.o(i.MQTT_PUB_DATA) refers to thread.o(i.rt_thread_mdelay) for rt_thread_mdelay
    app.o(i.MQTT_PUB_DATA) refers to user_defined.o(i.JSON_Upper) for JSON_Upper
    app.o(i.MQTT_PUB_DATA) refers to strlen.o(.text) for strlen
    app.o(i.MQTT_PUB_DATA) refers to kservice.o(i.rt_kprintf) for rt_kprintf
    app.o(i.MQTT_PUB_DATA) refers to bc28.o(i.MQTT_PUB) for MQTT_PUB
    app.o(i.MQTT_PUB_DATA) refers to app.o(.data) for .data
    app.o(i.MQTT_PUB_DATA) refers to user_defined.o(.bss) for Json_Buf
    drv_bc28.o(i.BC28_SEND_DATA) refers to vsnprintf.o(.text) for vsnprintf
    drv_bc28.o(i.BC28_SEND_DATA) refers to strlen.o(.text) for strlen
    drv_bc28.o(i.BC28_SEND_DATA) refers to usart.o(i.USART3_Send_Data) for USART3_Send_Data
    drv_bc28.o(i.BC28_SEND_DATA) refers to drv_bc28.o(.bss) for .bss
    drv_bc28.o(i.bc28_callback) refers to ipc.o(i.rt_sem_release) for rt_sem_release
    drv_bc28.o(i.bc28_callback) refers to bc28.o(.data) for BC28_RX_FLAG
    drv_bc28.o(i.bc28_callback) refers to bc28.o(.data) for BC28_RX_DATA_LEN
    drv_bc28.o(i.bc28_callback) refers to app.o(.data) for BC28_Respond
    user_defined.o(i.JSON_Upper) refers to _printf_percent.o(.ARM.Collect$$_printf_percent$$00000000) for _printf_percent
    user_defined.o(i.JSON_Upper) refers to _printf_f.o(.ARM.Collect$$_printf_percent$$00000003) for _printf_f
    user_defined.o(i.JSON_Upper) refers to _printf_s.o(.ARM.Collect$$_printf_percent$$00000014) for _printf_s
    user_defined.o(i.JSON_Upper) refers to printf1.o(x$fpl$printf1) for _printf_fp_dec
    user_defined.o(i.JSON_Upper) refers to _printf_str.o(.text) for _printf_str
    user_defined.o(i.JSON_Upper) refers to rt_memclr.o(.text) for __aeabi_memclr
[...]
    g_cmd_sta_auto_dis                       0x2000008e   Data           4  cd100m.o(.data)
    g_cmd_dbg_auto_en                        0x20000092   Data           4  cd100m.o(.data)
    g_cmd_dbg_auto_dis                       0x20000096   Data           4  cd100m.o(.data)
    g_cmd_set_baud                           0x2000009a   Data           4  cd100m.o(.data)
    g_cmd_clr_cupsta                         0x2000009e   Data           4  cd100m.o(.data)
    .data                                    0x200000a2   Section       16  cd100m.o(.data)
    .data                                    0x200000b2   Section        1  bc28.o(.data)
    .data                                    0x200000b4   Section        2  bc28.o(.data)
    .data                                    0x200000b8   Section       20  usart.o(.data)
    g_cnt                                    0x200000b8   Data           2  usart.o(.data)
    NVIC_InitStructure                       0x200000ba   Data           4  usart.o(.data)
    g_recv_da                                0x200000be   Data           5  usart.o(.data)
    GPIO_InitStructure                       0x200000c4   Data           8  usart.o(.data)
    .data                                    0x200000cc   Section        4  usart.o(.data)
    .data                                    0x200000d0   Section       16  stm32f4xx_rcc.o(.data)
    APBAHBPrescTable                         0x200000d0   Data          16  stm32f4xx_rcc.o(.data)
    .data                                    0x200000e0   Section       24  shell.o(.data)
    finsh_prompt_custom                      0x200000f0   Data           4  shell.o(.data)
    .data                                    0x200000f8   Section        4  cpuport.o(.data)
    rt_exception_hook                        0x200000f8   Data           4  cpuport.o(.data)
    .data                                    0x200000fc   Section        4  cpuport.o(.data)
    .data                                    0x20000100   Section        4  cpuport.o(.data)
    .data                                    0x20000104   Section        4  cpuport.o(.data)
    .data                                    0x20000108   Section        4  clock.o(.data)
    rt_tick                                  0x20000108   Data           4  clock.o(.data)
    .data                                    0x2000010c   Section        1  irq.o(.data)
    .data                                    0x20000110   Section        8  kservice.o(.data)
    _console_device                          0x20000110   Data           4  kservice.o(.data)
    __rt_errno                               0x20000114   Data           4  kservice.o(.data)
    .data                                    0x20000118   Section       24  mem.o(.data)
    heap_ptr                                 0x20000118   Data           4  mem.o(.data)
    heap_end                                 0x2000011c   Data           4  mem.o(.data)
    lfree                                    0x20000120   Data           4  mem.o(.data)
    mem_size_aligned                         0x20000124   Data           4  mem.o(.data)
    used_mem                                 0x20000128   Data           4  mem.o(.data)
    max_mem                                  0x2000012c   Data           4  mem.o(.data)
    .data                                    0x20000130   Section      128  object.o(.data)
    rt_object_container                      0x20000130   Data         128  object.o(.data)
    .data                                    0x200001b0   Section       20  scheduler.o(.data)
    rt_scheduler_lock_nest                   0x200001b2   Data           2  scheduler.o(.data)
    .data                                    0x200001c4   Section       12  timer.o(.data)
    random_nr                                0x200001c4   Data           4  timer.o(.data)
    rt_timer_list                            0x200001c8   Data           8  timer.o(.data)
    .bss                                     0x200001d0   Section     1024  app.o(.bss)
    .bss                                     0x200005d0   Section      128  app.o(.bss)
    .bss                                     0x20000650   Section       44  drv_bc28.o(.bss)
    .bss                                     0x2000067c   Section       48  cd100m.o(.bss)
    frame_data                               0x2000067c   Data          19  cd100m.o(.bss)
    .bss                                     0x200006ac   Section       19  cd100m.o(.bss)
    .bss                                     0x200006bf   Section      200  bc28.o(.bss)
    .bss                                     0x20000788   Section       16  usart.o(.bss)
    USART_InitStructure                      0x20000788   Data          16  usart.o(.bss)
    .bss                                     0x20000798   Section      257  shell.o(.bss)
    finsh_prompt                             0x20000798   Data         257  shell.o(.bss)
    .bss                                     0x2000089c   Section      384  idle.o(.bss)
    idle                                     0x2000089c   Data         128  idle.o(.bss)
    rt_thread_stack                          0x2000091c   Data         256  idle.o(.bss)
    .bss                                     0x20000a1c   Section      256  kservice.o(.bss)
    rt_log_buf                               0x20000a1c   Data         256  kservice.o(.bss)
    .bss                                     0x20000b1c   Section       32  mem.o(.bss)
    heap_sem                                 0x20000b1c   Data          32  mem.o(.bss)
    .bss                                     0x20000b3c   Section      256  scheduler.o(.bss)
    .bss                                     0x20000c3c   Section    15360  board.o(.bss)
    rt_heap                                  0x20000c3c   Data       15360  board.o(.bss)
    .bss                                     0x2000483c   Section       96  libspace.o(.bss)
    HEAP                                     0x200048a0   Section      512  startup_stm32f40_41xxx.o(HEAP)
    Heap_Mem                                 0x200048a0   Data         512  startup_stm32f40_41xxx.o(HEAP)
    STACK                                    0x20004aa0   Section     1024  startup_stm32f40_41xxx.o(STACK)
    Stack_Mem                                0x20004aa0   Data        1024  startup_stm32f40_41xxx.o(STACK)
    __initial_sp                             0x20004ea0   Data           0  startup_stm32f40_41xxx.o(STACK)

    Global Symbols

    Symbol Name                              Value     Ov Type        Size  Object(Section)

    BuildAttributes$$THM_ISAv4$E$P$D$K$B$S$7EM$VFPi3$EXTD16$VFPS$VFMA$PE$A:L22UL41UL21$X:L11$S22US41US21$IEEE1$IW$USESV6$~STKCKD$USESV7$~SHL$OTIME$ROPI$IEEEJ$EBA8$UX$STANDARDLIB$REQ8$PRES8$EABIv2 0x00000000   Number         0  anon$$obj.o ABSOLUTE
    __ARM_use_no_argv                        0x00000000   Number         0  main.o ABSOLUTE
    _printf_flags                            0x00000000   Number         0  printf_stubs.o ABSOLUTE
    _printf_return_value                     0x00000000   Number         0  printf_stubs.o ABSOLUTE
    _printf_sizespec                         0x00000000   Number         0  printf_stubs.o ABSOLUTE
    _printf_widthprec                        0x00000000   Number         0  printf_stubs.o ABSOLUTE
    __ARM_exceptions_init                     - Undefined Weak Reference
    __alloca_initialize                       - Undefined Weak Reference
    __arm_preinit_                            - Undefined Weak Reference
    __cpp_initialize__aeabi_                  - Undefined Weak Reference
    __cxa_finalize                            - Undefined Weak Reference
    __sigvec_lookup                           - Undefined Weak Reference
    _atexit_init                              - Undefined Weak Reference
    _call_atexit_fns                          - Undefined Weak Reference
    _clock_init                               - Undefined Weak Reference
    _fp_trap_init                             - Undefined Weak Reference
    _fp_trap_shutdown                         - Undefined Weak Reference
    _get_lc_collate                           - Undefined Weak Reference
    _get_lc_monetary                          - Undefined Weak Reference
    _get_lc_time                              - Undefined Weak Reference
    _getenv_init                              - Undefined Weak Reference
    _handle_redirection                       - Undefined Weak Reference
    _init_alloc                               - Undefined Weak Reference
    _init_user_alloc                          - Undefined Weak Reference
    _initio                                   - Undefined Weak Reference
    _printf_mbtowc                            - Undefined Weak Reference
    _printf_wc                                - Undefined Weak Reference
    _rand_init                                - Undefined Weak Reference
    _signal_finish                            - Undefined Weak Reference
    _signal_init                              - Undefined Weak Reference
    _terminate_alloc                          - Undefined Weak Reference
    _terminate_user_alloc                     - Undefined Weak Reference
    _terminateio                              - Undefined Weak Reference
    __Vectors_Size                           0x00000188   Number         0  startup_stm32f40_41xxx.o ABSOLUTE
    __Vectors                                0x08000000   Data           4  startup_stm32f40_41xxx.o(RESET)
    __Vectors_End                            0x08000188   Data           0  startup_stm32f40_41xxx.o(RESET)
    __main                                   0x08000189   Thumb Code     8  __main.o(!!!main)
    __scatterload                            0x08000191   Thumb Code     0  __scatter.o(!!!scatter)
    __scatterload_rt2                        0x08000191   Thumb Code    44  __scatter.o(!!!scatter)
    __scatterload_rt2_thumb_only             0x08000191   Thumb Code     0  __scatter.o(!!!scatter)
    __scatterload_null                       0x0800019f   Thumb Code     0  __scatter.o(!!!scatter)
    __decompress                             0x080001c5   Thumb Code    90  __dczerorl2.o(!!dczerorl2)
    __decompress1                            0x080001c5   Thumb Code     0  __dczerorl2.o(!!dczerorl2)
    __scatterload_zeroinit                   0x08000221   Thumb Code    28  __scatter_zi.o(!!handler_zi)
    __rt_lib_init                            0x0800023d   Thumb Code     0  libinit.o(.ARM.Collect$$libinit$$00000000)
    __rt_lib_init_fp_1                       0x0800023f   Thumb Code     0  libinit2.o(.ARM.Collect$$libinit$$00000001)
    __rt_lib_init_alloca_1                   0x08000243   Thumb Code     0  libinit2.o(.ARM.Collect$$libinit$$0000002E)
    __rt_lib_init_argv_1                     0x08000243   Thumb Code     0  libinit2.o(.ARM.Collect$$libinit$$0000002C)
    __rt_lib_init_atexit_1                   0x08000243   Thumb Code     0  libinit2.o(.ARM.Collect$$libinit$$0000001B)
    __rt_lib_init_clock_1                    0x08000243   Thumb Code     0  libinit2.o(.ARM.Collect$$libinit$$00000021)
    __rt_lib_init_cpp_1                      0x08000243   Thumb Code     0  libinit2.o(.ARM.Collect$$libinit$$00000032)
    __rt_lib_init_exceptions_1               0x08000243   Thumb Code     0  libinit2.o(.ARM.Collect$$libinit$$00000030)
    __rt_lib_init_fp_trap_1                  0x08000243   Thumb Code     0  libinit2.o(.ARM.Collect$$libinit$$0000001F)
    __rt_lib_init_getenv_1                   0x08000243   Thumb Code     0  libinit2.o(.ARM.Collect$$libinit$$00000023)
    __rt_lib_init_heap_1                     0x08000243   Thumb Code     0  libinit2.o(.ARM.Collect$$libinit$$0000000A)
    __rt_lib_init_lc_collate_1               0x08000243   Thumb Code     0  libinit2.o(.ARM.Collect$$libinit$$00000011)
    __rt_lib_init_lc_ctype_1                 0x08000243   Thumb Code     0  libinit2.o(.ARM.Collect$$libinit$$00000013)
    __rt_lib_init_lc_monetary_1              0x08000243   Thumb Code     0  libinit2.o(.ARM.Collect$$libinit$$00000015)
    __rt_lib_init_lc_numeric_1               0x08000243   Thumb Code     0  libinit2.o(.ARM.Collect$$libinit$$00000017)
    __rt_lib_init_lc_time_1                  0x08000243   Thumb Code     0  libinit2.o(.ARM.Collect$$libinit$$00000019)
    __rt_lib_init_preinit_1                  0x08000243   Thumb Code     0  libinit2.o(.ARM.Collect$$libinit$$00000004)
    __rt_lib_init_rand_1                     0x08000243   Thumb Code     0  libinit2.o(.ARM.Collect$$libinit$$0000000E)
    __rt_lib_init_return                     0x08000243   Thumb Code     0  libinit2.o(.ARM.Collect$$libinit$$00000033)
    __rt_lib_init_signal_1                   0x08000243   Thumb Code     0  libinit2.o(.ARM.Collect$$libinit$$0000001D)
    __rt_lib_init_stdio_1                    0x08000243   Thumb Code     0  libinit2.o(.ARM.Collect$$libinit$$00000025)
    __rt_lib_init_user_alloc_1               0x08000243   Thumb Code     0  libinit2.o(.ARM.Collect$$libinit$$0000000C)
    __rt_lib_shutdown                        0x08000245   Thumb Code     0  libshutdown.o(.ARM.Collect$$libshutdown$$00000000)
    __rt_lib_shutdown_cpp_1                  0x08000247   Thumb Code     0  libshutdown2.o(.ARM.Collect$$libshutdown$$00000002)
    __rt_lib_shutdown_fp_trap_1              0x08000247   Thumb Code     0  libshutdown2.o(.ARM.Collect$$libshutdown$$00000007)
    __rt_lib_shutdown_heap_1                 0x08000247   Thumb Code     0  libshutdown2.o(.ARM.Collect$$libshutdown$$0000000F)
    __rt_lib_shutdown_return                 0x08000247   Thumb Code     0  libshutdown2.o(.ARM.Collect$$libshutdown$$00000010)
    __rt_lib_shutdown_signal_1               0x08000247   Thumb Code     0  libshutdown2.o(.ARM.Collect$$libshutdown$$0000000A)
    __rt_lib_shutdown_stdio_1                0x08000247   Thumb Code     0  libshutdown2.o(.ARM.Collect$$libshutdown$$00000004)
    __rt_lib_shutdown_user_alloc_1           0x08000247   Thumb Code     0  libshutdown2.o(.ARM.Collect$$libshutdown$$0000000C)
    __rt_entry                               0x08000249   Thumb Code     0  __rtentry.o(.ARM.Collect$$rtentry$$00000000)
    __rt_entry_presh_1                       0x08000249   Thumb Code     0  __rtentry2.o(.ARM.Collect$$rtentry$$00000002)
    __rt_entry_sh                            0x08000249   Thumb Code     0  __rtentry4.o(.ARM.Collect$$rtentry$$00000004)
    __rt_entry_li                            0x0800024f   Thumb Code     0  __rtentry2.o(.ARM.Collect$$rtentry$$0000000A)
    __rt_entry_postsh_1                      0x0800024f   Thumb Code     0  __rtentry2.o(.ARM.Collect$$rtentry$$00000009)
    __rt_entry_main                          0x08000253   Thumb Code     0  __rtentry2.o(.ARM.Collect$$rtentry$$0000000D)
    __rt_entry_postli_1                      0x08000253   Thumb Code     0  __rtentry2.o(.ARM.Collect$$rtentry$$0000000C)
    __rt_exit                                0x0800025b   Thumb Code     0  rtexit.o(.ARM.Collect$$rtexit$$00000000)
    __rt_exit_ls                             0x0800025d   Thumb Code     0  rtexit2.o(.ARM.Collect$$rtexit$$00000003)
    __rt_exit_prels_1                        0x0800025d   Thumb Code     0  rtexit2.o(.ARM.Collect$$rtexit$$00000002)
    __rt_exit_exit                           0x08000261   Thumb Code     0  rtexit2.o(.ARM.Collect$$rtexit$$00000004)
    Reset_Handler                            0x08000269   Thumb Code     8  startup_stm32f40_41xxx.o(.text)
    NMI_Handler                              0x08000271   Thumb Code     2  startup_stm32f40_41xxx.o(.text)
    MemManage_Handler                        0x08000275   Thumb Code     2  startup_stm32f40_41xxx.o(.text)
    BusFault_Handler                         0x08000277   Thumb Code     2  startup_stm32f40_41xxx.o(.text)
    UsageFault_Handler                       0x08000279   Thumb Code     2  startup_stm32f40_41xxx.o(.text)
    SVC_Handler                              0x0800027b   Thumb Code     2  startup_stm32f40_41xxx.o(.text)
    DebugMon_Handler                         0x0800027d   Thumb Code     2  startup_stm32f40_41xxx.o(.text)
    SysTick_Handler                          0x08000281   Thumb Code     2  startup_stm32f40_41xxx.o(.text)
    ADC_IRQHandler                           0x08000283   Thumb Code     0  startup_stm32f40_41xxx.o(.text)
    CAN1_RX0_IRQHandler                      0x08000283   Thumb Code     0  startup_stm32f40_41xxx.o(.text)
    CAN1_RX1_IRQHandler                      0x08000283   Thumb Code     0  startup_stm32f40_41xxx.o(.text)
    CAN1_SCE_IRQHandler                      0x08000283   Thumb Code     0  startup_stm32f40_41xxx.o(.text)
    CAN1_TX_IRQHandler                       0x08000283   Thumb Code     0  startup_stm32f40_41xxx.o(.text)
    CAN2_RX0_IRQHandler                      0x08000283   Thumb Code     0  startup_stm32f40_41xxx.o(.text)
    CAN2_RX1_IRQHandler                      0x08000283   Thumb Code     0  startup_stm32f40_41xxx.o(.text)
    CAN2_SCE_IRQHandler                      0x08000283   Thumb Code     0  startup_stm32f40_41xxx.o(.text)
    CAN2_TX_IRQHandler                       0x08000283   Thumb Code     0  startup_stm32f40_41xxx.o(.text)
    CRYP_IRQHandler                          0x08000283   Thumb Code     0  startup_stm32f40_41xxx.o(.text)
    DCMI_IRQHandler                          0x08000283   Thumb Code     0  startup_stm32f40_41xxx.o(.text)
    DMA1_Stream0_IRQHandler                  0x08000283   Thumb Code     0  startup_stm32f40_41xxx.o(.text)
    DMA1_Stream1_IRQHandler                  0x08000283   Thumb Code     0  startup_stm32f40_41xxx.o(.text)
    DMA1_Stream2_IRQHandler                  0x08000283   Thumb Code     0  startup_stm32f40_41xxx.o(.text)
    DMA1_Stream3_IRQHandler                  0x08000283   Thumb Code     0  startup_stm32f40_41xxx.o(.text)
    DMA1_Stream4_IRQHandler                  0x08000283   Thumb Code     0  startup_stm32f40_41xxx.o(.text)
    DMA1_Stream5_IRQHandler                  0x08000283   Thumb Code     0  startup_stm32f40_41xxx.o(.text)
    DMA1_Stream6_IRQHandler                  0x08000283   Thumb Code     0  startup_stm32f40_41xxx.o(.text)
    DMA1_Stream7_IRQHandler                  0x08000283   Thumb Code     0  startup_stm32f40_41xxx.o(.text)
    DMA2_Stream0_IRQHandler                  0x08000283   Thumb Code     0  startup_stm32f40_41xxx.o(.text)
    DMA2_Stream1_IRQHandler                  0x08000283   Thumb Code     0  startup_stm32f40_41xxx.o(.text)
    DMA2_Stream2_IRQHandler                  0x08000283   Thumb Code     0  startup_stm32f40_41xxx.o(.text)
    DMA2_Stream3_IRQHandler                  0x08000283   Thumb Code     0  startup_stm32f40_41xxx.o(.text)
    DMA2_Stream4_IRQHandler                  0x08000283   Thumb Code     0  startup_stm32f40_41xxx.o(.text)
    DMA2_Stream5_IRQHandler                  0x08000283   Thumb Code     0  startup_stm32f40_41xxx.o(.text)
    DMA2_Stream6_IRQHandler                  0x08000283   Thumb Code     0  startup_stm32f40_41xxx.o(.text)
    DMA2_Stream7_IRQHandler                  0x08000283   Thumb Code     0  startup_stm32f40_41xxx.o(.text)
    ETH_IRQHandler                           0x08000283   Thumb Code     0  startup_stm32f40_41xxx.o(.text)
    ETH_WKUP_IRQHandler                      0x08000283   Thumb Code     0  startup_stm32f40_41xxx.o(.text)
    EXTI0_IRQHandler                         0x08000283   Thumb Code     0  startup_stm32f40_41xxx.o(.text)
    EXTI15_10_IRQHandler                     0x08000283   Thumb Code     0  startup_stm32f40_41xxx.o(.text)
    EXTI1_IRQHandler                         0x08000283   Thumb Code     0  startup_stm32f40_41xxx.o(.text)
    EXTI2_IRQHandler                         0x08000283   Thumb Code     0  startup_stm32f40_41xxx.o(.text)
    EXTI3_IRQHandler                         0x08000283   Thumb Code     0  startup_stm32f40_41xxx.o(.text)
    EXTI4_IRQHandler                         0x08000283   Thumb Code     0  startup_stm32f40_41xxx.o(.text)
    EXTI9_5_IRQHandler                       0x08000283   Thumb Code     0  startup_stm32f40_41xxx.o(.text)
    FLASH_IRQHandler                         0x08000283   Thumb Code     0  startup_stm32f40_41xxx.o(.text)
    FPU_IRQHandler                           0x08000283   Thumb Code     0  startup_stm32f40_41xxx.o(.text)
    FSMC_IRQHandler                          0x08000283   Thumb Code     0  startup_stm32f40_41xxx.o(.text)
    HASH_RNG_IRQHandler                      0x08000283   Thumb Code     0  startup_stm32f40_41xxx.o(.text)
    I2C1_ER_IRQHandler                       0x08000283   Thumb Code     0  startup_stm32f40_41xxx.o(.text)
    I2C1_EV_IRQHandler                       0x08000283   Thumb Code     0  startup_stm32f40_41xxx.o(.text)
    I2C2_ER_IRQHandler                       0x08000283   Thumb Code     0  startup_stm32f40_41xxx.o(.text)
    I2C2_EV_IRQHandler                       0x08000283   Thumb Code     0  startup_stm32f40_41xxx.o(.text)
    I2C3_ER_IRQHandler                       0x08000283   Thumb Code     0  startup_stm32f40_41xxx.o(.text)
    I2C3_EV_IRQHandler                       0x08000283   Thumb Code     0  startup_stm32f40_41xxx.o(.text)
    OTG_FS_IRQHandler                        0x08000283   Thumb Code     0  startup_stm32f40_41xxx.o(.text)
    OTG_FS_WKUP_IRQHandler                   0x08000283   Thumb Code     0  startup_stm32f40_41xxx.o(.text)
    OTG_HS_EP1_IN_IRQHandler                 0x08000283   Thumb Code     0  startup_stm32f40_41xxx.o(.text)
    OTG_HS_EP1_OUT_IRQHandler                0x08000283   Thumb Code     0  startup_stm32f40_41xxx.o(.text)
    OTG_HS_IRQHandler                        0x08000283   Thumb Code     0  startup_stm32f40_41xxx.o(.text)
    OTG_HS_WKUP_IRQHandler                   0x08000283   Thumb Code     0  startup_stm32f40_41xxx.o(.text)
    PVD_IRQHandler                           0x08000283   Thumb Code     0  startup_stm32f40_41xxx.o(.text)
    RCC_IRQHandler                           0x08000283   Thumb Code     0  startup_stm32f40_41xxx.o(.text)
    RTC_Alarm_IRQHandler                     0x08000283   Thumb Code     0  startup_stm32f40_41xxx.o(.text)
    RTC_WKUP_IRQHandler                      0x08000283   Thumb Code     0  startup_stm32f40_41xxx.o(.text)
    SDIO_IRQHandler                          0x08000283   Thumb Code     0  startup_stm32f40_41xxx.o(.text)
    SPI1_IRQHandler                          0x08000283   Thumb Code     0  startup_stm32f40_41xxx.o(.text)
    SPI2_IRQHandler                          0x08000283   Thumb Code     0  startup_stm32f40_41xxx.o(.text)
    SPI3_IRQHandler                          0x08000283   Thumb Code     0  startup_stm32f40_41xxx.o(.text)
    TAMP_STAMP_IRQHandler                    0x08000283   Thumb Code     0  startup_stm32f40_41xxx.o(.text)
    TIM1_BRK_TIM9_IRQHandler                 0x08000283   Thumb Code     0  startup_stm32f40_41xxx.o(.text)
    TIM1_CC_IRQHandler                       0x08000283   Thumb Code     0  startup_stm32f40_41xxx.o(.text)
    TIM1_TRG_COM_TIM11_IRQHandler            0x08000283   Thumb Code     0  startup_stm32f40_41xxx.o(.text)
    TIM1_UP_TIM10_IRQHandler                 0x08000283   Thumb Code     0  startup_stm32f40_41xxx.o(.text)
    TIM2_IRQHandler                          0x08000283   Thumb Code     0  startup_stm32f40_41xxx.o(.text)
    TIM3_IRQHandler                          0x08000283   Thumb Code     0  startup_stm32f40_41xxx.o(.text)
    TIM4_IRQHandler                          0x08000283   Thumb Code     0  startup_stm32f40_41xxx.o(.text)
    TIM5_IRQHandler                          0x08000283   Thumb Code     0  startup_stm32f40_41xxx.o(.text)
    TIM6_DAC_IRQHandler                      0x08000283   Thumb Code     0  startup_stm32f40_41xxx.o(.text)
    TIM7_IRQHandler                          0x08000283   Thumb Code     0  startup_stm32f40_41xxx.o(.text)
    TIM8_BRK_TIM12_IRQHandler                0x08000283   Thumb Code     0  startup_stm32f40_41xxx.o(.text)
    TIM8_CC_IRQHandler                       0x08000283   Thumb Code     0  startup_stm32f40_41xxx.o(.text)
    TIM8_TRG_COM_TIM14_IRQHandler            0x08000283   Thumb Code     0  startup_stm32f40_41xxx.o(.text)
    TIM8_UP_TIM13_IRQHandler                 0x08000283   Thumb Code     0  startup_stm32f40_41xxx.o(.text)
    UART4_IRQHandler                         0x08000283   Thumb Code     0  startup_stm32f40_41xxx.o(.text)
    UART5_IRQHandler                         0x08000283   Thumb Code     0  startup_stm32f40_41xxx.o(.text)
    USART6_IRQHandler                        0x08000283   Thumb Code     0  startup_stm32f40_41xxx.o(.text)
    WWDG_IRQHandler                          0x08000283   Thumb Code     0  startup_stm32f40_41xxx.o(.text)
    __user_initial_stackheap                 0x08000285   Thumb Code     0  startup_stm32f40_41xxx.o(.text)
    rt_hw_interrupt_disable                  0x080002a9   Thumb Code     8  context_rvds.o(.text)
    rt_hw_interrupt_enable                   0x080002b1   Thumb Code     6  context_rvds.o(.text)
    rt_hw_context_switch                     0x080002b7   Thumb Code    32  context_rvds.o(.text)
    rt_hw_context_switch_interrupt           0x080002b7   Thumb Code     0  context_rvds.o(.text)
    PendSV_Handler                           0x080002d7   Thumb Code   108  context_rvds.o(.text)
    rt_hw_context_switch_to                  0x08000343   Thumb Code    68  context_rvds.o(.text)
    rt_hw_interrupt_thread_switch            0x08000387   Thumb Code     2  context_rvds.o(.text)
    HardFault_Handler                        0x08000389   Thumb Code    56  context_rvds.o(.text)
    strcpy                                   0x080003dd   Thumb Code    72  strcpy.o(.text)
    strlen                                   0x08000425   Thumb Code    62  strlen.o(.text)
    strncmp                                  0x08000463   Thumb Code   150  strncmp.o(.text)
    strcat                                   0x080004f9   Thumb Code    24  strcat.o(.text)
    __aeabi_memcpy4                          0x08000511   Thumb Code     0  rt_memcpy_w.o(.text)
    __aeabi_memcpy8                          0x08000511   Thumb Code     0  rt_memcpy_w.o(.text)
    __rt_memcpy_w                            0x08000511   Thumb Code   100  rt_memcpy_w.o(.text)
    _memcpy_lastbytes_aligned                0x08000559   Thumb Code     0  rt_memcpy_w.o(.text)
    __aeabi_memclr                           0x08000575   Thumb Code     0  rt_memclr.o(.text)
    __rt_memclr                              0x08000575   Thumb Code    68  rt_memclr.o(.text)
    _memset                                  0x08000579   Thumb Code     0  rt_memclr.o(.text)
    __aeabi_memclr4                          0x080005b9   Thumb Code     0  rt_memclr_w.o(.text)
    __aeabi_memclr8                          0x080005b9   Thumb Code     0  rt_memclr_w.o(.text)
    __rt_memclr_w                            0x080005b9   Thumb Code    78  rt_memclr_w.o(.text)
    _memset_w                                0x080005bd   Thumb Code     0  rt_memclr_w.o(.text)
    strncpy                                  0x08000607   Thumb Code    86  strncpy.o(.text)
    __use_two_region_memory                  0x0800065d   Thumb Code     2  heapauxi.o(.text)
    __rt_heap_escrow$2region                 0x0800065f   Thumb Code     2  heapauxi.o(.text)
    __rt_heap_expand$2region                 0x08000661   Thumb Code     2  heapauxi.o(.text)
    __user_libspace                          0x08000665   Thumb Code     8  libspace.o(.text)
    __user_perproc_libspace                  0x08000665   Thumb Code     0  libspace.o(.text)
    __user_perthread_libspace                0x08000665   Thumb Code     0  libspace.o(.text)
    __user_setup_stackheap                   0x0800066d   Thumb Code    74  sys_stackheap_outer.o(.text)
    exit                                     0x080006b7   Thumb Code    18  exit.o(.text)
    _sys_exit                                0x080006c9   Thumb Code     8  sys_exit.o(.text)
    __I$use$semihosting                      0x080006d5   Thumb Code     0  use_no_semi.o(.text)
    __use_no_semihosting_swi                 0x080006d5   Thumb Code     2  use_no_semi.o(.text)
    __semihosting_library_function           0x080006d7   Thumb Code     0  indicate_semi.o(.text)
    main                                     0x080006d7   Thumb Code    10  components.o(i.$Sub$$main)
    APP_Start                                0x080006e1   Thumb Code    82  main.o(i.APP_Start)
    CD100M_INFO                              0x08000781   Thumb Code    98  app.o(i.CD100M_INFO)
    CD100M_uart_decode                       0x08000805   Thumb Code   460  cd100m.o(i.CD100M_uart_decode)
    GPIO_Init                                0x08000a0d   Thumb Code   120  stm32f4xx_gpio.o(i.GPIO_Init)
    GPIO_PinAFConfig                         0x08000a85   Thumb Code    32  stm32f4xx_gpio.o(i.GPIO_PinAFConfig)
    NVIC_Init                                0x08000aa5   Thumb Code    96  misc.o(i.NVIC_Init)
    NVIC_PriorityGroupConfig                 0x08000b09   Thumb Code    10  misc.o(i.NVIC_PriorityGroupConfig)
    RCC_AHB1PeriphClockCmd                   0x08000b1d   Thumb Code    18  stm32f4xx_rcc.o(i.RCC_AHB1PeriphClockCmd)
    RCC_APB1PeriphClockCmd                   0x08000b35   Thumb Code    18  stm32f4xx_rcc.o(i.RCC_APB1PeriphClockCmd)
    RCC_APB2PeriphClockCmd                   0x08000b4d   Thumb Code    18  stm32f4xx_rcc.o(i.RCC_APB2PeriphClockCmd)
    RCC_GetClocksFreq                        0x08000b65   Thumb Code   132  stm32f4xx_rcc.o(i.RCC_GetClocksFreq)
    SystemInit                               0x08000ca9   Thumb Code    74  system_stm32f4xx.o(i.SystemInit)
    USART1_IRQHandler                        0x08000d05   Thumb Code    34  usart.o(i.USART1_IRQHandler)
    USART2_IRQHandler                        0x08000d2d   Thumb Code   114  usart.o(i.USART2_IRQHandler)
    USART3_IRQHandler                        0x08000dc9   Thumb Code    68  usart.o(i.USART3_IRQHandler)
    USART_ClearITPendingBit                  0x08000e21   Thumb Code    12  stm32f4xx_usart.o(i.USART_ClearITPendingBit)
    USART_Cmd                                0x08000e2d   Thumb Code    20  stm32f4xx_usart.o(i.USART_Cmd)
    USART_GetFlagStatus                      0x08000e41   Thumb Code    14  stm32f4xx_usart.o(i.USART_GetFlagStatus)
    USART_GetITStatus                        0x08000e4f   Thumb Code    62  stm32f4xx_usart.o(i.USART_GetITStatus)
    USART_ITConfig                           0x08000e8d   Thumb Code    48  stm32f4xx_usart.o(i.USART_ITConfig)
    USART_Init                               0x08000ebd   Thumb Code   164  stm32f4xx_usart.o(i.USART_Init)
    USART_ReceiveData                        0x08000f69   Thumb Code     8  stm32f4xx_usart.o(i.USART_ReceiveData)
    USART_SendData                           0x08000f71   Thumb Code     8  stm32f4xx_usart.o(i.USART_SendData)
    __rt_ffs                                 0x08000f79   Thumb Code    64  kservice.o(i.__rt_ffs)
    cmd_free                                 0x08001215   Thumb Code    10  msh.o(i.cmd_free)
    cmd_ps                                   0x0800121f   Thumb Code    10  msh.o(i.cmd_ps)
    delay_ms                                 0x08001229   Thumb Code    34  delay.o(i.delay_ms)
    finsh_get_prompt                         0x08001251   Thumb Code    68  shell.o(i.finsh_get_prompt)
    finsh_set_device                         0x080012c5   Thumb Code   106  shell.o(i.finsh_set_device)
    finsh_set_prompt_mode                    0x08001359   Thumb Code    16  shell.o(i.finsh_set_prompt_mode)
    finsh_system_function_init               0x0800136d   Thumb Code     8  shell.o(i.finsh_system_function_init)
    finsh_system_init                        0x08001379   Thumb Code    90  shell.o(i.finsh_system_init)
    finsh_thread_entry                       0x0800140d   Thumb Code   678  shell.o(i.finsh_thread_entry)
    hello                                    0x08001755   Thumb Code    12  cmd.o(i.hello)
    list                                     0x08001775   Thumb Code    50  cmd.o(i.list)
    list_device                              0x080017d9   Thumb Code   152  cmd.o(i.list_device)
    list_event                               0x080018dd   Thumb Code   182  cmd.o(i.list_event)
    list_mailbox                             0x08001a9d   Thumb Code   198  cmd.o(i.list_mailbox)
    list_mem                                 0x08001bdd   Thumb Code    32  mem.o(i.list_mem)
    list_msgqueue                            0x08001c49   Thumb Code   190  cmd.o(i.list_msgqueue)
    list_mutex                               0x08001d75   Thumb Code   146  cmd.o(i.list_mutex)
    list_sem                                 0x08001e6d   Thumb Code   190  cmd.o(i.list_sem)
    list_thread                              0x08001f8d   Thumb Code   250  cmd.o(i.list_thread)
    list_timer                               0x08002145   Thumb Code   160  cmd.o(i.list_timer)
    $Super$$main                             0x08002285   Thumb Code    60  main.o(i.main)
    main_thread_entry                        0x080022d5   Thumb Code    14  components.o(i.main_thread_entry)
    msh_auto_complete                        0x080023bd   Thumb Code   152  msh.o(i.msh_auto_complete)
    msh_exec                                 0x08002469   Thumb Code    74  msh.o(i.msh_exec)
    msh_help                                 0x080024cd   Thumb Code    58  msh.o(i.msh_help)
    msh_is_used                              0x08002545   Thumb Code     4  msh.o(i.msh_is_used)
    rt_application_init                      0x080027b1   Thumb Code    32  components.o(i.rt_application_init)
    rt_calloc                                0x080027dd   Thumb Code    26  mem.o(i.rt_calloc)
    rt_components_board_init                 0x080027f9   Thumb Code    20  components.o(i.rt_components_board_init)
    rt_components_init                       0x08002815   Thumb Code    20  components.o(i.rt_components_init)
    rt_console_get_device                    0x08002831   Thumb Code     6  kservice.o(i.rt_console_get_device)
    rt_device_close                          0x0800283d   Thumb Code    48  device.o(i.rt_device_close)
    rt_device_find                           0x0800286d   Thumb Code     6  device.o(i.rt_device_find)
    rt_device_open                           0x08002875   Thumb Code   110  device.o(i.rt_device_open)
    rt_device_read                           0x0800291d   Thumb Code    36  device.o(i.rt_device_read)
    rt_device_set_rx_indicate                0x08002941   Thumb Code     6  device.o(i.rt_device_set_rx_indicate)
    rt_device_write                          0x08002947   Thumb Code    36  device.o(i.rt_device_write)
    rt_enter_critical                        0x0800296d   Thumb Code    22  scheduler.o(i.rt_enter_critical)
    rt_exit_critical                         0x08002989   Thumb Code    52  scheduler.o(i.rt_exit_critical)
    rt_free                                  0x080029c1   Thumb Code   112  mem.o(i.rt_free)
    rt_heap_begin_get                        0x08002a85   Thumb Code     4  board.o(i.rt_heap_begin_get)
    rt_heap_end_get                          0x08002a8d   Thumb Code     4  board.o(i.rt_heap_end_get)
    rt_hw_board_init                         0x08002a95   Thumb Code    26  board.o(i.rt_hw_board_init)
    rt_hw_console_getchar                    0x08002aaf   Thumb Code     4  finsh_port.o(i.rt_hw_console_getchar)
    rt_hw_console_output                     0x08002ab5   Thumb Code    72  board.o(i.rt_hw_console_output)
    rt_hw_hard_fault_exception               0x08002b01   Thumb Code   198  cpuport.o(i.rt_hw_hard_fault_exception)
    rt_hw_stack_init                         0x08002d19   Thumb Code    56  cpuport.o(i.rt_hw_stack_init)
    rt_interrupt_get_nest                    0x08002d55   Thumb Code    18  irq.o(i.rt_interrupt_get_nest)
    rt_kprintf                               0x08002dcd   Thumb Code    64  kservice.o(i.rt_kprintf)
    rt_malloc                                0x08002eb1   Thumb Code   232  mem.o(i.rt_malloc)
    rt_mb_create                             0x08002fa1   Thumb Code    72  ipc.o(i.rt_mb_create)
    rt_memmove                               0x08002fe9   Thumb Code    46  kservice.o(i.rt_memmove)
    rt_memset                                0x08003017   Thumb Code    68  kservice.o(i.rt_memset)
    rt_object_allocate                       0x0800305b   Thumb Code    76  object.o(i.rt_object_allocate)
    rt_object_delete                         0x080030a7   Thumb Code    38  object.o(i.rt_object_delete)
    rt_object_detach                         0x080030cd   Thumb Code    32  object.o(i.rt_object_detach)
    rt_object_find                           0x080030ed   Thumb Code    70  object.o(i.rt_object_find)
    rt_object_get_information                0x08003135   Thumb Code    30  object.o(i.rt_object_get_information)
    rt_object_init                           0x08003159   Thumb Code    80  object.o(i.rt_object_init)
    rt_object_is_systemobject                0x080031a9   Thumb Code    14  object.o(i.rt_object_is_systemobject)
    rt_schedule                              0x080031b9   Thumb Code    76  scheduler.o(i.rt_schedule)
    rt_schedule_insert_thread                0x08003211   Thumb Code    70  scheduler.o(i.rt_schedule_insert_thread)
    rt_schedule_remove_thread                0x08003261   Thumb Code    66  scheduler.o(i.rt_schedule_remove_thread)
    rt_sem_create                            0x080032ad   Thumb Code    32  ipc.o(i.rt_sem_create)
    rt_sem_init                              0x080032cd   Thumb Code    36  ipc.o(i.rt_sem_init)
    rt_sem_release                           0x080032f1   Thumb Code    80  ipc.o(i.rt_sem_release)
    rt_sem_take                              0x08003341   Thumb Code   110  ipc.o(i.rt_sem_take)
    rt_set_errno                             0x080033b1   Thumb Code    26  kservice.o(i.rt_set_errno)
    rt_show_version                          0x080033d1   Thumb Code    40  kservice.o(i.rt_show_version)
    rt_strncmp                               0x08003481   Thumb Code    32  kservice.o(i.rt_strncmp)
    rt_strncpy                               0x080034a1   Thumb Code    38  kservice.o(i.rt_strncpy)
    rt_system_heap_init                      0x080034c9   Thumb Code    98  mem.o(i.rt_system_heap_init)
    rt_system_scheduler_init                 0x08003579   Thumb Code    44  scheduler.o(i.rt_system_scheduler_init)
    rt_system_scheduler_start                0x080035ad   Thumb Code    32  scheduler.o(i.rt_system_scheduler_start)
    rt_system_timer_init                     0x080035d5   Thumb Code    18  timer.o(i.rt_system_timer_init)
    rt_system_timer_thread_init              0x080035ed   Thumb Code     2  timer.o(i.rt_system_timer_thread_init)
    rt_thread_create                         0x080035ef   Thumb Code    72  thread.o(i.rt_thread_create)
    rt_thread_exit                           0x08003639   Thumb Code    80  thread.o(i.rt_thread_exit)
    rt_thread_idle_excute                    0x08003699   Thumb Code    68  idle.o(i.rt_thread_idle_excute)
    rt_thread_idle_init                      0x080036e1   Thumb Code    40  idle.o(i.rt_thread_idle_init)
    rt_thread_init                           0x08003719   Thumb Code    48  thread.o(i.rt_thread_init)
    rt_thread_resume                         0x08003749   Thumb Code    60  thread.o(i.rt_thread_resume)
    rt_thread_self                           0x08003785   Thumb Code     6  thread.o(i.rt_thread_self)
    rt_thread_startup                        0x08003791   Thumb Code    40  thread.o(i.rt_thread_startup)
    rt_thread_suspend                        0x080037bd   Thumb Code    66  thread.o(i.rt_thread_suspend)
    rt_thread_timeout                        0x080037ff   Thumb Code    32  thread.o(i.rt_thread_timeout)
    rt_tick_get                              0x08003821   Thumb Code     6  clock.o(i.rt_tick_get)
    rt_timer_control                         0x0800382d   Thumb Code    72  timer.o(i.rt_timer_control)
    rt_timer_detach                          0x08003875   Thumb Code    40  timer.o(i.rt_timer_detach)
    rt_timer_init                            0x0800389d   Thumb Code    40  timer.o(i.rt_timer_init)
    rt_timer_start                           0x080038c5   Thumb Code   140  timer.o(i.rt_timer_start)
    rt_timer_stop                            0x08003955   Thumb Code    46  timer.o(i.rt_timer_stop)
    rt_vsnprintf                             0x08003985   Thumb Code   600  kservice.o(i.rt_vsnprintf)
    rtthread_startup                         0x08003bf5   Thumb Code    42  components.o(i.rtthread_startup)
    uart2_init                               0x08003c79   Thumb Code   140  usart.o(i.uart2_init)
    uart2_send                               0x08003d15   Thumb Code    64  usart.o(i.uart2_send)
    usart_init                               0x08003e39   Thumb Code   140  usart.o(i.usart_init)
    version                                  0x08003ed5   Thumb Code    10  cmd.o(i.version)
    _fp_init                                 0x08003edf   Thumb Code    10  fpinit.o(x$fpl$fpinit)
    __fplib_config_fpu_vfp                   0x08003ee7   Thumb Code     0  fpinit.o(x$fpl$fpinit)
    __fplib_config_pureend_doubles           0x08003ee7   Thumb Code     0  fpinit.o(x$fpl$fpinit)
    __lowest_bit_bitmap                      0x08003f40   Data         256  kservice.o(.constdata)
    __fsym_hello_name                        0x080041e1   Data           6  cmd.o(.rodata.name)
    __fsym_hello_desc                        0x080041e7   Data          16  cmd.o(.rodata.name)
    __fsym_version_name                      0x080041f7   Data           8  cmd.o(.rodata.name)
    __fsym_version_desc                      0x080041ff   Data          35  cmd.o(.rodata.name)
    __fsym___cmd_version_name                0x08004222   Data          14  cmd.o(.rodata.name)
    __fsym___cmd_version_desc                0x08004230   Data          35  cmd.o(.rodata.name)
    __fsym_list_thread_name                  0x08004253   Data          12  cmd.o(.rodata.name)
    __fsym_list_thread_desc                  0x0800425f   Data          12  cmd.o(.rodata.name)
    __fsym___cmd_list_thread_name            0x0800426b   Data          18  cmd.o(.rodata.name)
    __fsym___cmd_list_thread_desc            0x0800427d   Data          12  cmd.o(.rodata.name)
    __fsym_list_sem_name                     0x08004289   Data           9  cmd.o(.rodata.name)
    __fsym_list_sem_desc                     0x08004292   Data          25  cmd.o(.rodata.name)
    __fsym___cmd_list_sem_name               0x080042ab   Data          15  cmd.o(.rodata.name)
    __fsym___cmd_list_sem_desc               0x080042ba   Data          25  cmd.o(.rodata.name)
    __fsym_list_event_name                   0x080042d3   Data          11  cmd.o(.rodata.name)
    __fsym_list_event_desc                   0x080042de   Data          21  cmd.o(.rodata.name)
    __fsym___cmd_list_event_name             0x080042f3   Data          17  cmd.o(.rodata.name)
    __fsym___cmd_list_event_desc             0x08004304   Data          21  cmd.o(.rodata.name)
    __fsym_list_mutex_name                   0x08004319   Data          11  cmd.o(.rodata.name)
    __fsym_list_mutex_desc                   0x08004324   Data          21  cmd.o(.rodata.name)
    __fsym___cmd_list_mutex_name             0x08004339   Data          17  cmd.o(.rodata.name)
    __fsym___cmd_list_mutex_desc             0x0800434a   Data          21  cmd.o(.rodata.name)
    __fsym_list_mailbox_name                 0x0800435f   Data          13  cmd.o(.rodata.name)
    __fsym_list_mailbox_desc                 0x0800436c   Data          24  cmd.o(.rodata.name)
    __fsym___cmd_list_mailbox_name           0x08004384   Data          19  cmd.o(.rodata.name)
    __fsym___cmd_list_mailbox_desc           0x08004397   Data          24  cmd.o(.rodata.name)
    __fsym_list_msgqueue_name                0x080043af   Data          14  cmd.o(.rodata.name)
    __fsym_list_msgqueue_desc                0x080043bd   Data          29  cmd.o(.rodata.name)
    __fsym___cmd_list_msgqueue_name          0x080043da   Data          20  cmd.o(.rodata.name)
    __fsym___cmd_list_msgqueue_desc          0x080043ee   Data          29  cmd.o(.rodata.name)
    __fsym_list_timer_name                   0x0800440b   Data          11  cmd.o(.rodata.name)
    __fsym_list_timer_desc                   0x08004416   Data          21  cmd.o(.rodata.name)
    __fsym___cmd_list_timer_name             0x0800442b   Data          17  cmd.o(.rodata.name)
    __fsym___cmd_list_timer_desc             0x0800443c   Data          21  cmd.o(.rodata.name)
    __fsym_list_device_name                  0x08004451   Data          12  cmd.o(.rodata.name)
    __fsym_list_device_desc                  0x0800445d   Data          22  cmd.o(.rodata.name)
    __fsym___cmd_list_device_name            0x08004473   Data          18  cmd.o(.rodata.name)
    __fsym___cmd_list_device_desc            0x08004485   Data          22  cmd.o(.rodata.name)
    __fsym_list_name                         0x0800449b   Data           5  cmd.o(.rodata.name)
    __fsym_list_desc                         0x080044a0   Data          26  cmd.o(.rodata.name)
    __fsym___cmd_help_name                   0x080044ba   Data          11  msh.o(.rodata.name)
    __fsym___cmd_help_desc                   0x080044c5   Data          22  msh.o(.rodata.name)
    __fsym___cmd_ps_name                     0x080044db   Data           9  msh.o(.rodata.name)
    __fsym___cmd_ps_desc                     0x080044e4   Data          28  msh.o(.rodata.name)
    __fsym___cmd_free_name                   0x08004500   Data          11  msh.o(.rodata.name)
    __fsym___cmd_free_desc                   0x0800450b   Data          37  msh.o(.rodata.name)
    __fsym_list_mem_name                     0x08004530   Data           9  mem.o(.rodata.name)
    __fsym_list_mem_desc                     0x08004539   Data          30  mem.o(.rodata.name)
    __rt_init_rti_start                      0x08004558   Data           4  components.o(.rti_fn.0)
    __rt_init_rti_board_start                0x0800455c   Data           4  components.o(.rti_fn.0.end)
    __rt_init_uart_init                      0x08004560   Data           4  board.o(.rti_fn.1)
    __rt_init_rti_board_end                  0x08004564   Data           4  components.o(.rti_fn.1.end)
    __rt_init_finsh_system_init              0x08004568   Data           4  shell.o(.rti_fn.6)
    __rt_init_rti_end                        0x0800456c   Data           4  components.o(.rti_fn.6.end)
    FSymTab$$Base                            0x08004570   Number         0  cmd.o(FSymTab)
    __fsym_hello                             0x08004570   Data          12  cmd.o(FSymTab)
    __fsym_version                           0x0800457c   Data          12  cmd.o(FSymTab)
    __fsym___cmd_version                     0x08004588   Data          12  cmd.o(FSymTab)
    __fsym_list_thread                       0x08004594   Data          12  cmd.o(FSymTab)
    __fsym___cmd_list_thread                 0x080045a0   Data          12  cmd.o(FSymTab)
    __fsym_list_sem                          0x080045ac   Data          12  cmd.o(FSymTab)
    __fsym___cmd_list_sem                    0x080045b8   Data          12  cmd.o(FSymTab)
    __fsym_list_event                        0x080045c4   Data          12  cmd.o(FSymTab)
    __fsym___cmd_list_event                  0x080045d0   Data          12  cmd.o(FSymTab)
    __fsym_list_mutex                        0x080045dc   Data          12  cmd.o(FSymTab)
    __fsym___cmd_list_mutex                  0x080045e8   Data          12  cmd.o(FSymTab)
    __fsym_list_mailbox                      0x080045f4   Data          12  cmd.o(FSymTab)
    __fsym___cmd_list_mailbox                0x08004600   Data          12  cmd.o(FSymTab)
    __fsym_list_msgqueue                     0x0800460c   Data          12  cmd.o(FSymTab)
    __fsym___cmd_list_msgqueue               0x08004618   Data          12  cmd.o(FSymTab)
    __fsym_list_timer                        0x08004624   Data          12  cmd.o(FSymTab)
    __fsym___cmd_list_timer                  0x08004630   Data          12  cmd.o(FSymTab)
    __fsym_list_device                       0x0800463c   Data          12  cmd.o(FSymTab)
    __fsym___cmd_list_device                 0x08004648   Data          12  cmd.o(FSymTab)
    __fsym_list                              0x08004654   Data          12  cmd.o(FSymTab)
    __fsym___cmd_help                        0x08004660   Data          12  msh.o(FSymTab)
    __fsym___cmd_ps                          0x0800466c   Data          12  msh.o(FSymTab)
    __fsym___cmd_free                        0x08004678   Data          12  msh.o(FSymTab)
    __fsym_list_mem                          0x08004684   Data          12  mem.o(FSymTab)
    FSymTab$$Limit                           0x08004690   Number         0  mem.o(FSymTab)
    Region$$Table$$Base                      0x08004690   Number         0  anon$$obj.o(Region$$Table)
    Region$$Table$$Limit                     0x080046b0   Number         0  anon$$obj.o(Region$$Table)
    start                                    0x20000000   Data           4  main.o(.data)
    BC28_Connect                             0x20000004   Data           1  app.o(.data)
    MQTT_Connect                             0x20000005   Data           1  app.o(.data)
    g_cmd1                                   0x20000008   Data           4  app.o(.data)
    g_cmd2                                   0x2000000c   Data           4  app.o(.data)
    g_cmd3                                   0x20000010   Data           4  app.o(.data)
    BC28_Respond                             0x2000001c   Data           4  app.o(.data)
    CD100M_RECV                              0x20000020   Data           4  app.o(.data)
    g_uart_sta                               0x20000026   Data           1  cd100m.o(.data)
    g_CD100M_paras                           0x200000a2   Data          16  cd100m.o(.data)
    BC28_RX_FLAG                             0x200000b2   Data           1  bc28.o(.data)
    BC28_RX_DATA_LEN                         0x200000b4   Data           2  bc28.o(.data)
    g_mail_data                              0x200000cc   Data           4  usart.o(.data)
    _syscall_table_begin                     0x200000e0   Data           4  shell.o(.data)
    _syscall_table_end                       0x200000e4   Data           4  shell.o(.data)
    _sysvar_table_begin                      0x200000e8   Data           4  shell.o(.data)
    _sysvar_table_end                        0x200000ec   Data           4  shell.o(.data)
    shell                                    0x200000f4   Data           4  shell.o(.data)
    rt_interrupt_from_thread                 0x200000fc   Data           4  cpuport.o(.data)
    rt_interrupt_to_thread                   0x20000100   Data           4  cpuport.o(.data)
    rt_thread_switch_interrupt_flag          0x20000104   Data           4  cpuport.o(.data)
    rt_interrupt_nest                        0x2000010c   Data           1  irq.o(.data)
    rt_current_priority                      0x200001b0   Data           1  scheduler.o(.data)
    rt_current_thread                        0x200001b4   Data           4  scheduler.o(.data)
    rt_thread_ready_priority_group           0x200001b8   Data           4  scheduler.o(.data)
    rt_thread_defunct                        0x200001bc   Data           8  scheduler.o(.data)
    th3_stack                                0x200001d0   Data        1024  app.o(.bss)
    th3                                      0x200005d0   Data         128  app.o(.bss)
    bc28_10ms                                0x20000650   Data          44  drv_bc28.o(.bss)
    g_CD100M_res_info                        0x20000690   Data          28  cd100m.o(.bss)
    g_CD100M_dbg_info                        0x200006ac   Data          19  cd100m.o(.bss)
    BC28_RX_BUF                              0x200006bf   Data         200  bc28.o(.bss)
    rt_thread_priority_table                 0x20000b3c   Data         256  scheduler.o(.bss)
    __libspace_start                         0x2000483c   Data          96  libspace.o(.bss)
    __temporary_stack_top$libspace           0x2000489c   Data           0  libspace.o(.bss)



==============================================================================

Memory Map of the image

  Image Entry point : 0x08000189

  Load Region LR_IROM1 (Base: 0x08000000, Size: 0x00004880, Max: 0x00080000, ABSOLUTE, COMPRESSED[0x00004784])

    Execution Region ER_IROM1 (Exec base: 0x08000000, Load base: 0x08000000, Size: 0x000046b0, Max: 0x00080000, ABSOLUTE)

    Exec Addr    Load Addr    Size         Type   Attr      Idx    E Section Name        Object

    0x08000000   0x08000000   0x00000188   Data   RO         2312    RESET               startup_stm32f40_41xxx.o
    0x08000188   0x08000188   0x00000008   Code   RO         4034  * !!!main             c_w.l(__main.o)
    0x08000190   0x08000190   0x00000034   Code   RO         4338    !!!scatter          c_w.l(__scatter.o)
    0x080001c4   0x080001c4   0x0000005a   Code   RO         4336    !!dczerorl2         c_w.l(__dczerorl2.o)
    0x0800021e   0x0800021e   0x00000002   PAD
    0x08000220   0x08000220   0x0000001c   Code   RO         4340    !!handler_zi        c_w.l(__scatter_zi.o)
    0x0800023c   0x0800023c   0x00000002   Code   RO         4206    .ARM.Collect$$libinit$$00000000  c_w.l(libinit.o)
    0x0800023e   0x0800023e   0x00000004   Code   RO         4207    .ARM.Collect$$libinit$$00000001  c_w.l(libinit2.o)
    0x08000242   0x08000242   0x00000000   Code   RO         4210    .ARM.Collect$$libinit$$00000004  c_w.l(libinit2.o)
    0x08000242   0x08000242   0x00000000   Code   RO         4213    .ARM.Collect$$libinit$$0000000A  c_w.l(libinit2.o)
    0x08000242   0x08000242   0x00000000   Code   RO         4215    .ARM.Collect$$libinit$$0000000C  c_w.l(libinit2.o)
    0x08000242   0x08000242   0x00000000   Code   RO         4217    .ARM.Collect$$libinit$$0000000E  c_w.l(libinit2.o)
    0x08000242   0x08000242   0x00000000   Code   RO         4220    .ARM.Collect$$libinit$$00000011  c_w.l(libinit2.o)
    0x08000242   0x08000242   0x00000000   Code   RO         4222    .ARM.Collect$$libinit$$00000013  c_w.l(libinit2.o)
    0x08000242   0x08000242   0x00000000   Code   RO         4224    .ARM.Collect$$libinit$$00000015  c_w.l(libinit2.o)
    0x08000242   0x08000242   0x00000000   Code   RO         4226    .ARM.Collect$$libinit$$00000017  c_w.l(libinit2.o)
    0x08000242   0x08000242   0x00000000   Code   RO         4228    .ARM.Collect$$libinit$$00000019  c_w.l(libinit2.o)
    0x08000242   0x08000242   0x00000000   Code   RO         4230    .ARM.Collect$$libinit$$0000001B  c_w.l(libinit2.o)
    0x08000242   0x08000242   0x00000000   Code   RO         4232    .ARM.Collect$$libinit$$0000001D  c_w.l(libinit2.o)
    0x08000242   0x08000242   0x00000000   Code   RO         4234    .ARM.Collect$$libinit$$0000001F  c_w.l(libinit2.o)
    0x08000242   0x08000242   0x00000000   Code   RO         4236    .ARM.Collect$$libinit$$00000021  c_w.l(libinit2.o)
    0x08000242   0x08000242   0x00000000   Code   RO         4238    .ARM.Collect$$libinit$$00000023  c_w.l(libinit2.o)
    0x08000242   0x08000242   0x00000000   Code   RO         4240    .ARM.Collect$$libinit$$00000025  c_w.l(libinit2.o)
    0x08000242   0x08000242   0x00000000   Code   RO         4244    .ARM.Collect$$libinit$$0000002C  c_w.l(libinit2.o)
    0x08000242   0x08000242   0x00000000   Code   RO         4246    .ARM.Collect$$libinit$$0000002E  c_w.l(libinit2.o)
    0x08000242   0x08000242   0x00000000   Code   RO         4248    .ARM.Collect$$libinit$$00000030  c_w.l(libinit2.o)
    0x08000242   0x08000242   0x00000000   Code   RO         4250    .ARM.Collect$$libinit$$00000032  c_w.l(libinit2.o)
    0x08000242   0x08000242   0x00000002   Code   RO         4251    .ARM.Collect$$libinit$$00000033  c_w.l(libinit2.o)
    0x08000244   0x08000244   0x00000002   Code   RO         4284    .ARM.Collect$$libshutdown$$00000000  c_w.l(libshutdown.o)
    0x08000246   0x08000246   0x00000000   Code   RO         4295    .ARM.Collect$$libshutdown$$00000002  c_w.l(libshutdown2.o)
    0x08000246   0x08000246   0x00000000   Code   RO         4297    .ARM.Collect$$libshutdown$$00000004  c_w.l(libshutdown2.o)
    0x08000246   0x08000246   0x00000000   Code   RO         4300    .ARM.Collect$$libshutdown$$00000007  c_w.l(libshutdown2.o)
    0x08000246   0x08000246   0x00000000   Code   RO         4303    .ARM.Collect$$libshutdown$$0000000A  c_w.l(libshutdown2.o)
    0x08000246   0x08000246   0x00000000   Code   RO         4305    .ARM.Collect$$libshutdown$$0000000C  c_w.l(libshutdown2.o)
    0x08000246   0x08000246   0x00000000   Code   RO         4308    .ARM.Collect$$libshutdown$$0000000F  c_w.l(libshutdown2.o)
    0x08000246   0x08000246   0x00000002   Code   RO         4309    .ARM.Collect$$libshutdown$$00000010  c_w.l(libshutdown2.o)
    0x08000248   0x08000248   0x00000000   Code   RO         4040    .ARM.Collect$$rtentry$$00000000  c_w.l(__rtentry.o)
    0x08000248   0x08000248   0x00000000   Code   RO         4124    .ARM.Collect$$rtentry$$00000002  c_w.l(__rtentry2.o)
    0x08000248   0x08000248   0x00000006   Code   RO         4136    .ARM.Collect$$rtentry$$00000004  c_w.l(__rtentry4.o)
    0x0800024e   0x0800024e   0x00000000   Code   RO         4126    .ARM.Collect$$rtentry$$00000009  c_w.l(__rtentry2.o)
    0x0800024e   0x0800024e   0x00000004   Code   RO         4127    .ARM.Collect$$rtentry$$0000000A  c_w.l(__rtentry2.o)
    0x08000252   0x08000252   0x00000000   Code   RO         4129    .ARM.Collect$$rtentry$$0000000C  c_w.l(__rtentry2.o)
    0x08000252   0x08000252   0x00000008   Code   RO         4130    .ARM.Collect$$rtentry$$0000000D  c_w.l(__rtentry2.o)
    0x0800025a   0x0800025a   0x00000002   Code   RO         4252    .ARM.Collect$$rtexit$$00000000  c_w.l(rtexit.o)
    0x0800025c   0x0800025c   0x00000000   Code   RO         4262    .ARM.Collect$$rtexit$$00000002  c_w.l(rtexit2.o)
    0x0800025c   0x0800025c   0x00000004   Code   RO         4263    .ARM.Collect$$rtexit$$00000003  c_w.l(rtexit2.o)
    0x08000260   0x08000260   0x00000006   Code   RO         4264    .ARM.Collect$$rtexit$$00000004  c_w.l(rtexit2.o)
    0x08000266   0x08000266   0x00000002   PAD
    0x08000268   0x08000268   0x00000040   Code   RO         2313    .text               startup_stm32f40_41xxx.o
    0x080002a8   0x080002a8   0x00000134   Code   RO         2769    .text               context_rvds.o
    0x080003dc   0x080003dc   0x00000048   Code   RO         4016    .text               c_w.l(strcpy.o)
    0x08000424   0x08000424   0x0000003e   Code   RO         4018    .text               c_w.l(strlen.o)
    0x08000462   0x08000462   0x00000096   Code   RO         4020    .text               c_w.l(strncmp.o)
    0x080004f8   0x080004f8   0x00000018   Code   RO         4022    .text               c_w.l(strcat.o)
    0x08000510   0x08000510   0x00000064   Code   RO         4024    .text               c_w.l(rt_memcpy_w.o)
    0x08000574   0x08000574   0x00000044   Code   RO         4026    .text               c_w.l(rt_memclr.o)
    0x080005b8   0x080005b8   0x0000004e   Code   RO         4028    .text               c_w.l(rt_memclr_w.o)
    0x08000606   0x08000606   0x00000056   Code   RO         4030    .text               c_w.l(strncpy.o)
    0x0800065c   0x0800065c   0x00000006   Code   RO         4032    .text               c_w.l(heapauxi.o)
    0x08000662   0x08000662   0x00000002   PAD
    0x08000664   0x08000664   0x00000008   Code   RO         4190    .text               c_w.l(libspace.o)
    0x0800066c   0x0800066c   0x0000004a   Code   RO         4193    .text               c_w.l(sys_stackheap_outer.o)
    0x080006b6   0x080006b6   0x00000012   Code   RO         4197    .text               c_w.l(exit.o)
    0x080006c8   0x080006c8   0x0000000c   Code   RO         4274    .text               c_w.l(sys_exit.o)
    0x080006d4   0x080006d4   0x00000002   Code   RO         4285    .text               c_w.l(use_no_semi.o)
    0x080006d6   0x080006d6   0x00000000   Code   RO         4287    .text               c_w.l(indicate_semi.o)
    0x080006d6   0x080006d6   0x0000000a   Code   RO         2873    i.$Sub$$main        components.o
    0x080006e0   0x080006e0   0x000000a0   Code   RO            4    i.APP_Start         main.o
    0x08000780   0x08000780   0x00000084   Code   RO          173    i.CD100M_INFO       app.o
    0x08000804   0x08000804   0x00000208   Code   RO          385    i.CD100M_uart_decode  cd100m.o
    0x08000a0c   0x08000a0c   0x00000078   Code   RO         1077    i.GPIO_Init         stm32f4xx_gpio.o
    0x08000a84   0x08000a84   0x00000020   Code   RO         1078    i.GPIO_PinAFConfig  stm32f4xx_gpio.o
    0x08000aa4   0x08000aa4   0x00000064   Code   RO          830    i.NVIC_Init         misc.o
    0x08000b08   0x08000b08   0x00000014   Code   RO          831    i.NVIC_PriorityGroupConfig  misc.o
    0x08000b1c   0x08000b1c   0x00000018   Code   RO         1178    i.RCC_AHB1PeriphClockCmd  stm32f4xx_rcc.o
    0x08000b34   0x08000b34   0x00000018   Code   RO         1187    i.RCC_APB1PeriphClockCmd  stm32f4xx_rcc.o
    0x08000b4c   0x08000b4c   0x00000018   Code   RO         1190    i.RCC_APB2PeriphClockCmd  stm32f4xx_rcc.o
    0x08000b64   0x08000b64   0x00000090   Code   RO         1199    i.RCC_GetClocksFreq  stm32f4xx_rcc.o
    0x08000bf4   0x08000bf4   0x000000b4   Code   RO         2320    i.SetSysClock       system_stm32f4xx.o
    0x08000ca8   0x08000ca8   0x0000005c   Code   RO         2322    i.SystemInit        system_stm32f4xx.o
    0x08000d04   0x08000d04   0x00000028   Code   RO          701    i.USART1_IRQHandler  usart.o
    0x08000d2c   0x08000d2c   0x0000009c   Code   RO          702    i.USART2_IRQHandler  usart.o
    0x08000dc8   0x08000dc8   0x00000058   Code   RO          703    i.USART3_IRQHandler  usart.o
    0x08000e20   0x08000e20   0x0000000c   Code   RO         2122    i.USART_ClearITPendingBit  stm32f4xx_usart.o
    0x08000e2c   0x08000e2c   0x00000014   Code   RO         2125    i.USART_Cmd         stm32f4xx_usart.o
    0x08000e40   0x08000e40   0x0000000e   Code   RO         2128    i.USART_GetFlagStatus  stm32f4xx_usart.o
    0x08000e4e   0x08000e4e   0x0000003e   Code   RO         2129    i.USART_GetITStatus  stm32f4xx_usart.o
    0x08000e8c   0x08000e8c   0x00000030   Code   RO         2131    i.USART_ITConfig    stm32f4xx_usart.o
    0x08000ebc   0x08000ebc   0x000000ac   Code   RO         2132    i.USART_Init        stm32f4xx_usart.o
    0x08000f68   0x08000f68   0x00000008   Code   RO         2139    i.USART_ReceiveData  stm32f4xx_usart.o
    0x08000f70   0x08000f70   0x00000008   Code   RO         2142    i.USART_SendData    stm32f4xx_usart.o
    0x08000f78   0x08000f78   0x00000044   Code   RO         3270    i.__rt_ffs          kservice.o
    0x08000fbc   0x08000fbc   0x000000a0   Code   RO         2608    i._msh_exec_cmd     msh.o
    0x0800105c   0x0800105c   0x00000074   Code   RO         3672    i._rt_thread_init   thread.o
    0x080010d0   0x080010d0   0x00000026   Code   RO         3802    i._rt_timer_init    timer.o
    0x080010f6   0x080010f6   0x00000018   Code   RO         3803    i._rt_timer_remove  timer.o
    0x0800110e   0x0800110e   0x0000001c   Code   RO         3673    i._thread_cleanup_execute  thread.o
    0x0800112a   0x0800112a   0x00000002   PAD
    0x0800112c   0x0800112c   0x000000e8   Code   RO         2773    i.bus_fault_track   cpuport.o
    0x08001214   0x08001214   0x0000000a   Code   RO         2609    i.cmd_free          msh.o
    0x0800121e   0x0800121e   0x0000000a   Code   RO         2610    i.cmd_ps            msh.o
    0x08001228   0x08001228   0x00000028   Code   RO          800    i.delay_ms          delay.o
    0x08001250   0x08001250   0x00000060   Code   RO         2677    i.finsh_get_prompt  shell.o
    0x080012b0   0x080012b0   0x00000014   Code   RO         2679    i.finsh_rx_ind      shell.o
    0x080012c4   0x080012c4   0x00000094   Code   RO         2680    i.finsh_set_device  shell.o
    0x08001358   0x08001358   0x00000014   Code   RO         2683    i.finsh_set_prompt_mode  shell.o
    0x0800136c   0x0800136c   0x0000000c   Code   RO         2684    i.finsh_system_function_init  shell.o
    0x08001378   0x08001378   0x00000094   Code   RO         2685    i.finsh_system_init  shell.o
    0x0800140c   0x0800140c   0x000002d0   Code   RO         2687    i.finsh_thread_entry  shell.o
    0x080016dc   0x080016dc   0x00000078   Code   RO         2774    i.hard_fault_track  cpuport.o
    0x08001754   0x08001754   0x00000020   Code   RO         2448    i.hello             cmd.o
    0x08001774   0x08001774   0x00000064   Code   RO         2449    i.list              cmd.o
    0x080017d8   0x080017d8   0x00000104   Code   RO         2450    i.list_device       cmd.o
    0x080018dc   0x080018dc   0x00000130   Code   RO         2451    i.list_event        cmd.o
    0x08001a0c   0x08001a0c   0x00000024   Code   RO         2452    i.list_find_init    cmd.o
    0x08001a30   0x08001a30   0x0000006a   Code   RO         2453    i.list_get_next     cmd.o
    0x08001a9a   0x08001a9a   0x00000002   PAD
    0x08001a9c   0x08001a9c   0x00000140   Code   RO         2454    i.list_mailbox      cmd.o
    0x08001bdc   0x08001bdc   0x0000006c   Code   RO         3457    i.list_mem          mem.o
    0x08001c48   0x08001c48   0x0000012c   Code   RO         2455    i.list_msgqueue     cmd.o
    0x08001d74   0x08001d74   0x000000f8   Code   RO         2456    i.list_mutex        cmd.o
    0x08001e6c   0x08001e6c   0x00000120   Code   RO         2457    i.list_sem          cmd.o
    0x08001f8c   0x08001f8c   0x000001b8   Code   RO         2458    i.list_thread       cmd.o
    0x08002144   0x08002144   0x00000140   Code   RO         2459    i.list_timer        cmd.o
    0x08002284   0x08002284   0x00000050   Code   RO            5    i.main              main.o
    0x080022d4   0x080022d4   0x0000000e   Code   RO         2874    i.main_thread_entry  components.o
    0x080022e2   0x080022e2   0x00000002   PAD
    0x080022e4   0x080022e4   0x000000d8   Code   RO         2775    i.mem_manage_fault_track  cpuport.o
    0x080023bc   0x080023bc   0x000000ac   Code   RO         2611    i.msh_auto_complete  msh.o
    0x08002468   0x08002468   0x00000064   Code   RO         2612    i.msh_exec          msh.o
    0x080024cc   0x080024cc   0x00000078   Code   RO         2613    i.msh_help          msh.o
    0x08002544   0x08002544   0x00000004   Code   RO         2614    i.msh_is_used       msh.o
    0x08002548   0x08002548   0x000000d0   Code   RO         2615    i.msh_split         msh.o
    0x08002618   0x08002618   0x00000018   Code   RO         2460    i.object_split      cmd.o
    0x08002630   0x08002630   0x00000054   Code   RO         3458    i.plug_holes        mem.o
    0x08002684   0x08002684   0x0000012c   Code   RO         3272    i.print_number      kservice.o
    0x080027b0   0x080027b0   0x0000002c   Code   RO         2875    i.rt_application_init  components.o
    0x080027dc   0x080027dc   0x0000001a   Code   RO         3459    i.rt_calloc         mem.o
    0x080027f6   0x080027f6   0x00000002   PAD
    0x080027f8   0x080027f8   0x0000001c   Code   RO         2876    i.rt_components_board_init  components.o
    0x08002814   0x08002814   0x0000001c   Code   RO         2877    i.rt_components_init  components.o
    0x08002830   0x08002830   0x0000000c   Code   RO         3273    i.rt_console_get_device  kservice.o
    0x0800283c   0x0800283c   0x00000030   Code   RO         2358    i.rt_device_close   device.o
    0x0800286c   0x0800286c   0x00000006   Code   RO         2362    i.rt_device_find    device.o
    0x08002872   0x08002872   0x00000002   PAD
    0x08002874   0x08002874   0x000000a8   Code   RO         2365    i.rt_device_open    device.o
    0x0800291c   0x0800291c   0x00000024   Code   RO         2366    i.rt_device_read    device.o
    0x08002940   0x08002940   0x00000006   Code   RO         2368    i.rt_device_set_rx_indicate  device.o
    0x08002946   0x08002946   0x00000024   Code   RO         2371    i.rt_device_write   device.o
    0x0800296a   0x0800296a   0x00000002   PAD
    0x0800296c   0x0800296c   0x0000001c   Code   RO         3611    i.rt_enter_critical  scheduler.o
    0x08002988   0x08002988   0x00000038   Code   RO         3612    i.rt_exit_critical  scheduler.o
    0x080029c0   0x080029c0   0x000000c4   Code   RO         3460    i.rt_free           mem.o
    0x08002a84   0x08002a84   0x00000008   Code   RO         3907    i.rt_heap_begin_get  board.o
    0x08002a8c   0x08002a8c   0x00000008   Code   RO         3908    i.rt_heap_end_get   board.o
    0x08002a94   0x08002a94   0x0000001a   Code   RO         3909    i.rt_hw_board_init  board.o
    0x08002aae   0x08002aae   0x00000004   Code   RO         3967    i.rt_hw_console_getchar  finsh_port.o
    0x08002ab2   0x08002ab2   0x00000002   PAD
    0x08002ab4   0x08002ab4   0x0000004c   Code   RO         3910    i.rt_hw_console_output  board.o
    0x08002b00   0x08002b00   0x00000218   Code   RO         2779    i.rt_hw_hard_fault_exception  cpuport.o
    0x08002d18   0x08002d18   0x0000003c   Code   RO         2780    i.rt_hw_stack_init  cpuport.o
    0x08002d54   0x08002d54   0x00000018   Code   RO         3244    i.rt_interrupt_get_nest  irq.o
    0x08002d6c   0x08002d6c   0x0000000e   Code   RO         2982    i.rt_ipc_list_resume  ipc.o
    0x08002d7a   0x08002d7a   0x00000050   Code   RO         2984    i.rt_ipc_list_suspend  ipc.o
    0x08002dca   0x08002dca   0x00000002   PAD
    0x08002dcc   0x08002dcc   0x00000048   Code   RO         3278    i.rt_kprintf        kservice.o
    0x08002e14   0x08002e14   0x0000000e   Code   RO         3523    i.rt_list_insert_after  object.o
    0x08002e22   0x08002e22   0x0000000e   Code   RO         3674    i.rt_list_insert_after  thread.o
    0x08002e30   0x08002e30   0x0000000e   Code   RO         3804    i.rt_list_insert_after  timer.o
    0x08002e3e   0x08002e3e   0x0000000e   Code   RO         2985    i.rt_list_insert_before  ipc.o
    0x08002e4c   0x08002e4c   0x0000000e   Code   RO         2461    i.rt_list_isempty   cmd.o
    0x08002e5a   0x08002e5a   0x0000000e   Code   RO         2986    i.rt_list_isempty   ipc.o
    0x08002e68   0x08002e68   0x00000012   Code   RO         2462    i.rt_list_len       cmd.o
    0x08002e7a   0x08002e7a   0x00000012   Code   RO         3524    i.rt_list_remove    object.o
    0x08002e8c   0x08002e8c   0x00000012   Code   RO         3675    i.rt_list_remove    thread.o
    0x08002e9e   0x08002e9e   0x00000012   Code   RO         3806    i.rt_list_remove    timer.o
    0x08002eb0   0x08002eb0   0x000000f0   Code   RO         3461    i.rt_malloc         mem.o
    0x08002fa0   0x08002fa0   0x00000048   Code   RO         2988    i.rt_mb_create      ipc.o
    0x08002fe8   0x08002fe8   0x0000002e   Code   RO         3283    i.rt_memmove        kservice.o
    0x08003016   0x08003016   0x00000044   Code   RO         3284    i.rt_memset         kservice.o
    0x0800305a   0x0800305a   0x0000004c   Code   RO         3525    i.rt_object_allocate  object.o
    0x080030a6   0x080030a6   0x00000026   Code   RO         3526    i.rt_object_delete  object.o
    0x080030cc   0x080030cc   0x00000020   Code   RO         3527    i.rt_object_detach  object.o
    0x080030ec   0x080030ec   0x00000046   Code   RO         3528    i.rt_object_find    object.o
    0x08003132   0x08003132   0x00000002   PAD
    0x08003134   0x08003134   0x00000024   Code   RO         3529    i.rt_object_get_information  object.o
    0x08003158   0x08003158   0x00000050   Code   RO         3533    i.rt_object_init    object.o
    0x080031a8   0x080031a8   0x0000000e   Code   RO         3534    i.rt_object_is_systemobject  object.o
    0x080031b6   0x080031b6   0x00000002   PAD
    0x080031b8   0x080031b8   0x00000058   Code   RO         3613    i.rt_schedule       scheduler.o
    0x08003210   0x08003210   0x00000050   Code   RO         3614    i.rt_schedule_insert_thread  scheduler.o
    0x08003260   0x08003260   0x0000004c   Code   RO         3615    i.rt_schedule_remove_thread  scheduler.o
    0x080032ac   0x080032ac   0x00000020   Code   RO         3012    i.rt_sem_create     ipc.o
    0x080032cc   0x080032cc   0x00000024   Code   RO         3015    i.rt_sem_init       ipc.o
    0x080032f0   0x080032f0   0x00000050   Code   RO         3016    i.rt_sem_release    ipc.o
    0x08003340   0x08003340   0x0000006e   Code   RO         3017    i.rt_sem_take       ipc.o
    0x080033ae   0x080033ae   0x00000002   PAD
    0x080033b0   0x080033b0   0x00000020   Code   RO         3285    i.rt_set_errno      kservice.o
    0x080033d0   0x080033d0   0x000000b0   Code   RO         3286    i.rt_show_version   kservice.o
    0x08003480   0x08003480   0x00000020   Code   RO         3293    i.rt_strncmp        kservice.o
    0x080034a0   0x080034a0   0x00000026   Code   RO         3294    i.rt_strncpy        kservice.o
    0x080034c6   0x080034c6   0x00000002   PAD
    0x080034c8   0x080034c8   0x000000b0   Code   RO         3464    i.rt_system_heap_init  mem.o
    0x08003578   0x08003578   0x00000034   Code   RO         3616    i.rt_system_scheduler_init  scheduler.o
    0x080035ac   0x080035ac   0x00000028   Code   RO         3617    i.rt_system_scheduler_start  scheduler.o
    0x080035d4   0x080035d4   0x00000018   Code   RO         3807    i.rt_system_timer_init  timer.o
    0x080035ec   0x080035ec   0x00000002   Code   RO         3808    i.rt_system_timer_thread_init  timer.o
    0x080035ee   0x080035ee   0x00000048   Code   RO         3677    i.rt_thread_create  thread.o
    0x08003636   0x08003636   0x00000002   PAD
    0x08003638   0x08003638   0x00000058   Code   RO         3682    i.rt_thread_exit    thread.o
    0x08003690   0x08003690   0x00000006   Code   RO         2940    i.rt_thread_idle_entry  idle.o
    0x08003696   0x08003696   0x00000002   PAD
    0x08003698   0x08003698   0x00000048   Code   RO         2941    i.rt_thread_idle_excute  idle.o
    0x080036e0   0x080036e0   0x00000038   Code   RO         2943    i.rt_thread_idle_init  idle.o
    0x08003718   0x08003718   0x00000030   Code   RO         3684    i.rt_thread_init    thread.o
    0x08003748   0x08003748   0x0000003c   Code   RO         3686    i.rt_thread_resume  thread.o
    0x08003784   0x08003784   0x0000000c   Code   RO         3687    i.rt_thread_self    thread.o
    0x08003790   0x08003790   0x0000002c   Code   RO         3689    i.rt_thread_startup  thread.o
    0x080037bc   0x080037bc   0x00000042   Code   RO         3690    i.rt_thread_suspend  thread.o
    0x080037fe   0x080037fe   0x00000020   Code   RO         3691    i.rt_thread_timeout  thread.o
    0x0800381e   0x0800381e   0x00000002   PAD
    0x08003820   0x08003820   0x0000000c   Code   RO         2837    i.rt_tick_get       clock.o
    0x0800382c   0x0800382c   0x00000048   Code   RO         3810    i.rt_timer_control  timer.o
    0x08003874   0x08003874   0x00000028   Code   RO         3813    i.rt_timer_detach   timer.o
    0x0800389c   0x0800389c   0x00000028   Code   RO         3814    i.rt_timer_init     timer.o
    0x080038c4   0x080038c4   0x00000090   Code   RO         3816    i.rt_timer_start    timer.o
    0x08003954   0x08003954   0x0000002e   Code   RO         3817    i.rt_timer_stop     timer.o
    0x08003982   0x08003982   0x00000002   PAD
    0x08003984   0x08003984   0x00000260   Code   RO         3297    i.rt_vsnprintf      kservice.o
    0x08003be4   0x08003be4   0x00000004   Code   RO         2878    i.rti_board_end     components.o
    0x08003be8   0x08003be8   0x00000004   Code   RO         2879    i.rti_board_start   components.o
    0x08003bec   0x08003bec   0x00000004   Code   RO         2880    i.rti_end           components.o
    0x08003bf0   0x08003bf0   0x00000004   Code   RO         2881    i.rti_start         components.o
    0x08003bf4   0x08003bf4   0x0000002a   Code   RO         2882    i.rtthread_startup  components.o
    0x08003c1e   0x08003c1e   0x00000002   PAD
    0x08003c20   0x08003c20   0x00000030   Code   RO         2463    i.show_wait_queue   cmd.o
    0x08003c50   0x08003c50   0x00000028   Code   RO         3299    i.skip_atoi         kservice.o
    0x08003c78   0x08003c78   0x0000009c   Code   RO          705    i.uart2_init        usart.o
    0x08003d14   0x08003d14   0x00000044   Code   RO          706    i.uart2_send        usart.o
    0x08003d58   0x08003d58   0x0000000e   Code   RO         3913    i.uart_init         board.o
    0x08003d66   0x08003d66   0x00000002   PAD
    0x08003d68   0x08003d68   0x000000d0   Code   RO         2781    i.usage_fault_track  cpuport.o
    0x08003e38   0x08003e38   0x0000009c   Code   RO          708    i.usart_init        usart.o
    0x08003ed4   0x08003ed4   0x0000000a   Code   RO         2464    i.version           cmd.o
    0x08003ede   0x08003ede   0x0000000a   Code   RO         4259    x$fpl$fpinit        fz_wm.l(fpinit.o)
    0x08003ee8   0x08003ee8   0x00000058   Data   RO         2465    .constdata          cmd.o
    0x08003f40   0x08003f40   0x00000122   Data   RO         3301    .constdata          kservice.o
    0x08004062   0x08004062   0x00000002   PAD
    0x08004064   0x08004064   0x0000017d   Data   RO         2466    .conststring        cmd.o
    0x080041e1   0x080041e1   0x00000006   Data   RO         2467    .rodata.name        cmd.o
    0x080041e7   0x080041e7   0x00000010   Data   RO         2468    .rodata.name        cmd.o
    0x080041f7   0x080041f7   0x00000008   Data   RO         2469    .rodata.name        cmd.o
    0x080041ff   0x080041ff   0x00000023   Data   RO         2470    .rodata.name        cmd.o
    0x08004222   0x08004222   0x0000000e   Data   RO         2471    .rodata.name        cmd.o
    0x08004230   0x08004230   0x00000023   Data   RO         2472    .rodata.name        cmd.o
    0x08004253   0x08004253   0x0000000c   Data   RO         2473    .rodata.name        cmd.o
    0x0800425f   0x0800425f   0x0000000c   Data   RO         2474    .rodata.name        cmd.o
    0x0800426b   0x0800426b   0x00000012   Data   RO         2475    .rodata.name        cmd.o
    0x0800427d   0x0800427d   0x0000000c   Data   RO         2476    .rodata.name        cmd.o
    0x08004289   0x08004289   0x00000009   Data   RO         2477    .rodata.name        cmd.o
    0x08004292   0x08004292   0x00000019   Data   RO         2478    .rodata.name        cmd.o
    0x080042ab   0x080042ab   0x0000000f   Data   RO         2479    .rodata.name        cmd.o
    0x080042ba   0x080042ba   0x00000019   Data   RO         2480    .rodata.name        cmd.o
    0x080042d3   0x080042d3   0x0000000b   Data   RO         2481    .rodata.name        cmd.o
    0x080042de   0x080042de   0x00000015   Data   RO         2482    .rodata.name        cmd.o
    0x080042f3   0x080042f3   0x00000011   Data   RO         2483    .rodata.name        cmd.o
    0x08004304   0x08004304   0x00000015   Data   RO         2484    .rodata.name        cmd.o
    0x08004319   0x08004319   0x0000000b   Data   RO         2485    .rodata.name        cmd.o
    0x08004324   0x08004324   0x00000015   Data   RO         2486    .rodata.name        cmd.o
    0x08004339   0x08004339   0x00000011   Data   RO         2487    .rodata.name        cmd.o
    0x0800434a   0x0800434a   0x00000015   Data   RO         2488    .rodata.name        cmd.o
    0x0800435f   0x0800435f   0x0000000d   Data   RO         2489    .rodata.name        cmd.o
    0x0800436c   0x0800436c   0x00000018   Data   RO         2490    .rodata.name        cmd.o
    0x08004384   0x08004384   0x00000013   Data   RO         2491    .rodata.name        cmd.o
    0x08004397   0x08004397   0x00000018   Data   RO         2492    .rodata.name        cmd.o
    0x080043af   0x080043af   0x0000000e   Data   RO         2493    .rodata.name        cmd.o
    0x080043bd   0x080043bd   0x0000001d   Data   RO         2494    .rodata.name        cmd.o
    0x080043da   0x080043da   0x00000014   Data   RO         2495    .rodata.name        cmd.o
    0x080043ee   0x080043ee   0x0000001d   Data   RO         2496    .rodata.name        cmd.o
    0x0800440b   0x0800440b   0x0000000b   Data   RO         2497    .rodata.name        cmd.o
    0x08004416   0x08004416   0x00000015   Data   RO         2498    .rodata.name        cmd.o
    0x0800442b   0x0800442b   0x00000011   Data   RO         2499    .rodata.name        cmd.o
    0x0800443c   0x0800443c   0x00000015   Data   RO         2500    .rodata.name        cmd.o
    0x08004451   0x08004451   0x0000000c   Data   RO         2501    .rodata.name        cmd.o
    0x0800445d   0x0800445d   0x00000016   Data   RO         2502    .rodata.name        cmd.o
    0x08004473   0x08004473   0x00000012   Data   RO         2503    .rodata.name        cmd.o
    0x08004485   0x08004485   0x00000016   Data   RO         2504    .rodata.name        cmd.o
    0x0800449b   0x0800449b   0x00000005   Data   RO         2505    .rodata.name        cmd.o
    0x080044a0   0x080044a0   0x0000001a   Data   RO         2506    .rodata.name        cmd.o
    0x080044ba   0x080044ba   0x0000000b   Data   RO         2616    .rodata.name        msh.o
    0x080044c5   0x080044c5   0x00000016   Data   RO         2617    .rodata.name        msh.o
    0x080044db   0x080044db   0x00000009   Data   RO         2618    .rodata.name        msh.o
    0x080044e4   0x080044e4   0x0000001c   Data   RO         2619    .rodata.name        msh.o
    0x08004500   0x08004500   0x0000000b   Data   RO         2620    .rodata.name        msh.o
    0x0800450b   0x0800450b   0x00000025   Data   RO         2621    .rodata.name        msh.o
    0x08004530   0x08004530   0x00000009   Data   RO         3467    .rodata.name        mem.o
    0x08004539   0x08004539   0x0000001e   Data   RO         3468    .rodata.name        mem.o
    0x08004557   0x08004557   0x00000001   PAD
    0x08004558   0x08004558   0x00000004   Data   RO         2883    .rti_fn.0           components.o
    0x0800455c   0x0800455c   0x00000004   Data   RO         2884    .rti_fn.0.end       components.o
    0x08004560   0x08004560   0x00000004   Data   RO         3915    .rti_fn.1           board.o
    0x08004564   0x08004564   0x00000004   Data   RO         2885    .rti_fn.1.end       components.o
    0x08004568   0x08004568   0x00000004   Data   RO         2690    .rti_fn.6           shell.o
    0x0800456c   0x0800456c   0x00000004   Data   RO         2886    .rti_fn.6.end       components.o
    0x08004570   0x08004570   0x000000f0   Data   RO         2507    FSymTab             cmd.o
    0x08004660   0x08004660   0x00000024   Data   RO         2622    FSymTab             msh.o
    0x08004684   0x08004684   0x0000000c   Data   RO         3469    FSymTab             mem.o
    0x08004690   0x08004690   0x00000020   Data   RO         4334    Region$$Table       anon$$obj.o


    Execution Region RW_IRAM1 (Exec base: 0x20000000, Load base: 0x080046b0, Size: 0x00004ea0, Max: 0x00020000, ABSOLUTE, COMPRESSED[0x000000d4])

    Exec Addr    Load Addr    Size         Type   Attr      Idx    E Section Name        Object

    0x20000000   COMPRESSED   0x00000004   Data   RW            6    .data               main.o
    0x20000004   COMPRESSED   0x00000015   Data   RW          183    .data               app.o
    0x20000019   COMPRESSED   0x00000003   PAD
    0x2000001c   COMPRESSED   0x00000004   Data   RW          184    .data               app.o
    0x20000020   COMPRESSED   0x00000004   Data   RW          185    .data               app.o
    0x20000024   COMPRESSED   0x0000007e   Data   RW          389    .data               cd100m.o
    0x200000a2   COMPRESSED   0x00000010   Data   RW          390    .data               cd100m.o
    0x200000b2   COMPRESSED   0x00000001   Data   RW          624    .data               bc28.o
    0x200000b3   COMPRESSED   0x00000001   PAD
    0x200000b4   COMPRESSED   0x00000002   Data   RW          625    .data               bc28.o
    0x200000b6   COMPRESSED   0x00000002   PAD
    0x200000b8   COMPRESSED   0x00000014   Data   RW          710    .data               usart.o
    0x200000cc   COMPRESSED   0x00000004   Data   RW          711    .data               usart.o
    0x200000d0   COMPRESSED   0x00000010   Data   RW         1230    .data               stm32f4xx_rcc.o
    0x200000e0   COMPRESSED   0x00000018   Data   RW         2689    .data               shell.o
    0x200000f8   COMPRESSED   0x00000004   Data   RW         2782    .data               cpuport.o
    0x200000fc   COMPRESSED   0x00000004   Data   RW         2783    .data               cpuport.o
    0x20000100   COMPRESSED   0x00000004   Data   RW         2784    .data               cpuport.o
    0x20000104   COMPRESSED   0x00000004   Data   RW         2785    .data               cpuport.o
    0x20000108   COMPRESSED   0x00000004   Data   RW         2840    .data               clock.o
    0x2000010c   COMPRESSED   0x00000001   Data   RW         3246    .data               irq.o
    0x2000010d   COMPRESSED   0x00000003   PAD
    0x20000110   COMPRESSED   0x00000008   Data   RW         3302    .data               kservice.o
    0x20000118   COMPRESSED   0x00000018   Data   RW         3466    .data               mem.o
    0x20000130   COMPRESSED   0x00000080   Data   RW         3536    .data               object.o
    0x200001b0   COMPRESSED   0x00000014   Data   RW         3619    .data               scheduler.o
    0x200001c4   COMPRESSED   0x0000000c   Data   RW         3818    .data               timer.o
    0x200001d0        -       0x00000400   Zero   RW          178    .bss                app.o
    0x200005d0        -       0x00000080   Zero   RW          181    .bss                app.o
    0x20000650        -       0x0000002c   Zero   RW          236    .bss                drv_bc28.o
    0x2000067c        -       0x00000030   Zero   RW          387    .bss                cd100m.o
    0x200006ac        -       0x00000013   Zero   RW          388    .bss                cd100m.o
    0x200006bf        -       0x000000c8   Zero   RW          623    .bss                bc28.o
    0x20000787   COMPRESSED   0x00000001   PAD
    0x20000788        -       0x00000010   Zero   RW          709    .bss                usart.o
    0x20000798        -       0x00000101   Zero   RW         2688    .bss                shell.o
    0x20000899   COMPRESSED   0x00000003   PAD
    0x2000089c        -       0x00000180   Zero   RW         2944    .bss                idle.o
    0x20000a1c        -       0x00000100   Zero   RW         3300    .bss                kservice.o
    0x20000b1c        -       0x00000020   Zero   RW         3465    .bss                mem.o
    0x20000b3c        -       0x00000100   Zero   RW         3618    .bss                scheduler.o
    0x20000c3c        -       0x00003c00   Zero   RW         3914    .bss                board.o
    0x2000483c        -       0x00000060   Zero   RW         4191    .bss                c_w.l(libspace.o)
    0x2000489c   COMPRESSED   0x00000004   PAD
    0x200048a0        -       0x00000200   Zero   RW         2311    HEAP                startup_stm32f40_41xxx.o
    0x20004aa0        -       0x00000400   Zero   RW         2310    STACK               startup_stm32f40_41xxx.o


==============================================================================

Image component sizes


      Code (inc. data)   RO Data    RW Data    ZI Data      Debug   Object Name

       132         34          0         29       1152       2170   app.o
         0          0          0          3        200        636   bc28.o
       132         12          4          0      15360       3018   board.o
       520         60          0        142         67       4777   cd100m.o
        12          6          0          4          0        670   clock.o
      2868       1098       1438          0          0      22069   cmd.o
       182         28         16          0          0       6210   components.o
       308         28          0          0          0        872   context_rvds.o
      1372        734          0         16          0       6694   cpuport.o
        40          6          0          0          0        511   delay.o
       300         58          0          0          0       4975   device.o
         0          0          0          0         44        225   drv_bc28.o
         4          0          0          0          0        484   finsh_port.o
       134         20          0          0        384       5090   idle.o
       452          0          0          0          0       9756   ipc.o
        24          6          0          1          0       1164   irq.o
      1492        174        290          8        256      13067   kservice.o
       240         98          0          4          0     290021   main.o
       830        250         51         24         32       5495   mem.o
       120         14          0          0          0       1803   misc.o
       784        164        154          0          0       9100   msh.o
       378          6          0        128          0       9553   object.o
       420         58          0         20        256       8474   scheduler.o
      1164        184          4         24        257      11251   shell.o
        64         26        392          0       1536        840   startup_stm32f40_41xxx.o
       152          0          0          0          0       2023   stm32f4xx_gpio.o
       216         30          0         16          0       5107   stm32f4xx_rcc.o
       344          8          0          0          0       6923   stm32f4xx_usart.o
       272         36          0          0          0       1589   system_stm32f4xx.o
       598         26          0          0          0      11068   thread.o
       462         16          0         12          0      10655   timer.o
       664        104          0         24         16       4561   usart.o

    ----------------------------------------------------------------------
     14716       3284       2384        464      19564     460851   Object Totals
         0          0         32          0          0          0   (incl. Generated)
        36          0          3          9          4          0   (incl. Padding)

    ----------------------------------------------------------------------

      Code (inc. data)   RO Data    RW Data    ZI Data      Debug   Library Member Name

        90          0          0          0          0          0   __dczerorl2.o
         8          0          0          0          0         68   __main.o
         0          0          0          0          0          0   __rtentry.o
        12          0          0          0          0          0   __rtentry2.o
         6          0          0          0          0          0   __rtentry4.o
        52          8          0          0          0          0   __scatter.o
        28          0          0          0          0          0   __scatter_zi.o
        18          0          0          0          0         80   exit.o
         6          0          0          0          0        152   heapauxi.o
         0          0          0          0          0          0   indicate_semi.o
         2          0          0          0          0          0   libinit.o
         6          0          0          0          0          0   libinit2.o
         2          0          0          0          0          0   libshutdown.o
         2          0          0          0          0          0   libshutdown2.o
         8          4          0          0         96         68   libspace.o
        68          0          0          0          0         68   rt_memclr.o
        78          0          0          0          0         80   rt_memclr_w.o
       100          0          0          0          0         80   rt_memcpy_w.o
         2          0          0          0          0          0   rtexit.o
        10          0          0          0          0          0   rtexit2.o
        24          0          0          0          0         68   strcat.o
        72          0          0          0          0         80   strcpy.o
        62          0          0          0          0         76   strlen.o
       150          0          0          0          0         80   strncmp.o
        86          0          0          0          0         76   strncpy.o
        12          4          0          0          0         68   sys_exit.o
        74          0          0          0          0         80   sys_stackheap_outer.o
         2          0          0          0          0         68   use_no_semi.o
        10          0          0          0          0        116   fpinit.o

    ----------------------------------------------------------------------
       996         16          0          0        100       1308   Library Totals
         6          0          0          0          4          0   (incl. Padding)

    ----------------------------------------------------------------------

      Code (inc. data)   RO Data    RW Data    ZI Data      Debug   Library Name

       980         16          0          0         96       1192   c_w.l
        10          0          0          0          0        116   fz_wm.l

    ----------------------------------------------------------------------
       996         16          0          0        100       1308   Library Totals

    ----------------------------------------------------------------------

==============================================================================


      Code (inc. data)   RO Data    RW Data    ZI Data      Debug   

     15712       3300       2384        464      19664     446187   Grand Totals
     15712       3300       2384        212      19664     446187   ELF Image Totals (compressed)
     15712       3300       2384        212          0          0   ROM Totals

==============================================================================

    Total RO  Size (Code + RO Data)                18096 (  17.67kB)
    Total RW  Size (RW Data + ZI Data)             20128 (  19.66kB)
    Total ROM Size (Code + RO Data + RW Data)      18308 (  17.88kB)

==============================================================================

