<html>
<body>
<pre>
<h1>µVision Build Log</h1>
<h2>Tool Versions:</h2>
IDE-Version: ¶ÃVision V5.25.0.0
Copyright (C) 2017 ARM Ltd and ARM Germany GmbH. All rights reserved.
License Information: 1 8618836097882, 1, LIC=RC93N-YESVZ-12GLE-5V7S8-4TU55-BF3TE
 
Tool Versions:
Toolchain:       MDK-ARM Plus  Version: 5.25.0.0
Toolchain Path:  C:\Keil_v5\ARM\ARMCC\Bin
C Compiler:      Armcc.exe V5.06 update 6 (build 750)
Assembler:       Armasm.exe V5.06 update 6 (build 750)
Linker/Locator:  ArmLink.exe V5.06 update 6 (build 750)
Library Manager: ArmAr.exe V5.06 update 6 (build 750)
Hex Converter:   FromElf.exe V5.06 update 6 (build 750)
CPU DLL:         SARMCM3.DLL V5.25.0.0
Dialog DLL:      DCM.DLL V1.17.0.0
Target DLL:      STLink\ST-LINKIII-KEIL_SWO.dll V3.0.1.0
Dialog DLL:      TCM.DLL V1.34.0.0
 
<h2>Project:</h2>
D:\◊¿√Ê\git_Test\learning_process\modbus_main\USER\USART.uvprojx
Project File Date:  04/12/2024

<h2>Output:</h2>
*** Using Compiler 'V5.06 update 6 (build 750)', folder: 'C:\Keil_v5\ARM\ARMCC\Bin'
Build target 'USART'
compiling main.c...
modbus.h(32): warning:  #1295-D: Deprecated declaration MODBUS_Init - give arg types
  void MODBUS_Init();
modbus.h(33): warning:  #1295-D: Deprecated declaration Modbus_Func3 - give arg types
  void Modbus_Func3();
modbus.h(34): warning:  #1295-D: Deprecated declaration Modbus_Func16 - give arg types
  void Modbus_Func16();
modbus.h(35): warning:  #1295-D: Deprecated declaration MODBUS_Handle - give arg types
  void MODBUS_Handle();
main.c: 4 warnings, 0 errors
compiling modbus_tim.c...
modbus.h(32): warning:  #1295-D: Deprecated declaration MODBUS_Init - give arg types
  void MODBUS_Init();
modbus.h(33): warning:  #1295-D: Deprecated declaration Modbus_Func3 - give arg types
  void Modbus_Func3();
modbus.h(34): warning:  #1295-D: Deprecated declaration Modbus_Func16 - give arg types
  void Modbus_Func16();
modbus.h(35): warning:  #1295-D: Deprecated declaration MODBUS_Handle - give arg types
  void MODBUS_Handle();
modbus_tim.c(48): warning:  #1-D: last line of file ends without a newline
  }
modbus_tim.c: 5 warnings, 0 errors
compiling rs485.c...
modbus.h(32): warning:  #1295-D: Deprecated declaration MODBUS_Init - give arg types
  void MODBUS_Init();
modbus.h(33): warning:  #1295-D: Deprecated declaration Modbus_Func3 - give arg types
  void Modbus_Func3();
modbus.h(34): warning:  #1295-D: Deprecated declaration Modbus_Func16 - give arg types
  void Modbus_Func16();
modbus.h(35): warning:  #1295-D: Deprecated declaration MODBUS_Handle - give arg types
  void MODBUS_Handle();
rs485.c: 4 warnings, 0 errors
compiling modbus.c...
modbus.h(32): warning:  #1295-D: Deprecated declaration MODBUS_Init - give arg types
  void MODBUS_Init();
modbus.h(33): warning:  #1295-D: Deprecated declaration Modbus_Func3 - give arg types
  void Modbus_Func3();
modbus.h(34): warning:  #1295-D: Deprecated declaration Modbus_Func16 - give arg types
  void Modbus_Func16();
modbus.h(35): warning:  #1295-D: Deprecated declaration MODBUS_Handle - give arg types
  void MODBUS_Handle();
modbus.c(196): warning:  #223-D: function "printf" declared implicitly
  	printf("‰ªéÊú∫ËøîÂõû %d ‰∏™ÂØÑÂ≠òÂô®Êï∞ÊçÆÔºö\r\n",count/2);
modbus.c(231): warning:  #1-D: last line of file ends without a newline
  }
modbus.c: 6 warnings, 0 errors
linking...
Program Size: Code=4298 RO-data=938 RW-data=44 ZI-data=2076  
FromELF: creating hex file...
"..\OBJ\USART.axf" - 0 Error(s), 19 Warning(s).

<h2>Software Packages used:</h2>

Package Vendor: Keil
                http://www.keil.com/pack/Keil.STM32F4xx_DFP.1.0.8.pack
                Keil.STM32F4xx_DFP.1.0.8
                STMicroelectronics STM32F4 Series Device Support, Drivers and Examples

<h2>Collection of Component include folders:</h2>
  .\RTE\_USART
  C:\Keil_v5\ARM\PACK\Keil\STM32F4xx_DFP\1.0.8\Device\Include

<h2>Collection of Component Files used:</h2>
Build Time Elapsed:  00:00:01
</pre>
</body>
</html>
