Component: ARM Compiler 5.06 update 6 (build 750) Tool: armlink [4d35ed]

==============================================================================

Section Cross References

    main.o(i.AppTaskStart) refers to device.o(i.rt_device_find) for rt_device_find
    main.o(i.AppTaskStart) refers to kservice.o(i.rt_kprintf) for rt_kprintf
    main.o(i.AppTaskStart) refers to device.o(i.rt_device_init) for rt_device_init
    main.o(i.AppTaskStart) refers to device.o(i.rt_device_open) for rt_device_open
    main.o(i.AppTaskStart) refers to ipc.o(i.rt_sem_create) for rt_sem_create
    main.o(i.AppTaskStart) refers to drv_usart.o(.data) for u1_dev
    main.o(i.AppTaskStart) refers to drv_sensor.o(.data) for Sensor_dev
    main.o(i.AppTaskStart) refers to zigbee_a72.o(.data) for A72_dev
    main.o(i.AppTaskStart) refers to modbus.o(.data) for modbus_respond
    main.o(i.AppTaskStart) refers to timer.o(i.rt_timer_create) for rt_timer_create
    main.o(i.AppTaskStart) refers to thread.o(i.rt_thread_init) for rt_thread_init
    main.o(i.AppTaskStart) refers to app.o(.data) for A72_Respond
    main.o(i.AppTaskStart) refers to modbus.o(i.modbus_callback) for modbus_callback
    main.o(i.AppTaskStart) refers to app.o(.bss) for th1_stack
    main.o(i.AppTaskStart) refers to app.o(i.Sensor_Debug) for Sensor_Debug
    main.o(i.AppTaskStart) refers to app.o(i.WLAN_INIT) for WLAN_INIT
    main.o(i.AppTaskStart) refers to app.o(i.Zigbee_Network_Status_Cheak_front) for Zigbee_Network_Status_Cheak_front
    main.o(i.AppTaskStart) refers to app.o(i.Zigbee_Network_Status_Cheak_after) for Zigbee_Network_Status_Cheak_after
    main.o(i.AppTaskStart) refers to app.o(i.Zigbee_Send_Data) for Zigbee_Send_Data
    main.o(i.AppTaskStart) refers to app.o(i.Zigbee_Data_handle) for Zigbee_Data_handle
    main.o(i.AppTaskStart) refers to app.o(i.Power_Metering) for Power_Metering
    main.o(i.AppTaskStart) refers to thread.o(i.rt_thread_startup) for rt_thread_startup
    main.o(i.AppTaskStart) refers to timer.o(i.rt_timer_start) for rt_timer_start
    main.o(i.main) refers to thread.o(i.rt_thread_create) for rt_thread_create
    main.o(i.main) refers to kservice.o(i.rt_kprintf) for rt_kprintf
    main.o(i.main) refers to thread.o(i.rt_thread_startup) for rt_thread_startup
    main.o(i.main) refers to main.o(i.AppTaskStart) for AppTaskStart
    main.o(i.main) refers to main.o(.data) for start
    systick.o(i.delay_1ms) refers to systick.o(.data) for delay
    systick.o(i.delay_decrement) refers to systick.o(.data) for delay
    systick.o(i.systick_config) refers to systick.o(i.NVIC_SetPriority) for NVIC_SetPriority
    systick.o(i.systick_config) refers to system_gd32f10x.o(.data) for SystemCoreClock
    app.o(i.Power_Metering) refers to power_metering.o(i.power_metering_init) for power_metering_init
    app.o(i.Power_Metering) refers to ffltui.o(.text) for __aeabi_ui2f
    app.o(i.Power_Metering) refers to fdiv.o(.text) for __aeabi_fdiv
    app.o(i.Power_Metering) refers to f2d.o(.text) for __aeabi_f2d
    app.o(i.Power_Metering) refers to dmul.o(.text) for __aeabi_dmul
    app.o(i.Power_Metering) refers to d2f.o(.text) for __aeabi_d2f
    app.o(i.Power_Metering) refers to ddiv.o(.text) for __aeabi_ddiv
    app.o(i.Power_Metering) refers to fmul.o(.text) for __aeabi_fmul
    app.o(i.Power_Metering) refers to ffixui.o(.text) for __aeabi_f2uiz
    app.o(i.Power_Metering) refers to printfa.o(i.__0sprintf) for __2sprintf
    app.o(i.Power_Metering) refers to kservice.o(i.rt_kprintf) for rt_kprintf
    app.o(i.Power_Metering) refers to thread.o(i.rt_thread_mdelay) for rt_thread_mdelay
    app.o(i.Power_Metering) refers to power_metering.o(.data) for adc_value
    app.o(i.Power_Metering) refers to app.o(.bss) for zigbee_value
    app.o(i.Sensor_Debug) refers to sensor.o(i.Sensor_TakeAValue) for Sensor_TakeAValue
    app.o(i.Sensor_Debug) refers to kservice.o(i.rt_kprintf) for rt_kprintf
    app.o(i.Sensor_Debug) refers to f2d.o(.text) for __aeabi_f2d
    app.o(i.Sensor_Debug) refers to printfa.o(i.__0sprintf) for __2sprintf
    app.o(i.Sensor_Debug) refers to thread.o(i.rt_thread_mdelay) for rt_thread_mdelay
    app.o(i.Sensor_Debug) refers to drv_sensor.o(.data) for Flag_AC_DO
    app.o(i.Sensor_Debug) refers to app.o(.data) for Sensor_Connect
    app.o(i.Sensor_Debug) refers to sensor.o(.bss) for debug_value
    app.o(i.WLAN_INIT) refers to zigbee_a72.o(i.A72_Init) for A72_Init
    app.o(i.WLAN_INIT) refers to kservice.o(i.rt_kprintf) for rt_kprintf
    app.o(i.WLAN_INIT) refers to thread.o(i.rt_thread_startup) for rt_thread_startup
    app.o(i.WLAN_INIT) refers to thread.o(i.rt_thread_suspend) for rt_thread_suspend
    app.o(i.WLAN_INIT) refers to thread.o(i.rt_thread_mdelay) for rt_thread_mdelay
    app.o(i.WLAN_INIT) refers to app.o(.data) for A72_Device_Connect
    app.o(i.WLAN_INIT) refers to app.o(.bss) for th3
    app.o(i.Zigbee_Data_handle) refers to ipc.o(i.rt_sem_take) for rt_sem_take
[...]
    __aeabi_llsl                             0x08000a01   Thumb Code    30  llshl.o(.text)
    _ll_shift_l                              0x08000a01   Thumb Code     0  llshl.o(.text)
    __aeabi_lasr                             0x08000a1f   Thumb Code    36  llsshr.o(.text)
    _ll_sshift_r                             0x08000a1f   Thumb Code     0  llsshr.o(.text)
    __decompress                             0x08000a43   Thumb Code     0  __dczerorl2.o(.text)
    __decompress1                            0x08000a43   Thumb Code    86  __dczerorl2.o(.text)
    main                                     0x08000a99   Thumb Code    10  components.o(i.$Sub$$main)
    A72_HANDLE_DATA                          0x08000aa5   Thumb Code    86  zigbee_a72.o(i.A72_HANDLE_DATA)
    A72_Init                                 0x08000b19   Thumb Code   150  zigbee_a72.o(i.A72_Init)
    A72_NoReply                              0x08000c9d   Thumb Code    12  zigbee_a72.o(i.A72_NoReply)
    A72_Print_Information                    0x08000ca9   Thumb Code    84  zigbee_a72.o(i.A72_Print_Information)
    A72_Read_Adderss                         0x08000d4d   Thumb Code   134  zigbee_a72.o(i.A72_Read_Adderss)
    A72_Read_Connect_status                  0x08000de1   Thumb Code    86  zigbee_a72.o(i.A72_Read_Connect_status)
    A72_Read_Device_Type                     0x08000e45   Thumb Code   128  zigbee_a72.o(i.A72_Read_Device_Type)
    A72_Read_RFS                             0x08000eed   Thumb Code   102  zigbee_a72.o(i.A72_Read_RFS)
    A72_Read_Sleep_time                      0x08000f5d   Thumb Code    94  zigbee_a72.o(i.A72_Read_Sleep_time)
    A72_SEND_DATA                            0x08000fc9   Thumb Code   574  zigbee_a72.o(i.A72_SEND_DATA)
    A72_SEND_ORDER                           0x0800122d   Thumb Code   114  zigbee_a72.o(i.A72_SEND_ORDER)
    A72_SET_TIME                             0x080012ad   Thumb Code   224  zigbee_a72.o(i.A72_SET_TIME)
    AppTaskStart                             0x080013b9   Thumb Code  3658  main.o(i.AppTaskStart)
    BusFault_Handler                         0x0800222d   Thumb Code     4  gd32f10x_it.o(i.BusFault_Handler)
    CRC_Verification                         0x08002231   Thumb Code    66  modbus.o(i.CRC_Verification)
    DebugMon_Handler                         0x08002273   Thumb Code     2  gd32f10x_it.o(i.DebugMon_Handler)
    MODBUS_Handle_Reply                      0x08002275   Thumb Code   168  modbus.o(i.MODBUS_Handle_Reply)
    MODBUS_HostToSlave_H03                   0x08002329   Thumb Code    86  modbus.o(i.MODBUS_HostToSlave_H03)
    MODBUS_HostToSlave_H06                   0x0800237f   Thumb Code    86  modbus.o(i.MODBUS_HostToSlave_H06)
    MemManage_Handler                        0x080023d5   Thumb Code     4  gd32f10x_it.o(i.MemManage_Handler)
    NMI_Handler                              0x080023d9   Thumb Code     2  gd32f10x_it.o(i.NMI_Handler)
    Power_Metering                           0x08002405   Thumb Code   234  app.o(i.Power_Metering)
    SVC_Handler                              0x08002551   Thumb Code     2  gd32f10x_it.o(i.SVC_Handler)
    Sensor_Debug                             0x08002555   Thumb Code   230  app.o(i.Sensor_Debug)
    Sensor_MakeAValue                        0x080026d5   Thumb Code    68  sensor.o(i.Sensor_MakeAValue)
    Sensor_TakeAValue                        0x0800272d   Thumb Code   406  sensor.o(i.Sensor_TakeAValue)
    SysTick_Handler                          0x080028e5   Thumb Code     8  board.o(i.SysTick_Handler)
    SystemInit                               0x080028ed   Thumb Code   196  system_gd32f10x.o(i.SystemInit)
    USART1_IRQHandler                        0x080029c1   Thumb Code   112  drv_usart.o(i.USART1_IRQHandler)
    USART1_Send_Data                         0x08002a4d   Thumb Code    42  drv_usart.o(i.USART1_Send_Data)
    USART2_IRQHandler                        0x08002a7d   Thumb Code    58  drv_usart.o(i.USART2_IRQHandler)
    USART2_Send_Data                         0x08002ad1   Thumb Code    42  drv_usart.o(i.USART2_Send_Data)
    UsageFault_Handler                       0x08002b01   Thumb Code     4  gd32f10x_it.o(i.UsageFault_Handler)
    WLAN_INIT                                0x08002b05   Thumb Code    86  app.o(i.WLAN_INIT)
    ZIGBEE_DAMAGE                            0x08002bf5   Thumb Code    34  drv_a72.o(i.ZIGBEE_DAMAGE)
    Zigbee_Data_handle                       0x08002c2d   Thumb Code    26  app.o(i.Zigbee_Data_handle)
    Zigbee_Network_Status_Cheak_after        0x08002c4d   Thumb Code    76  app.o(i.Zigbee_Network_Status_Cheak_after)
    Zigbee_Network_Status_Cheak_front        0x08002d0d   Thumb Code   110  app.o(i.Zigbee_Network_Status_Cheak_front)
    Zigbee_Send_Data                         0x08002e75   Thumb Code   214  app.o(i.Zigbee_Send_Data)
    __0sprintf                               0x08002fb1   Thumb Code    34  printfa.o(i.__0sprintf)
    __1sprintf                               0x08002fb1   Thumb Code     0  printfa.o(i.__0sprintf)
    __2sprintf                               0x08002fb1   Thumb Code     0  printfa.o(i.__0sprintf)
    __c89sprintf                             0x08002fb1   Thumb Code     0  printfa.o(i.__0sprintf)
    sprintf                                  0x08002fb1   Thumb Code     0  printfa.o(i.__0sprintf)
    __rt_ffs                                 0x08002fd9   Thumb Code    70  kservice.o(i.__rt_ffs)
    __scatterload_copy                       0x08003025   Thumb Code    14  handlers.o(i.__scatterload_copy)
    __scatterload_null                       0x08003033   Thumb Code     2  handlers.o(i.__scatterload_null)
    __scatterload_zeroinit                   0x08003035   Thumb Code    14  handlers.o(i.__scatterload_zeroinit)
    adc_calibration_enable                   0x08003b19   Thumb Code    42  gd32f10x_adc.o(i.adc_calibration_enable)
    adc_channel_length_config                0x08003b43   Thumb Code    70  gd32f10x_adc.o(i.adc_channel_length_config)
    adc_data_alignment_config                0x08003b89   Thumb Code    22  gd32f10x_adc.o(i.adc_data_alignment_config)
    adc_deinit                               0x08003ba1   Thumb Code    84  gd32f10x_adc.o(i.adc_deinit)
    adc_dma_mode_enable                      0x08003bf9   Thumb Code    10  gd32f10x_adc.o(i.adc_dma_mode_enable)
    adc_enable                               0x08003c03   Thumb Code    18  gd32f10x_adc.o(i.adc_enable)
    adc_external_trigger_config              0x08003c15   Thumb Code    62  gd32f10x_adc.o(i.adc_external_trigger_config)
    adc_external_trigger_source_config       0x08003c53   Thumb Code    48  gd32f10x_adc.o(i.adc_external_trigger_source_config)
    adc_mode_config                          0x08003c85   Thumb Code    22  gd32f10x_adc.o(i.adc_mode_config)
    adc_regular_channel_config               0x08003ca1   Thumb Code   172  gd32f10x_adc.o(i.adc_regular_channel_config)
    adc_special_function_config              0x08003d4d   Thumb Code    90  gd32f10x_adc.o(i.adc_special_function_config)
    cmd_free                                 0x08003ea5   Thumb Code    14  msh.o(i.cmd_free)
    cmd_ps                                   0x08003eb3   Thumb Code    14  msh.o(i.cmd_ps)
    dma_channel_enable                       0x08003ec1   Thumb Code    50  gd32f10x_dma.o(i.dma_channel_enable)
    dma_circulation_enable                   0x08003ef3   Thumb Code    50  gd32f10x_dma.o(i.dma_circulation_enable)
    dma_deinit                               0x08003f25   Thumb Code   112  gd32f10x_dma.o(i.dma_deinit)
    dma_init                                 0x08003f95   Thumb Code   302  gd32f10x_dma.o(i.dma_init)
    finsh_get_prompt                         0x080040dd   Thumb Code    86  shell.o(i.finsh_get_prompt)
    finsh_set_device                         0x080041fd   Thumb Code   144  shell.o(i.finsh_set_device)
    finsh_set_prompt_mode                    0x080042cd   Thumb Code    42  shell.o(i.finsh_set_prompt_mode)
    finsh_system_function_init               0x08004315   Thumb Code    10  shell.o(i.finsh_system_function_init)
    finsh_system_init                        0x08004329   Thumb Code    98  shell.o(i.finsh_system_init)
    finsh_thread_entry                       0x080043c5   Thumb Code   960  shell.o(i.finsh_thread_entry)
    gpio_bit_reset                           0x080047a5   Thumb Code     4  gd32f10x_gpio.o(i.gpio_bit_reset)
    gpio_bit_set                             0x080047a9   Thumb Code     4  gd32f10x_gpio.o(i.gpio_bit_set)
    gpio_init                                0x080047ad   Thumb Code   172  gd32f10x_gpio.o(i.gpio_init)
    gpio_input_bit_get                       0x08004859   Thumb Code    16  gd32f10x_gpio.o(i.gpio_input_bit_get)
    hello                                    0x080048e9   Thumb Code    12  cmd.o(i.hello)
    list                                     0x0800495d   Thumb Code    54  cmd.o(i.list)
    list_device                              0x080049c5   Thumb Code   172  cmd.o(i.list_device)
    list_event                               0x08004add   Thumb Code   204  cmd.o(i.list_event)
    list_mailbox                             0x08004cd5   Thumb Code   224  cmd.o(i.list_mailbox)
    list_mem                                 0x08004e31   Thumb Code    34  mem.o(i.list_mem)
    list_msgqueue                            0x08004ea9   Thumb Code   216  cmd.o(i.list_msgqueue)
    list_mutex                               0x08004fed   Thumb Code   168  cmd.o(i.list_mutex)
    list_sem                                 0x080050f9   Thumb Code   216  cmd.o(i.list_sem)
    list_thread                              0x08005231   Thumb Code   294  cmd.o(i.list_thread)
    list_timer                               0x08005415   Thumb Code   190  cmd.o(i.list_timer)
    $Super$$main                             0x08005575   Thumb Code    96  main.o(i.main)
    main_thread_entry                        0x0800564d   Thumb Code    14  components.o(i.main_thread_entry)
    modbus_callback                          0x080059ad   Thumb Code    50  modbus.o(i.modbus_callback)
    msh_auto_complete                        0x080059f1   Thumb Code   138  msh.o(i.msh_auto_complete)
    msh_exec                                 0x08005a91   Thumb Code    84  msh.o(i.msh_exec)
    msh_help                                 0x08005b59   Thumb Code    66  msh.o(i.msh_help)
    msh_is_used                              0x08005bd9   Thumb Code     4  msh.o(i.msh_is_used)
    nvic_irq_enable                          0x08005dbd   Thumb Code   162  gd32f10x_misc.o(i.nvic_irq_enable)
    nvic_priority_group_set                  0x08005e69   Thumb Code    10  gd32f10x_misc.o(i.nvic_priority_group_set)
    nvic_vector_table_set                    0x08005e7d   Thumb Code    16  gd32f10x_misc.o(i.nvic_vector_table_set)
    power_metering_init                      0x080060fd   Thumb Code    32  power_metering.o(i.power_metering_init)
    rcu_adc_clock_config                     0x08006351   Thumb Code    64  gd32f10x_rcu.o(i.rcu_adc_clock_config)
    rcu_clock_freq_get                       0x08006399   Thumb Code   264  gd32f10x_rcu.o(i.rcu_clock_freq_get)
    rcu_periph_clock_enable                  0x080064bd   Thumb Code    28  gd32f10x_rcu.o(i.rcu_periph_clock_enable)
    rcu_periph_reset_disable                 0x080064dd   Thumb Code    28  gd32f10x_rcu.o(i.rcu_periph_reset_disable)
    rcu_periph_reset_enable                  0x080064fd   Thumb Code    28  gd32f10x_rcu.o(i.rcu_periph_reset_enable)
    rt_A72_init                              0x08006529   Thumb Code    58  drv_a72.o(i.rt_A72_init)
    rt_application_init                      0x0800659d   Thumb Code    46  components.o(i.rt_application_init)
    rt_assert_handler                        0x080065ed   Thumb Code    56  kservice.o(i.rt_assert_handler)
    rt_calloc                                0x08006661   Thumb Code    34  mem.o(i.rt_calloc)
    rt_components_board_init                 0x08006685   Thumb Code    20  components.o(i.rt_components_board_init)
    rt_components_init                       0x080066a1   Thumb Code    20  components.o(i.rt_components_init)
    rt_console_get_device                    0x080066bd   Thumb Code     6  kservice.o(i.rt_console_get_device)
    rt_device_close                          0x080066c9   Thumb Code    92  device.o(i.rt_device_close)
    rt_device_create                         0x08006775   Thumb Code    46  device.o(i.rt_device_create)
    rt_device_find                           0x080067a3   Thumb Code    14  device.o(i.rt_device_find)
    rt_device_init                           0x080067b1   Thumb Code    64  device.o(i.rt_device_init)
    rt_device_open                           0x0800683d   Thumb Code   168  device.o(i.rt_device_open)
    rt_device_read                           0x08006981   Thumb Code    98  device.o(i.rt_device_read)
    rt_device_register                       0x08006a35   Thumb Code    52  device.o(i.rt_device_register)
    rt_device_set_rx_indicate                0x08006a69   Thumb Code    48  device.o(i.rt_device_set_rx_indicate)
    rt_device_write                          0x08006ae9   Thumb Code    98  device.o(i.rt_device_write)
    rt_enter_critical                        0x08006b9d   Thumb Code    28  scheduler.o(i.rt_enter_critical)
    rt_exit_critical                         0x08006bbd   Thumb Code    60  scheduler.o(i.rt_exit_critical)
    rt_free                                  0x08006c01   Thumb Code   260  mem.o(i.rt_free)
    rt_heap_begin_get                        0x08006df1   Thumb Code     4  board.o(i.rt_heap_begin_get)
    rt_heap_end_get                          0x08006df9   Thumb Code     4  board.o(i.rt_heap_end_get)
    rt_hw_board_init                         0x08006e01   Thumb Code    38  board.o(i.rt_hw_board_init)
    rt_hw_console_getchar                    0x08006e29   Thumb Code    36  finsh_port.o(i.rt_hw_console_getchar)
    rt_hw_console_output                     0x08006e51   Thumb Code    74  board.o(i.rt_hw_console_output)
    rt_hw_cpu_reset                          0x08006ea1   Thumb Code     8  cpuport.o(i.rt_hw_cpu_reset)
    rt_hw_hard_fault_exception               0x08006eb1   Thumb Code   198  cpuport.o(i.rt_hw_hard_fault_exception)
    rt_hw_stack_init                         0x080070b9   Thumb Code    70  cpuport.o(i.rt_hw_stack_init)
    rt_interrupt_enter                       0x08007105   Thumb Code    30  irq.o(i.rt_interrupt_enter)
    rt_interrupt_get_nest                    0x08007129   Thumb Code    22  irq.o(i.rt_interrupt_get_nest)
    rt_interrupt_leave                       0x08007145   Thumb Code    30  irq.o(i.rt_interrupt_leave)
    rt_kprintf                               0x08007201   Thumb Code    96  kservice.o(i.rt_kprintf)
    rt_malloc                                0x0800732d   Thumb Code   500  mem.o(i.rt_malloc)
    rt_memmove                               0x080075cd   Thumb Code    66  kservice.o(i.rt_memmove)
    rt_memset                                0x0800760f   Thumb Code    72  kservice.o(i.rt_memset)
    rt_object_allocate                       0x08007659   Thumb Code   140  object.o(i.rt_object_allocate)
    rt_object_delete                         0x0800772d   Thumb Code    70  object.o(i.rt_object_delete)
    rt_object_detach                         0x080077b9   Thumb Code    44  object.o(i.rt_object_detach)
    rt_object_find                           0x080077fd   Thumb Code   124  object.o(i.rt_object_find)
    rt_object_get_information                0x080078a9   Thumb Code    36  object.o(i.rt_object_get_information)
    rt_object_get_type                       0x080078d1   Thumb Code    26  object.o(i.rt_object_get_type)
    rt_object_init                           0x08007905   Thumb Code   122  object.o(i.rt_object_init)
    rt_object_is_systemobject                0x080079ad   Thumb Code    34  object.o(i.rt_object_is_systemobject)
    rt_os_tick_callback                      0x080079e9   Thumb Code    16  board.o(i.rt_os_tick_callback)
    rt_schedule                              0x080079f9   Thumb Code   114  scheduler.o(i.rt_schedule)
    rt_schedule_insert_thread                0x08007a85   Thumb Code    90  scheduler.o(i.rt_schedule_insert_thread)
    rt_schedule_remove_thread                0x08007b01   Thumb Code    94  scheduler.o(i.rt_schedule_remove_thread)
    rt_sem_create                            0x08007b81   Thumb Code   102  ipc.o(i.rt_sem_create)
    rt_sem_init                              0x08007c2d   Thumb Code    66  ipc.o(i.rt_sem_init)
    rt_sem_release                           0x08007c99   Thumb Code   122  ipc.o(i.rt_sem_release)
    rt_sem_take                              0x08007d2d   Thumb Code   252  ipc.o(i.rt_sem_take)
    rt_sensor_init                           0x08007ea5   Thumb Code    58  drv_sensor.o(i.rt_sensor_init)
    rt_set_errno                             0x08007f1d   Thumb Code    36  kservice.o(i.rt_set_errno)
    rt_show_version                          0x08007f45   Thumb Code    38  kservice.o(i.rt_show_version)
    rt_soft_timer_check                      0x08007ff5   Thumb Code   190  timer.o(i.rt_soft_timer_check)
    rt_strncmp                               0x080080bd   Thumb Code    40  kservice.o(i.rt_strncmp)
    rt_strncpy                               0x080080e5   Thumb Code    52  kservice.o(i.rt_strncpy)
    rt_system_heap_init                      0x08008119   Thumb Code   204  mem.o(i.rt_system_heap_init)
    rt_system_scheduler_init                 0x0800826d   Thumb Code    56  scheduler.o(i.rt_system_scheduler_init)
    rt_system_scheduler_start                0x080082bd   Thumb Code    36  scheduler.o(i.rt_system_scheduler_start)
    rt_system_timer_init                     0x080082ed   Thumb Code    24  timer.o(i.rt_system_timer_init)
    rt_system_timer_thread_init              0x08008309   Thumb Code    58  timer.o(i.rt_system_timer_thread_init)
    rt_thread_create                         0x0800835d   Thumb Code    80  thread.o(i.rt_thread_create)
    rt_thread_delay                          0x080083ad   Thumb Code    12  thread.o(i.rt_thread_delay)
    rt_thread_exit                           0x080083b9   Thumb Code    78  thread.o(i.rt_thread_exit)
    rt_thread_idle_excute                    0x08008419   Thumb Code   132  idle.o(i.rt_thread_idle_excute)
    rt_thread_idle_init                      0x080084d1   Thumb Code    38  idle.o(i.rt_thread_idle_init)
    rt_thread_init                           0x0800850d   Thumb Code    74  thread.o(i.rt_thread_init)
    rt_thread_mdelay                         0x08008589   Thumb Code    20  thread.o(i.rt_thread_mdelay)
    rt_thread_resume                         0x0800859d   Thumb Code   104  thread.o(i.rt_thread_resume)
    rt_thread_self                           0x08008621   Thumb Code     6  thread.o(i.rt_thread_self)
    rt_thread_sleep                          0x0800862d   Thumb Code    98  thread.o(i.rt_thread_sleep)
    rt_thread_startup                        0x080086b1   Thumb Code   110  thread.o(i.rt_thread_startup)
    rt_thread_suspend                        0x08008775   Thumb Code   112  thread.o(i.rt_thread_suspend)
    rt_thread_timeout                        0x08008801   Thumb Code    92  thread.o(i.rt_thread_timeout)
    rt_thread_yield                          0x080088f9   Thumb Code    92  thread.o(i.rt_thread_yield)
    rt_tick_from_millisecond                 0x0800895d   Thumb Code    56  clock.o(i.rt_tick_from_millisecond)
    rt_tick_get                              0x08008995   Thumb Code     6  clock.o(i.rt_tick_get)
    rt_tick_increase                         0x080089a1   Thumb Code    42  clock.o(i.rt_tick_increase)
    rt_timer_check                           0x080089d1   Thumb Code   172  timer.o(i.rt_timer_check)
    rt_timer_control                         0x08008a81   Thumb Code   134  timer.o(i.rt_timer_control)
    rt_timer_create                          0x08008b5d   Thumb Code    54  timer.o(i.rt_timer_create)
    rt_timer_detach                          0x08008b95   Thumb Code    90  timer.o(i.rt_timer_detach)
    rt_timer_init                            0x08008c71   Thumb Code    58  timer.o(i.rt_timer_init)
    rt_timer_start                           0x08008cf1   Thumb Code   336  timer.o(i.rt_timer_start)
    rt_timer_stop                            0x08008ecd   Thumb Code    84  timer.o(i.rt_timer_stop)
    rt_uart1_init                            0x08008f75   Thumb Code    66  drv_usart.o(i.rt_uart1_init)
    rt_usart2_init                           0x08008ff1   Thumb Code    66  drv_usart.o(i.rt_usart2_init)
    rt_vsnprintf                             0x0800906d   Thumb Code   824  kservice.o(i.rt_vsnprintf)
    rtthread_startup                         0x080093bd   Thumb Code    42  components.o(i.rtthread_startup)
    systick_config                           0x08009565   Thumb Code    74  systick.o(i.systick_config)
    timer_channel_output_config              0x080098c9   Thumb Code   484  gd32f10x_timer.o(i.timer_channel_output_config)
    timer_channel_output_mode_config         0x08009ab5   Thumb Code    90  gd32f10x_timer.o(i.timer_channel_output_mode_config)
    timer_channel_output_pulse_value_config  0x08009b0f   Thumb Code    38  gd32f10x_timer.o(i.timer_channel_output_pulse_value_config)
    timer_channel_output_shadow_config       0x08009b35   Thumb Code    90  gd32f10x_timer.o(i.timer_channel_output_shadow_config)
    timer_enable                             0x08009b8f   Thumb Code    10  gd32f10x_timer.o(i.timer_enable)
    timer_init                               0x08009b99   Thumb Code   170  gd32f10x_timer.o(i.timer_init)
    usart0_init                              0x08009d65   Thumb Code   126  drv_usart.o(i.usart0_init)
    usart1_init                              0x08009ded   Thumb Code   152  drv_usart.o(i.usart1_init)
    usart2_init                              0x08009e8d   Thumb Code   146  drv_usart.o(i.usart2_init)
    usart_baudrate_set                       0x08009f29   Thumb Code   136  gd32f10x_usart.o(i.usart_baudrate_set)
    usart_data_receive                       0x08009fb9   Thumb Code    10  gd32f10x_usart.o(i.usart_data_receive)
    usart_data_transmit                      0x08009fc3   Thumb Code     8  gd32f10x_usart.o(i.usart_data_transmit)
    usart_deinit                             0x08009fcd   Thumb Code   136  gd32f10x_usart.o(i.usart_deinit)
    usart_enable                             0x0800a05d   Thumb Code    10  gd32f10x_usart.o(i.usart_enable)
    usart_flag_get                           0x0800a067   Thumb Code    30  gd32f10x_usart.o(i.usart_flag_get)
    usart_hardware_flow_cts_config           0x0800a085   Thumb Code    16  gd32f10x_usart.o(i.usart_hardware_flow_cts_config)
    usart_hardware_flow_rts_config           0x0800a095   Thumb Code    16  gd32f10x_usart.o(i.usart_hardware_flow_rts_config)
    usart_interrupt_enable                   0x0800a0a5   Thumb Code    26  gd32f10x_usart.o(i.usart_interrupt_enable)
    usart_interrupt_flag_clear               0x0800a0bf   Thumb Code    26  gd32f10x_usart.o(i.usart_interrupt_flag_clear)
    usart_interrupt_flag_get                 0x0800a0d9   Thumb Code    56  gd32f10x_usart.o(i.usart_interrupt_flag_get)
    usart_parity_config                      0x0800a111   Thumb Code    16  gd32f10x_usart.o(i.usart_parity_config)
    usart_receive_config                     0x0800a121   Thumb Code    16  gd32f10x_usart.o(i.usart_receive_config)
    usart_stop_bit_set                       0x0800a131   Thumb Code    16  gd32f10x_usart.o(i.usart_stop_bit_set)
    usart_transmit_config                    0x0800a141   Thumb Code    16  gd32f10x_usart.o(i.usart_transmit_config)
    usart_word_length_set                    0x0800a151   Thumb Code    16  gd32f10x_usart.o(i.usart_word_length_set)
    version                                  0x0800a161   Thumb Code    10  cmd.o(i.version)
    __lowest_bit_bitmap                      0x0800a537   Data         256  kservice.o(.constdata)
    __fsym___cmd_a72_information_name        0x0800ac2e   Data          22  drv_a72.o(.rodata.name)
    __fsym___cmd_a72_information_desc        0x0800ac44   Data          22  drv_a72.o(.rodata.name)
    __fsym___cmd_a72_reset_name              0x0800ac5a   Data          16  drv_a72.o(.rodata.name)
    __fsym___cmd_a72_reset_desc              0x0800ac6a   Data          13  drv_a72.o(.rodata.name)
    __fsym___cmd_a72_rfs_name                0x0800ac77   Data          14  drv_a72.o(.rodata.name)
    __fsym___cmd_a72_rfs_desc                0x0800ac85   Data          11  drv_a72.o(.rodata.name)
    __fsym___cmd_a72_init_name               0x0800ac90   Data          15  drv_a72.o(.rodata.name)
    __fsym___cmd_a72_init_desc               0x0800ac9f   Data          12  drv_a72.o(.rodata.name)
    __fsym___cmd_node_set_sleeptime_name     0x0800acab   Data          25  drv_a72.o(.rodata.name)
    __fsym___cmd_node_set_sleeptime_desc     0x0800acc4   Data          27  drv_a72.o(.rodata.name)
    __fsym___cmd_take_ph_name                0x0800acdf   Data          14  drv_sensor.o(.rodata.name)
    __fsym___cmd_take_ph_desc                0x0800aced   Data          13  drv_sensor.o(.rodata.name)
    __fsym___cmd_take_hum_name               0x0800acfa   Data          15  drv_sensor.o(.rodata.name)
    __fsym___cmd_take_hum_desc               0x0800ad09   Data          14  drv_sensor.o(.rodata.name)
    __fsym___cmd_take_tem_name               0x0800ad17   Data          15  drv_sensor.o(.rodata.name)
    __fsym___cmd_take_tem_desc               0x0800ad26   Data          14  drv_sensor.o(.rodata.name)
    __fsym___cmd_take_ec_name                0x0800ad34   Data          14  drv_sensor.o(.rodata.name)
    __fsym___cmd_take_ec_desc                0x0800ad42   Data          13  drv_sensor.o(.rodata.name)
    __fsym___cmd_take_add_name               0x0800ad4f   Data          15  drv_sensor.o(.rodata.name)
    __fsym___cmd_take_add_desc               0x0800ad5e   Data          13  drv_sensor.o(.rodata.name)
    __fsym___cmd_take_baud_name              0x0800ad6b   Data          16  drv_sensor.o(.rodata.name)
    __fsym___cmd_take_baud_desc              0x0800ad7b   Data          15  drv_sensor.o(.rodata.name)
    __fsym___cmd_take__name                  0x0800ad8a   Data          12  drv_sensor.o(.rodata.name)
    __fsym___cmd_take__desc                  0x0800ad96   Data          40  drv_sensor.o(.rodata.name)
    __fsym___cmd_make__name                  0x0800adbe   Data          12  drv_sensor.o(.rodata.name)
    __fsym___cmd_make__desc                  0x0800adca   Data          28  drv_sensor.o(.rodata.name)
    __fsym___cmd_AC_DO_name                  0x0800ade6   Data          12  drv_sensor.o(.rodata.name)
    __fsym___cmd_AC_DO_desc                  0x0800adf2   Data          21  drv_sensor.o(.rodata.name)
    __fsym___cmd_led_fan_name                0x0800ae07   Data          14  drv_sensor.o(.rodata.name)
    __fsym___cmd_led_fan_desc                0x0800ae15   Data          14  drv_sensor.o(.rodata.name)
    __fsym_hello_name                        0x0800ae23   Data           6  cmd.o(.rodata.name)
    __fsym_hello_desc                        0x0800ae29   Data          16  cmd.o(.rodata.name)
    __fsym_version_name                      0x0800ae39   Data           8  cmd.o(.rodata.name)
    __fsym_version_desc                      0x0800ae41   Data          35  cmd.o(.rodata.name)
    __fsym___cmd_version_name                0x0800ae64   Data          14  cmd.o(.rodata.name)
    __fsym___cmd_version_desc                0x0800ae72   Data          35  cmd.o(.rodata.name)
    __fsym_list_thread_name                  0x0800ae95   Data          12  cmd.o(.rodata.name)
    __fsym_list_thread_desc                  0x0800aea1   Data          12  cmd.o(.rodata.name)
    __fsym___cmd_list_thread_name            0x0800aead   Data          18  cmd.o(.rodata.name)
    __fsym___cmd_list_thread_desc            0x0800aebf   Data          12  cmd.o(.rodata.name)
    __fsym_list_sem_name                     0x0800aecb   Data           9  cmd.o(.rodata.name)
    __fsym_list_sem_desc                     0x0800aed4   Data          25  cmd.o(.rodata.name)
    __fsym___cmd_list_sem_name               0x0800aeed   Data          15  cmd.o(.rodata.name)
    __fsym___cmd_list_sem_desc               0x0800aefc   Data          25  cmd.o(.rodata.name)
    __fsym_list_event_name                   0x0800af15   Data          11  cmd.o(.rodata.name)
    __fsym_list_event_desc                   0x0800af20   Data          21  cmd.o(.rodata.name)
    __fsym___cmd_list_event_name             0x0800af35   Data          17  cmd.o(.rodata.name)
    __fsym___cmd_list_event_desc             0x0800af46   Data          21  cmd.o(.rodata.name)
    __fsym_list_mutex_name                   0x0800af5b   Data          11  cmd.o(.rodata.name)
    __fsym_list_mutex_desc                   0x0800af66   Data          21  cmd.o(.rodata.name)
    __fsym___cmd_list_mutex_name             0x0800af7b   Data          17  cmd.o(.rodata.name)
    __fsym___cmd_list_mutex_desc             0x0800af8c   Data          21  cmd.o(.rodata.name)
    __fsym_list_mailbox_name                 0x0800afa1   Data          13  cmd.o(.rodata.name)
    __fsym_list_mailbox_desc                 0x0800afae   Data          24  cmd.o(.rodata.name)
    __fsym___cmd_list_mailbox_name           0x0800afc6   Data          19  cmd.o(.rodata.name)
    __fsym___cmd_list_mailbox_desc           0x0800afd9   Data          24  cmd.o(.rodata.name)
    __fsym_list_msgqueue_name                0x0800aff1   Data          14  cmd.o(.rodata.name)
    __fsym_list_msgqueue_desc                0x0800afff   Data          29  cmd.o(.rodata.name)
    __fsym___cmd_list_msgqueue_name          0x0800b01c   Data          20  cmd.o(.rodata.name)
    __fsym___cmd_list_msgqueue_desc          0x0800b030   Data          29  cmd.o(.rodata.name)
    __fsym_list_timer_name                   0x0800b04d   Data          11  cmd.o(.rodata.name)
    __fsym_list_timer_desc                   0x0800b058   Data          21  cmd.o(.rodata.name)
    __fsym___cmd_list_timer_name             0x0800b06d   Data          17  cmd.o(.rodata.name)
    __fsym___cmd_list_timer_desc             0x0800b07e   Data          21  cmd.o(.rodata.name)
    __fsym_list_device_name                  0x0800b093   Data          12  cmd.o(.rodata.name)
    __fsym_list_device_desc                  0x0800b09f   Data          22  cmd.o(.rodata.name)
    __fsym___cmd_list_device_name            0x0800b0b5   Data          18  cmd.o(.rodata.name)
    __fsym___cmd_list_device_desc            0x0800b0c7   Data          22  cmd.o(.rodata.name)
    __fsym_list_name                         0x0800b0dd   Data           5  cmd.o(.rodata.name)
    __fsym_list_desc                         0x0800b0e2   Data          26  cmd.o(.rodata.name)
    __fsym___cmd_help_name                   0x0800b0fc   Data          11  msh.o(.rodata.name)
    __fsym___cmd_help_desc                   0x0800b107   Data          22  msh.o(.rodata.name)
    __fsym___cmd_ps_name                     0x0800b11d   Data           9  msh.o(.rodata.name)
    __fsym___cmd_ps_desc                     0x0800b126   Data          28  msh.o(.rodata.name)
    __fsym___cmd_free_name                   0x0800b142   Data          11  msh.o(.rodata.name)
    __fsym___cmd_free_desc                   0x0800b14d   Data          37  msh.o(.rodata.name)
    __fsym_list_mem_name                     0x0800b172   Data           9  mem.o(.rodata.name)
    __fsym_list_mem_desc                     0x0800b17b   Data          30  mem.o(.rodata.name)
    __fsym___cmd_reboot_name                 0x0800b199   Data          13  board.o(.rodata.name)
    __fsym___cmd_reboot_desc                 0x0800b1a6   Data          14  board.o(.rodata.name)
    __rt_init_rti_start                      0x0800b1b4   Data           4  components.o(.rti_fn.0)
    __rt_init_rti_board_start                0x0800b1b8   Data           4  components.o(.rti_fn.0.end)
    __rt_init_uart_init                      0x0800b1bc   Data           4  board.o(.rti_fn.1)
    __rt_init_rti_board_end                  0x0800b1c0   Data           4  components.o(.rti_fn.1.end)
    __rt_init_rt_A72_init                    0x0800b1c4   Data           4  drv_a72.o(.rti_fn.3)
    __rt_init_rt_sensor_init                 0x0800b1c8   Data           4  drv_sensor.o(.rti_fn.3)
    __rt_init_rt_uart1_init                  0x0800b1cc   Data           4  drv_usart.o(.rti_fn.3)
    __rt_init_rt_usart2_init                 0x0800b1d0   Data           4  drv_usart.o(.rti_fn.3)
    __rt_init_finsh_system_init              0x0800b1d4   Data           4  shell.o(.rti_fn.6)
    __rt_init_rti_end                        0x0800b1d8   Data           4  components.o(.rti_fn.6.end)
    FSymTab$$Base                            0x0800b1dc   Number         0  drv_a72.o(FSymTab)
    __fsym___cmd_a72_information             0x0800b1dc   Data          12  drv_a72.o(FSymTab)
    __fsym___cmd_a72_reset                   0x0800b1e8   Data          12  drv_a72.o(FSymTab)
    __fsym___cmd_a72_rfs                     0x0800b1f4   Data          12  drv_a72.o(FSymTab)
    __fsym___cmd_a72_init                    0x0800b200   Data          12  drv_a72.o(FSymTab)
    __fsym___cmd_node_set_sleeptime          0x0800b20c   Data          12  drv_a72.o(FSymTab)
    __fsym___cmd_take_ph                     0x0800b218   Data          12  drv_sensor.o(FSymTab)
    __fsym___cmd_take_hum                    0x0800b224   Data          12  drv_sensor.o(FSymTab)
    __fsym___cmd_take_tem                    0x0800b230   Data          12  drv_sensor.o(FSymTab)
    __fsym___cmd_take_ec                     0x0800b23c   Data          12  drv_sensor.o(FSymTab)
    __fsym___cmd_take_add                    0x0800b248   Data          12  drv_sensor.o(FSymTab)
    __fsym___cmd_take_baud                   0x0800b254   Data          12  drv_sensor.o(FSymTab)
    __fsym___cmd_take_                       0x0800b260   Data          12  drv_sensor.o(FSymTab)
    __fsym___cmd_make_                       0x0800b26c   Data          12  drv_sensor.o(FSymTab)
    __fsym___cmd_AC_DO                       0x0800b278   Data          12  drv_sensor.o(FSymTab)
    __fsym___cmd_led_fan                     0x0800b284   Data          12  drv_sensor.o(FSymTab)
    __fsym_hello                             0x0800b290   Data          12  cmd.o(FSymTab)
    __fsym_version                           0x0800b29c   Data          12  cmd.o(FSymTab)
    __fsym___cmd_version                     0x0800b2a8   Data          12  cmd.o(FSymTab)
    __fsym_list_thread                       0x0800b2b4   Data          12  cmd.o(FSymTab)
    __fsym___cmd_list_thread                 0x0800b2c0   Data          12  cmd.o(FSymTab)
    __fsym_list_sem                          0x0800b2cc   Data          12  cmd.o(FSymTab)
    __fsym___cmd_list_sem                    0x0800b2d8   Data          12  cmd.o(FSymTab)
    __fsym_list_event                        0x0800b2e4   Data          12  cmd.o(FSymTab)
    __fsym___cmd_list_event                  0x0800b2f0   Data          12  cmd.o(FSymTab)
    __fsym_list_mutex                        0x0800b2fc   Data          12  cmd.o(FSymTab)
    __fsym___cmd_list_mutex                  0x0800b308   Data          12  cmd.o(FSymTab)
    __fsym_list_mailbox                      0x0800b314   Data          12  cmd.o(FSymTab)
    __fsym___cmd_list_mailbox                0x0800b320   Data          12  cmd.o(FSymTab)
    __fsym_list_msgqueue                     0x0800b32c   Data          12  cmd.o(FSymTab)
    __fsym___cmd_list_msgqueue               0x0800b338   Data          12  cmd.o(FSymTab)
    __fsym_list_timer                        0x0800b344   Data          12  cmd.o(FSymTab)
    __fsym___cmd_list_timer                  0x0800b350   Data          12  cmd.o(FSymTab)
    __fsym_list_device                       0x0800b35c   Data          12  cmd.o(FSymTab)
    __fsym___cmd_list_device                 0x0800b368   Data          12  cmd.o(FSymTab)
    __fsym_list                              0x0800b374   Data          12  cmd.o(FSymTab)
    __fsym___cmd_help                        0x0800b380   Data          12  msh.o(FSymTab)
    __fsym___cmd_ps                          0x0800b38c   Data          12  msh.o(FSymTab)
    __fsym___cmd_free                        0x0800b398   Data          12  msh.o(FSymTab)
    __fsym_list_mem                          0x0800b3a4   Data          12  mem.o(FSymTab)
    __fsym___cmd_reboot                      0x0800b3b0   Data          12  board.o(FSymTab)
    FSymTab$$Limit                           0x0800b3bc   Number         0  board.o(FSymTab)
    Region$$Table$$Base                      0x0800b3bc   Number         0  anon$$obj.o(Region$$Table)
    Region$$Table$$Limit                     0x0800b3dc   Number         0  anon$$obj.o(Region$$Table)
    start                                    0x20000000   Data           4  main.o(.data)
    A72_Respond                              0x20000004   Data           4  app.o(.data)
    A72_Connect                              0x20000008   Data           4  app.o(.data)
    A72_Data_handle                          0x2000000c   Data           4  app.o(.data)
    A72_Device_Connect                       0x20000010   Data           1  app.o(.data)
    A72_Cheak                                0x20000014   Data           4  app.o(.data)
    Sensor_Connect                           0x20000018   Data           1  app.o(.data)
    modbus_respond                           0x2000001c   Data           4  modbus.o(.data)
    modbus_timer                             0x20000020   Data           4  modbus.o(.data)
    modbus_rx_falg                           0x20000024   Data           1  modbus.o(.data)
    modbus_rxdata_len                        0x20000026   Data           2  modbus.o(.data)
    modbus_time                              0x20000028   Data           4  modbus.o(.data)
    modbus_time_interval                     0x2000002c   Data           4  modbus.o(.data)
    adc_value                                0x20000030   Data           4  power_metering.o(.data)
    A72_dev                                  0x20000034   Data           4  zigbee_a72.o(.data)
    _RFS                                     0x20000038   Data           6  zigbee_a72.o(.data)
    _RESET                                   0x2000003e   Data           6  zigbee_a72.o(.data)
    READ_ADDERSS                             0x20000044   Data           6  zigbee_a72.o(.data)
    Device_Type                              0x2000004a   Data           6  zigbee_a72.o(.data)
    Connect_status                           0x20000050   Data           6  zigbee_a72.o(.data)
    Sleep_time                               0x20000056   Data           6  zigbee_a72.o(.data)
    SEND_MODE_IEEE                           0x2000005c   Data           4  zigbee_a72.o(.data)
    SEND_MODE_SHORT                          0x20000060   Data           4  zigbee_a72.o(.data)
    SEND_MODE_BROADCAST                      0x20000064   Data           4  zigbee_a72.o(.data)
    SystemCoreClock                          0x20000068   Data           4  system_gd32f10x.o(.data)
    Sensor_dev                               0x2000006c   Data           4  drv_sensor.o(.data)
    Flag_AC_DO                               0x20000070   Data           1  drv_sensor.o(.data)
    u1_dev                                   0x20000074   Data           4  drv_usart.o(.data)
    u2_dev                                   0x20000078   Data           4  drv_usart.o(.data)
    rs485_data_len                           0x2000007c   Data           2  drv_usart.o(.data)
    _syscall_table_begin                     0x20000080   Data           4  shell.o(.data)
    _syscall_table_end                       0x20000084   Data           4  shell.o(.data)
    _sysvar_table_begin                      0x20000088   Data           4  shell.o(.data)
    _sysvar_table_end                        0x2000008c   Data           4  shell.o(.data)
    shell                                    0x20000090   Data           4  shell.o(.data)
    rt_interrupt_from_thread                 0x20000098   Data           4  cpuport.o(.data)
    rt_interrupt_to_thread                   0x2000009c   Data           4  cpuport.o(.data)
    rt_thread_switch_interrupt_flag          0x200000a0   Data           4  cpuport.o(.data)
    rt_interrupt_nest                        0x200000ac   Data           1  irq.o(.data)
    rt_assert_hook                           0x200000b8   Data           4  kservice.o(.data)
    rt_thread_ready_priority_group           0x20000154   Data           4  scheduler.o(.data)
    rt_current_thread                        0x2000015c   Data           4  scheduler.o(.data)
    rt_current_priority                      0x20000160   Data           1  scheduler.o(.data)
    rt_thread_defunct                        0x20000164   Data           8  scheduler.o(.data)
    th1                                      0x20000184   Data         128  app.o(.bss)
    th1_stack                                0x20000204   Data         512  app.o(.bss)
    th2                                      0x20000404   Data         128  app.o(.bss)
    th2_stack                                0x20000484   Data         512  app.o(.bss)
    th3                                      0x20000684   Data         128  app.o(.bss)
    th3_stack                                0x20000704   Data         512  app.o(.bss)
    th4                                      0x20000904   Data         128  app.o(.bss)
    th4_stack                                0x20000984   Data         512  app.o(.bss)
    th5                                      0x20000b84   Data         128  app.o(.bss)
    th5_stack                                0x20000c04   Data         512  app.o(.bss)
    th6                                      0x20000e04   Data         128  app.o(.bss)
    th6_stack                                0x20000e84   Data         512  app.o(.bss)
    th7                                      0x20001084   Data         128  app.o(.bss)
    th7_stack                                0x20001104   Data        1024  app.o(.bss)
    zigbee_value                             0x20001504   Data          10  app.o(.bss)
    modbus_rx_buf                            0x2000150e   Data          64  modbus.o(.bss)
    Modbus_DataBuff                          0x2000154e   Data          16  modbus.o(.bss)
    debug_value                              0x20001560   Data          24  sensor.o(.bss)
    A72_send_order_buf                       0x20001578   Data          20  zigbee_a72.o(.bss)
    A72_send_data_buf                        0x2000158c   Data         100  zigbee_a72.o(.bss)
    A72_RX_BUF                               0x200015f0   Data         128  zigbee_a72.o(.bss)
    _value                                   0x20001670   Data          35  zigbee_a72.o(.bss)
    rt_thread_priority_table                 0x20001a34   Data         256  scheduler.o(.bss)
    __initial_sp                             0x20005db8   Data           0  startup_gd32f10x_hd.o(STACK)



==============================================================================

Memory Map of the image

  Image Entry point : 0x08000131

  Load Region LR_IROM1 (Base: 0x08000000, Size: 0x0000b560, Max: 0x00080000, ABSOLUTE, COMPRESSED[0x0000b458])

    Execution Region ER_IROM1 (Exec base: 0x08000000, Load base: 0x08000000, Size: 0x0000b3dc, Max: 0x00080000, ABSOLUTE)

    Exec Addr    Load Addr    Size         Type   Attr      Idx    E Section Name        Object

    0x08000000   0x08000000   0x00000130   Data   RO          653    RESET               startup_gd32f10x_hd.o
    0x08000130   0x08000130   0x00000000   Code   RO         6108  * .ARM.Collect$$$$00000000  mc_w.l(entry.o)
    0x08000130   0x08000130   0x00000004   Code   RO         6408    .ARM.Collect$$$$00000001  mc_w.l(entry2.o)
    0x08000134   0x08000134   0x00000004   Code   RO         6411    .ARM.Collect$$$$00000004  mc_w.l(entry5.o)
    0x08000138   0x08000138   0x00000000   Code   RO         6413    .ARM.Collect$$$$00000008  mc_w.l(entry7b.o)
    0x08000138   0x08000138   0x00000000   Code   RO         6415    .ARM.Collect$$$$0000000A  mc_w.l(entry8b.o)
    0x08000138   0x08000138   0x00000008   Code   RO         6416    .ARM.Collect$$$$0000000B  mc_w.l(entry9a.o)
    0x08000140   0x08000140   0x00000000   Code   RO         6418    .ARM.Collect$$$$0000000D  mc_w.l(entry10a.o)
    0x08000140   0x08000140   0x00000000   Code   RO         6420    .ARM.Collect$$$$0000000F  mc_w.l(entry11a.o)
    0x08000140   0x08000140   0x00000004   Code   RO         6409    .ARM.Collect$$$$00002712  mc_w.l(entry2.o)
    0x08000144   0x08000144   0x00000024   Code   RO          654    .text               startup_gd32f10x_hd.o
    0x08000168   0x08000168   0x000000f4   Code   RO         4816    .text               context_rvds.o
    0x0800025c   0x0800025c   0x00000020   Code   RO         6111    .text               mc_w.l(llushr.o)
    0x0800027c   0x0800027c   0x00000024   Code   RO         6113    .text               mc_w.l(memcpya.o)
    0x080002a0   0x080002a0   0x00000024   Code   RO         6115    .text               mc_w.l(memseta.o)
    0x080002c4   0x080002c4   0x00000018   Code   RO         6117    .text               mc_w.l(strcat.o)
    0x080002dc   0x080002dc   0x00000018   Code   RO         6119    .text               mc_w.l(strncpy.o)
    0x080002f4   0x080002f4   0x0000000e   Code   RO         6121    .text               mc_w.l(strlen.o)
    0x08000302   0x08000302   0x00000012   Code   RO         6123    .text               mc_w.l(strcpy.o)
    0x08000314   0x08000314   0x0000001e   Code   RO         6125    .text               mc_w.l(strncmp.o)
    0x08000332   0x08000332   0x00000064   Code   RO         6390    .text               mf_w.l(fmul.o)
    0x08000396   0x08000396   0x0000007c   Code   RO         6392    .text               mf_w.l(fdiv.o)
    0x08000412   0x08000412   0x000000e4   Code   RO         6394    .text               mf_w.l(dmul.o)
    0x080004f6   0x080004f6   0x000000de   Code   RO         6396    .text               mf_w.l(ddiv.o)
    0x080005d4   0x080005d4   0x00000012   Code   RO         6398    .text               mf_w.l(fflti.o)
    0x080005e6   0x080005e6   0x0000000a   Code   RO         6400    .text               mf_w.l(ffltui.o)
    0x080005f0   0x080005f0   0x00000028   Code   RO         6402    .text               mf_w.l(ffixui.o)
    0x08000618   0x08000618   0x00000026   Code   RO         6404    .text               mf_w.l(f2d.o)
    0x0800063e   0x0800063e   0x00000038   Code   RO         6406    .text               mf_w.l(d2f.o)
    0x08000676   0x08000676   0x0000002c   Code   RO         6423    .text               mc_w.l(uidiv.o)
    0x080006a2   0x080006a2   0x00000062   Code   RO         6425    .text               mc_w.l(uldiv.o)
    0x08000704   0x08000704   0x00000000   Code   RO         6427    .text               mc_w.l(iusefp.o)
    0x08000704   0x08000704   0x0000006e   Code   RO         6428    .text               mf_w.l(fepilogue.o)
    0x08000772   0x08000772   0x000000ba   Code   RO         6430    .text               mf_w.l(depilogue.o)
    0x0800082c   0x0800082c   0x0000014e   Code   RO         6432    .text               mf_w.l(dadd.o)
    0x0800097a   0x0800097a   0x00000030   Code   RO         6434    .text               mf_w.l(dfixul.o)
    0x080009aa   0x080009aa   0x00000002   PAD
    0x080009ac   0x080009ac   0x00000030   Code   RO         6436    .text               mf_w.l(cdrcmple.o)
    0x080009dc   0x080009dc   0x00000024   Code   RO         6438    .text               mc_w.l(init.o)
    0x08000a00   0x08000a00   0x0000001e   Code   RO         6440    .text               mc_w.l(llshl.o)
    0x08000a1e   0x08000a1e   0x00000024   Code   RO         6442    .text               mc_w.l(llsshr.o)
    0x08000a42   0x08000a42   0x00000056   Code   RO         6452    .text               mc_w.l(__dczerorl2.o)
    0x08000a98   0x08000a98   0x0000000a   Code   RO         4918    i.$Sub$$main        components.o
    0x08000aa2   0x08000aa2   0x00000002   PAD
    0x08000aa4   0x08000aa4   0x00000074   Code   RO          518    i.A72_HANDLE_DATA   zigbee_a72.o
    0x08000b18   0x08000b18   0x00000184   Code   RO          519    i.A72_Init          zigbee_a72.o
    0x08000c9c   0x08000c9c   0x0000000c   Code   RO          520    i.A72_NoReply       zigbee_a72.o
    0x08000ca8   0x08000ca8   0x000000a4   Code   RO          521    i.A72_Print_Information  zigbee_a72.o
    0x08000d4c   0x08000d4c   0x00000094   Code   RO          522    i.A72_Read_Adderss  zigbee_a72.o
    0x08000de0   0x08000de0   0x00000064   Code   RO          523    i.A72_Read_Connect_status  zigbee_a72.o
    0x08000e44   0x08000e44   0x000000a8   Code   RO          524    i.A72_Read_Device_Type  zigbee_a72.o
    0x08000eec   0x08000eec   0x00000070   Code   RO          525    i.A72_Read_RFS      zigbee_a72.o
    0x08000f5c   0x08000f5c   0x0000006c   Code   RO          526    i.A72_Read_Sleep_time  zigbee_a72.o
    0x08000fc8   0x08000fc8   0x00000264   Code   RO          527    i.A72_SEND_DATA     zigbee_a72.o
    0x0800122c   0x0800122c   0x00000080   Code   RO          528    i.A72_SEND_ORDER    zigbee_a72.o
    0x080012ac   0x080012ac   0x000000f0   Code   RO          529    i.A72_SET_TIME      zigbee_a72.o
    0x0800139c   0x0800139c   0x0000001c   Code   RO         4242    i.AC_DO             drv_sensor.o
    0x080013b8   0x080013b8   0x00000e74   Code   RO          157    i.AppTaskStart      main.o
    0x0800222c   0x0800222c   0x00000004   Code   RO            3    i.BusFault_Handler  gd32f10x_it.o
    0x08002230   0x08002230   0x00000042   Code   RO          369    i.CRC_Verification  modbus.o
    0x08002272   0x08002272   0x00000002   Code   RO            4    i.DebugMon_Handler  gd32f10x_it.o
    0x08002274   0x08002274   0x000000b4   Code   RO          370    i.MODBUS_Handle_Reply  modbus.o
    0x08002328   0x08002328   0x00000056   Code   RO          371    i.MODBUS_HostToSlave_H03  modbus.o
    0x0800237e   0x0800237e   0x00000056   Code   RO          372    i.MODBUS_HostToSlave_H06  modbus.o
    0x080023d4   0x080023d4   0x00000004   Code   RO            5    i.MemManage_Handler  gd32f10x_it.o
    0x080023d8   0x080023d8   0x00000002   Code   RO            6    i.NMI_Handler       gd32f10x_it.o
    0x080023da   0x080023da   0x00000002   PAD
    0x080023dc   0x080023dc   0x00000028   Code   RO          263    i.NVIC_SetPriority  systick.o
    0x08002404   0x08002404   0x0000014c   Code   RO          306    i.Power_Metering    app.o
    0x08002550   0x08002550   0x00000002   Code   RO            7    i.SVC_Handler       gd32f10x_it.o
    0x08002552   0x08002552   0x00000002   PAD
    0x08002554   0x08002554   0x00000180   Code   RO          307    i.Sensor_Debug      app.o
    0x080026d4   0x080026d4   0x00000058   Code   RO          476    i.Sensor_MakeAValue  sensor.o
    0x0800272c   0x0800272c   0x000001b8   Code   RO          477    i.Sensor_TakeAValue  sensor.o
    0x080028e4   0x080028e4   0x00000008   Code   RO         6018    i.SysTick_Handler   board.o
    0x080028ec   0x080028ec   0x000000d4   Code   RO          612    i.SystemInit        system_gd32f10x.o
    0x080029c0   0x080029c0   0x0000008c   Code   RO         4324    i.USART1_IRQHandler  drv_usart.o
    0x08002a4c   0x08002a4c   0x00000030   Code   RO         4325    i.USART1_Send_Data  drv_usart.o
    0x08002a7c   0x08002a7c   0x00000054   Code   RO         4326    i.USART2_IRQHandler  drv_usart.o
    0x08002ad0   0x08002ad0   0x00000030   Code   RO         4327    i.USART2_Send_Data  drv_usart.o
    0x08002b00   0x08002b00   0x00000004   Code   RO            8    i.UsageFault_Handler  gd32f10x_it.o
    0x08002b04   0x08002b04   0x000000f0   Code   RO          308    i.WLAN_INIT         app.o
    0x08002bf4   0x08002bf4   0x00000038   Code   RO         4186    i.ZIGBEE_DAMAGE     drv_a72.o
    0x08002c2c   0x08002c2c   0x00000020   Code   RO          309    i.Zigbee_Data_handle  app.o
    0x08002c4c   0x08002c4c   0x000000c0   Code   RO          310    i.Zigbee_Network_Status_Cheak_after  app.o
    0x08002d0c   0x08002d0c   0x00000168   Code   RO          311    i.Zigbee_Network_Status_Cheak_front  app.o
    0x08002e74   0x08002e74   0x0000013c   Code   RO          312    i.Zigbee_Send_Data  app.o
    0x08002fb0   0x08002fb0   0x00000028   Code   RO         6364    i.__0sprintf        mc_w.l(printfa.o)
    0x08002fd8   0x08002fd8   0x0000004c   Code   RO         5330    i.__rt_ffs          kservice.o
    0x08003024   0x08003024   0x0000000e   Code   RO         6446    i.__scatterload_copy  mc_w.l(handlers.o)
    0x08003032   0x08003032   0x00000002   Code   RO         6447    i.__scatterload_null  mc_w.l(handlers.o)
    0x08003034   0x08003034   0x0000000e   Code   RO         6448    i.__scatterload_zeroinit  mc_w.l(handlers.o)
    0x08003042   0x08003042   0x00000002   PAD
    0x08003044   0x08003044   0x00000184   Code   RO         6369    i._fp_digits        mc_w.l(printfa.o)
    0x080031c8   0x080031c8   0x00000098   Code   RO         4636    i._msh_exec_cmd     msh.o
    0x08003260   0x08003260   0x000006dc   Code   RO         6370    i._printf_core      mc_w.l(printfa.o)
    0x0800393c   0x0800393c   0x00000024   Code   RO         6371    i._printf_post_padding  mc_w.l(printfa.o)
    0x08003960   0x08003960   0x0000002e   Code   RO         6372    i._printf_pre_padding  mc_w.l(printfa.o)
    0x0800398e   0x0800398e   0x00000002   PAD
    0x08003990   0x08003990   0x000000bc   Code   RO         5757    i._rt_thread_init   thread.o
    0x08003a4c   0x08003a4c   0x00000042   Code   RO         5891    i._rt_timer_init    timer.o
    0x08003a8e   0x08003a8e   0x0000001c   Code   RO         5892    i._rt_timer_remove  timer.o
    0x08003aaa   0x08003aaa   0x0000000a   Code   RO         6374    i._sputc            mc_w.l(printfa.o)
    0x08003ab4   0x08003ab4   0x0000001c   Code   RO         5758    i._thread_cleanup_execute  thread.o
    0x08003ad0   0x08003ad0   0x00000018   Code   RO         4187    i.a72_information   drv_a72.o
    0x08003ae8   0x08003ae8   0x00000008   Code   RO         4188    i.a72_init          drv_a72.o
    0x08003af0   0x08003af0   0x00000014   Code   RO         4189    i.a72_reset         drv_a72.o
    0x08003b04   0x08003b04   0x00000014   Code   RO         4190    i.a72_rfs           drv_a72.o
    0x08003b18   0x08003b18   0x0000002a   Code   RO          660    i.adc_calibration_enable  gd32f10x_adc.o
    0x08003b42   0x08003b42   0x00000046   Code   RO          661    i.adc_channel_length_config  gd32f10x_adc.o
    0x08003b88   0x08003b88   0x00000016   Code   RO          662    i.adc_data_alignment_config  gd32f10x_adc.o
    0x08003b9e   0x08003b9e   0x00000002   PAD
    0x08003ba0   0x08003ba0   0x00000058   Code   RO          663    i.adc_deinit        gd32f10x_adc.o
    0x08003bf8   0x08003bf8   0x0000000a   Code   RO          667    i.adc_dma_mode_enable  gd32f10x_adc.o
    0x08003c02   0x08003c02   0x00000012   Code   RO          668    i.adc_enable        gd32f10x_adc.o
    0x08003c14   0x08003c14   0x0000003e   Code   RO          669    i.adc_external_trigger_config  gd32f10x_adc.o
    0x08003c52   0x08003c52   0x00000030   Code   RO          670    i.adc_external_trigger_source_config  gd32f10x_adc.o
    0x08003c82   0x08003c82   0x00000002   PAD
    0x08003c84   0x08003c84   0x0000001c   Code   RO          681    i.adc_mode_config   gd32f10x_adc.o
    0x08003ca0   0x08003ca0   0x000000ac   Code   RO          682    i.adc_regular_channel_config  gd32f10x_adc.o
    0x08003d4c   0x08003d4c   0x0000005a   Code   RO          686    i.adc_special_function_config  gd32f10x_adc.o
    0x08003da6   0x08003da6   0x00000002   PAD
    0x08003da8   0x08003da8   0x000000fc   Code   RO         4820    i.bus_fault_track   cpuport.o
    0x08003ea4   0x08003ea4   0x0000000e   Code   RO         4637    i.cmd_free          msh.o
    0x08003eb2   0x08003eb2   0x0000000e   Code   RO         4638    i.cmd_ps            msh.o
    0x08003ec0   0x08003ec0   0x00000032   Code   RO         1453    i.dma_channel_enable  gd32f10x_dma.o
    0x08003ef2   0x08003ef2   0x00000032   Code   RO         1455    i.dma_circulation_enable  gd32f10x_dma.o
    0x08003f24   0x08003f24   0x00000070   Code   RO         1456    i.dma_deinit        gd32f10x_dma.o
    0x08003f94   0x08003f94   0x0000012e   Code   RO         1459    i.dma_init          gd32f10x_dma.o
    0x080040c2   0x080040c2   0x00000002   PAD
    0x080040c4   0x080040c4   0x00000018   Code   RO         1471    i.dma_periph_and_channel_check  gd32f10x_dma.o
    0x080040dc   0x080040dc   0x00000078   Code   RO         4711    i.finsh_get_prompt  shell.o
    0x08004154   0x08004154   0x00000068   Code   RO         4713    i.finsh_getchar     shell.o
    0x080041bc   0x080041bc   0x00000040   Code   RO         4714    i.finsh_rx_ind      shell.o
    0x080041fc   0x080041fc   0x000000d0   Code   RO         4715    i.finsh_set_device  shell.o
    0x080042cc   0x080042cc   0x00000048   Code   RO         4718    i.finsh_set_prompt_mode  shell.o
    0x08004314   0x08004314   0x00000014   Code   RO         4719    i.finsh_system_function_init  shell.o
    0x08004328   0x08004328   0x0000009c   Code   RO         4720    i.finsh_system_init  shell.o
    0x080043c4   0x080043c4   0x000003e0   Code   RO         4722    i.finsh_thread_entry  shell.o
    0x080047a4   0x080047a4   0x00000004   Code   RO         2154    i.gpio_bit_reset    gd32f10x_gpio.o
    0x080047a8   0x080047a8   0x00000004   Code   RO         2155    i.gpio_bit_set      gd32f10x_gpio.o
    0x080047ac   0x080047ac   0x000000ac   Code   RO         2162    i.gpio_init         gd32f10x_gpio.o
    0x08004858   0x08004858   0x00000010   Code   RO         2163    i.gpio_input_bit_get  gd32f10x_gpio.o
    0x08004868   0x08004868   0x00000080   Code   RO         4821    i.hard_fault_track  cpuport.o
    0x080048e8   0x080048e8   0x00000020   Code   RO         4505    i.hello             cmd.o
    0x08004908   0x08004908   0x00000054   Code   RO         4243    i.led_fan           drv_sensor.o
    0x0800495c   0x0800495c   0x00000068   Code   RO         4506    i.list              cmd.o
    0x080049c4   0x080049c4   0x00000118   Code   RO         4507    i.list_device       cmd.o
    0x08004adc   0x08004adc   0x00000144   Code   RO         4508    i.list_event        cmd.o
    0x08004c20   0x08004c20   0x0000002a   Code   RO         4509    i.list_find_init    cmd.o
    0x08004c4a   0x08004c4a   0x00000088   Code   RO         4510    i.list_get_next     cmd.o
    0x08004cd2   0x08004cd2   0x00000002   PAD
    0x08004cd4   0x08004cd4   0x0000015c   Code   RO         4511    i.list_mailbox      cmd.o
    0x08004e30   0x08004e30   0x00000078   Code   RO         5534    i.list_mem          mem.o
    0x08004ea8   0x08004ea8   0x00000144   Code   RO         4512    i.list_msgqueue     cmd.o
    0x08004fec   0x08004fec   0x0000010c   Code   RO         4513    i.list_mutex        cmd.o
    0x080050f8   0x080050f8   0x00000138   Code   RO         4514    i.list_sem          cmd.o
    0x08005230   0x08005230   0x000001e4   Code   RO         4515    i.list_thread       cmd.o
    0x08005414   0x08005414   0x00000160   Code   RO         4516    i.list_timer        cmd.o
    0x08005574   0x08005574   0x000000d8   Code   RO          158    i.main              main.o
    0x0800564c   0x0800564c   0x0000000e   Code   RO         4919    i.main_thread_entry  components.o
    0x0800565a   0x0800565a   0x00000002   PAD
    0x0800565c   0x0800565c   0x00000268   Code   RO         4244    i.make_             drv_sensor.o
    0x080058c4   0x080058c4   0x000000e8   Code   RO         4822    i.mem_manage_fault_track  cpuport.o
    0x080059ac   0x080059ac   0x00000044   Code   RO          373    i.modbus_callback   modbus.o
    0x080059f0   0x080059f0   0x000000a0   Code   RO         4639    i.msh_auto_complete  msh.o
    0x08005a90   0x08005a90   0x0000006c   Code   RO         4640    i.msh_exec          msh.o
    0x08005afc   0x08005afc   0x0000005c   Code   RO         4641    i.msh_get_cmd       msh.o
    0x08005b58   0x08005b58   0x00000080   Code   RO         4642    i.msh_help          msh.o
    0x08005bd8   0x08005bd8   0x00000004   Code   RO         4643    i.msh_is_used       msh.o
    0x08005bdc   0x08005bdc   0x000000f0   Code   RO         4644    i.msh_split         msh.o
    0x08005ccc   0x08005ccc   0x000000f0   Code   RO         4191    i.node_set_sleeptime  drv_a72.o
    0x08005dbc   0x08005dbc   0x000000ac   Code   RO         2470    i.nvic_irq_enable   gd32f10x_misc.o
    0x08005e68   0x08005e68   0x00000014   Code   RO         2471    i.nvic_priority_group_set  gd32f10x_misc.o
    0x08005e7c   0x08005e7c   0x00000018   Code   RO         2472    i.nvic_vector_table_set  gd32f10x_misc.o
    0x08005e94   0x08005e94   0x0000001c   Code   RO         4517    i.object_split      cmd.o
    0x08005eb0   0x08005eb0   0x0000010c   Code   RO         5535    i.plug_holes        mem.o
    0x08005fbc   0x08005fbc   0x000000bc   Code   RO          423    i.power_metering_adc_config  power_metering.o
    0x08006078   0x08006078   0x00000060   Code   RO          424    i.power_metering_dma_config  power_metering.o
    0x080060d8   0x080060d8   0x00000024   Code   RO          425    i.power_metering_gpio_config  power_metering.o
    0x080060fc   0x080060fc   0x00000020   Code   RO          426    i.power_metering_init  power_metering.o
    0x0800611c   0x0800611c   0x00000032   Code   RO          427    i.power_metering_rcu_config  power_metering.o
    0x0800614e   0x0800614e   0x0000006a   Code   RO          428    i.power_metering_timer_config  power_metering.o
    0x080061b8   0x080061b8   0x00000198   Code   RO         5332    i.print_number      kservice.o
    0x08006350   0x08006350   0x00000048   Code   RO         2612    i.rcu_adc_clock_config  gd32f10x_rcu.o
    0x08006398   0x08006398   0x00000124   Code   RO         2620    i.rcu_clock_freq_get  gd32f10x_rcu.o
    0x080064bc   0x080064bc   0x00000020   Code   RO         2637    i.rcu_periph_clock_enable  gd32f10x_rcu.o
    0x080064dc   0x080064dc   0x00000020   Code   RO         2640    i.rcu_periph_reset_disable  gd32f10x_rcu.o
    0x080064fc   0x080064fc   0x00000020   Code   RO         2641    i.rcu_periph_reset_enable  gd32f10x_rcu.o
    0x0800651c   0x0800651c   0x0000000c   Code   RO         6019    i.reboot            board.o
    0x08006528   0x08006528   0x00000074   Code   RO         4192    i.rt_A72_init       drv_a72.o
    0x0800659c   0x0800659c   0x00000050   Code   RO         4920    i.rt_application_init  components.o
    0x080065ec   0x080065ec   0x00000074   Code   RO         5333    i.rt_assert_handler  kservice.o
    0x08006660   0x08006660   0x00000022   Code   RO         5536    i.rt_calloc         mem.o
    0x08006682   0x08006682   0x00000002   PAD
    0x08006684   0x08006684   0x0000001c   Code   RO         4921    i.rt_components_board_init  components.o
    0x080066a0   0x080066a0   0x0000001c   Code   RO         4922    i.rt_components_init  components.o
    0x080066bc   0x080066bc   0x0000000c   Code   RO         5335    i.rt_console_get_device  kservice.o
    0x080066c8   0x080066c8   0x000000ac   Code   RO         4414    i.rt_device_close   device.o
    0x08006774   0x08006774   0x0000002e   Code   RO         4416    i.rt_device_create  device.o
    0x080067a2   0x080067a2   0x0000000e   Code   RO         4418    i.rt_device_find    device.o
    0x080067b0   0x080067b0   0x0000008c   Code   RO         4419    i.rt_device_init    device.o
    0x0800683c   0x0800683c   0x00000144   Code   RO         4421    i.rt_device_open    device.o
    0x08006980   0x08006980   0x000000b4   Code   RO         4422    i.rt_device_read    device.o
    0x08006a34   0x08006a34   0x00000034   Code   RO         4423    i.rt_device_register  device.o
    0x08006a68   0x08006a68   0x00000080   Code   RO         4424    i.rt_device_set_rx_indicate  device.o
    0x08006ae8   0x08006ae8   0x000000b4   Code   RO         4427    i.rt_device_write   device.o
    0x08006b9c   0x08006b9c   0x00000020   Code   RO         5690    i.rt_enter_critical  scheduler.o
    0x08006bbc   0x08006bbc   0x00000044   Code   RO         5691    i.rt_exit_critical  scheduler.o
    0x08006c00   0x08006c00   0x000001f0   Code   RO         5537    i.rt_free           mem.o
    0x08006df0   0x08006df0   0x00000008   Code   RO         6020    i.rt_heap_begin_get  board.o
    0x08006df8   0x08006df8   0x00000008   Code   RO         6021    i.rt_heap_end_get   board.o
    0x08006e00   0x08006e00   0x00000026   Code   RO         6022    i.rt_hw_board_init  board.o
    0x08006e26   0x08006e26   0x00000002   PAD
    0x08006e28   0x08006e28   0x00000028   Code   RO         6090    i.rt_hw_console_getchar  finsh_port.o
    0x08006e50   0x08006e50   0x00000050   Code   RO         6023    i.rt_hw_console_output  board.o
    0x08006ea0   0x08006ea0   0x00000010   Code   RO         4823    i.rt_hw_cpu_reset   cpuport.o
    0x08006eb0   0x08006eb0   0x00000208   Code   RO         4826    i.rt_hw_hard_fault_exception  cpuport.o
    0x080070b8   0x080070b8   0x0000004c   Code   RO         4827    i.rt_hw_stack_init  cpuport.o
    0x08007104   0x08007104   0x00000024   Code   RO         5303    i.rt_interrupt_enter  irq.o
    0x08007128   0x08007128   0x0000001c   Code   RO         5304    i.rt_interrupt_get_nest  irq.o
    0x08007144   0x08007144   0x00000024   Code   RO         5305    i.rt_interrupt_leave  irq.o
    0x08007168   0x08007168   0x00000018   Code   RO         5030    i.rt_ipc_list_resume  ipc.o
    0x08007180   0x08007180   0x0000006e   Code   RO         5032    i.rt_ipc_list_suspend  ipc.o
    0x080071ee   0x080071ee   0x00000010   Code   RO         5033    i.rt_ipc_object_init  ipc.o
    0x080071fe   0x080071fe   0x00000002   PAD
    0x08007200   0x08007200   0x00000068   Code   RO         5340    i.rt_kprintf        kservice.o
    0x08007268   0x08007268   0x00000006   Code   RO         5034    i.rt_list_init      ipc.o
    0x0800726e   0x0800726e   0x00000006   Code   RO         5692    i.rt_list_init      scheduler.o
    0x08007274   0x08007274   0x00000006   Code   RO         5893    i.rt_list_init      timer.o
    0x0800727a   0x0800727a   0x0000000e   Code   RO         5601    i.rt_list_insert_after  object.o
    0x08007288   0x08007288   0x0000000e   Code   RO         5759    i.rt_list_insert_after  thread.o
    0x08007296   0x08007296   0x0000000e   Code   RO         5894    i.rt_list_insert_after  timer.o
    0x080072a4   0x080072a4   0x0000000e   Code   RO         5035    i.rt_list_insert_before  ipc.o
    0x080072b2   0x080072b2   0x00000010   Code   RO         4518    i.rt_list_isempty   cmd.o
    0x080072c2   0x080072c2   0x00000010   Code   RO         5036    i.rt_list_isempty   ipc.o
    0x080072d2   0x080072d2   0x00000010   Code   RO         5895    i.rt_list_isempty   timer.o
    0x080072e2   0x080072e2   0x00000014   Code   RO         4519    i.rt_list_len       cmd.o
    0x080072f6   0x080072f6   0x00000012   Code   RO         5602    i.rt_list_remove    object.o
    0x08007308   0x08007308   0x00000012   Code   RO         5760    i.rt_list_remove    thread.o
    0x0800731a   0x0800731a   0x00000012   Code   RO         5896    i.rt_list_remove    timer.o
    0x0800732c   0x0800732c   0x000002a0   Code   RO         5538    i.rt_malloc         mem.o
    0x080075cc   0x080075cc   0x00000042   Code   RO         5345    i.rt_memmove        kservice.o
    0x0800760e   0x0800760e   0x00000048   Code   RO         5346    i.rt_memset         kservice.o
    0x08007656   0x08007656   0x00000002   PAD
    0x08007658   0x08007658   0x000000d4   Code   RO         5603    i.rt_object_allocate  object.o
    0x0800772c   0x0800772c   0x0000008c   Code   RO         5604    i.rt_object_delete  object.o
    0x080077b8   0x080077b8   0x00000044   Code   RO         5605    i.rt_object_detach  object.o
    0x080077fc   0x080077fc   0x000000ac   Code   RO         5606    i.rt_object_find    object.o
    0x080078a8   0x080078a8   0x00000028   Code   RO         5607    i.rt_object_get_information  object.o
    0x080078d0   0x080078d0   0x00000034   Code   RO         5610    i.rt_object_get_type  object.o
    0x08007904   0x08007904   0x000000a8   Code   RO         5611    i.rt_object_init    object.o
    0x080079ac   0x080079ac   0x0000003c   Code   RO         5612    i.rt_object_is_systemobject  object.o
    0x080079e8   0x080079e8   0x00000010   Code   RO         6025    i.rt_os_tick_callback  board.o
    0x080079f8   0x080079f8   0x0000008c   Code   RO         5693    i.rt_schedule       scheduler.o
    0x08007a84   0x08007a84   0x0000007c   Code   RO         5694    i.rt_schedule_insert_thread  scheduler.o
    0x08007b00   0x08007b00   0x00000080   Code   RO         5695    i.rt_schedule_remove_thread  scheduler.o
    0x08007b80   0x08007b80   0x000000ac   Code   RO         5062    i.rt_sem_create     ipc.o
    0x08007c2c   0x08007c2c   0x0000006c   Code   RO         5065    i.rt_sem_init       ipc.o
    0x08007c98   0x08007c98   0x00000094   Code   RO         5066    i.rt_sem_release    ipc.o
    0x08007d2c   0x08007d2c   0x00000178   Code   RO         5067    i.rt_sem_take       ipc.o
    0x08007ea4   0x08007ea4   0x00000078   Code   RO         4245    i.rt_sensor_init    drv_sensor.o
    0x08007f1c   0x08007f1c   0x00000028   Code   RO         5347    i.rt_set_errno      kservice.o
    0x08007f44   0x08007f44   0x000000b0   Code   RO         5348    i.rt_show_version   kservice.o
    0x08007ff4   0x08007ff4   0x000000c8   Code   RO         5897    i.rt_soft_timer_check  timer.o
    0x080080bc   0x080080bc   0x00000028   Code   RO         5355    i.rt_strncmp        kservice.o
    0x080080e4   0x080080e4   0x00000034   Code   RO         5356    i.rt_strncpy        kservice.o
    0x08008118   0x08008118   0x00000154   Code   RO         5541    i.rt_system_heap_init  mem.o
    0x0800826c   0x0800826c   0x00000050   Code   RO         5696    i.rt_system_scheduler_init  scheduler.o
    0x080082bc   0x080082bc   0x00000030   Code   RO         5697    i.rt_system_scheduler_start  scheduler.o
    0x080082ec   0x080082ec   0x0000001c   Code   RO         5898    i.rt_system_timer_init  timer.o
    0x08008308   0x08008308   0x00000054   Code   RO         5899    i.rt_system_timer_thread_init  timer.o
    0x0800835c   0x0800835c   0x00000050   Code   RO         5762    i.rt_thread_create  thread.o
    0x080083ac   0x080083ac   0x0000000c   Code   RO         5763    i.rt_thread_delay   thread.o
    0x080083b8   0x080083b8   0x00000058   Code   RO         5767    i.rt_thread_exit    thread.o
    0x08008410   0x08008410   0x00000008   Code   RO         4987    i.rt_thread_idle_entry  idle.o
    0x08008418   0x08008418   0x000000b8   Code   RO         4988    i.rt_thread_idle_excute  idle.o
    0x080084d0   0x080084d0   0x0000003c   Code   RO         4990    i.rt_thread_idle_init  idle.o
    0x0800850c   0x0800850c   0x0000007c   Code   RO         5769    i.rt_thread_init    thread.o
    0x08008588   0x08008588   0x00000014   Code   RO         5770    i.rt_thread_mdelay  thread.o
    0x0800859c   0x0800859c   0x00000084   Code   RO         5771    i.rt_thread_resume  thread.o
    0x08008620   0x08008620   0x0000000c   Code   RO         5772    i.rt_thread_self    thread.o
    0x0800862c   0x0800862c   0x00000084   Code   RO         5773    i.rt_thread_sleep   thread.o
    0x080086b0   0x080086b0   0x000000c4   Code   RO         5774    i.rt_thread_startup  thread.o
    0x08008774   0x08008774   0x0000008c   Code   RO         5775    i.rt_thread_suspend  thread.o
    0x08008800   0x08008800   0x000000b4   Code   RO         5776    i.rt_thread_timeout  thread.o
    0x080088b4   0x080088b4   0x00000044   Code   RO         5900    i.rt_thread_timer_entry  timer.o
    0x080088f8   0x080088f8   0x00000064   Code   RO         5777    i.rt_thread_yield   thread.o
    0x0800895c   0x0800895c   0x00000038   Code   RO         4881    i.rt_tick_from_millisecond  clock.o
    0x08008994   0x08008994   0x0000000c   Code   RO         4882    i.rt_tick_get       clock.o
    0x080089a0   0x080089a0   0x00000030   Code   RO         4883    i.rt_tick_increase  clock.o
    0x080089d0   0x080089d0   0x000000b0   Code   RO         5901    i.rt_timer_check    timer.o
    0x08008a80   0x08008a80   0x000000dc   Code   RO         5902    i.rt_timer_control  timer.o
    0x08008b5c   0x08008b5c   0x00000036   Code   RO         5903    i.rt_timer_create   timer.o
    0x08008b92   0x08008b92   0x00000002   PAD
    0x08008b94   0x08008b94   0x000000dc   Code   RO         5905    i.rt_timer_detach   timer.o
    0x08008c70   0x08008c70   0x00000054   Code   RO         5906    i.rt_timer_init     timer.o
    0x08008cc4   0x08008cc4   0x0000002c   Code   RO         5907    i.rt_timer_list_next_timeout  timer.o
    0x08008cf0   0x08008cf0   0x000001dc   Code   RO         5909    i.rt_timer_start    timer.o
    0x08008ecc   0x08008ecc   0x000000a8   Code   RO         5910    i.rt_timer_stop     timer.o
    0x08008f74   0x08008f74   0x0000007c   Code   RO         4329    i.rt_uart1_init     drv_usart.o
    0x08008ff0   0x08008ff0   0x0000007c   Code   RO         4330    i.rt_usart2_init    drv_usart.o
    0x0800906c   0x0800906c   0x00000340   Code   RO         5359    i.rt_vsnprintf      kservice.o
    0x080093ac   0x080093ac   0x00000004   Code   RO         4923    i.rti_board_end     components.o
    0x080093b0   0x080093b0   0x00000004   Code   RO         4924    i.rti_board_start   components.o
    0x080093b4   0x080093b4   0x00000004   Code   RO         4925    i.rti_end           components.o
    0x080093b8   0x080093b8   0x00000004   Code   RO         4926    i.rti_start         components.o
    0x080093bc   0x080093bc   0x0000002a   Code   RO         4927    i.rtthread_startup  components.o
    0x080093e6   0x080093e6   0x00000002   PAD
    0x080093e8   0x080093e8   0x00000038   Code   RO         4723    i.shell_auto_complete  shell.o
    0x08009420   0x08009420   0x00000030   Code   RO         4520    i.show_wait_queue   cmd.o
    0x08009450   0x08009450   0x00000026   Code   RO         5361    i.skip_atoi         kservice.o
    0x08009476   0x08009476   0x00000020   Code   RO         4645    i.str_common        msh.o
    0x08009496   0x08009496   0x00000002   PAD
    0x08009498   0x08009498   0x000000c4   Code   RO          613    i.system_clock_108m_hxtal  system_gd32f10x.o
    0x0800955c   0x0800955c   0x00000008   Code   RO          614    i.system_clock_config  system_gd32f10x.o
    0x08009564   0x08009564   0x00000050   Code   RO          266    i.systick_config    systick.o
    0x080095b4   0x080095b4   0x00000124   Code   RO         4246    i.take_             drv_sensor.o
    0x080096d8   0x080096d8   0x00000044   Code   RO         4247    i.take_add          drv_sensor.o
    0x0800971c   0x0800971c   0x00000044   Code   RO         4248    i.take_baud         drv_sensor.o
    0x08009760   0x08009760   0x00000044   Code   RO         4249    i.take_ec           drv_sensor.o
    0x080097a4   0x080097a4   0x00000064   Code   RO         4250    i.take_hum          drv_sensor.o
    0x08009808   0x08009808   0x00000060   Code   RO         4251    i.take_ph           drv_sensor.o
    0x08009868   0x08009868   0x00000060   Code   RO         4252    i.take_tem          drv_sensor.o
    0x080098c8   0x080098c8   0x000001ec   Code   RO         3448    i.timer_channel_output_config  gd32f10x_timer.o
    0x08009ab4   0x08009ab4   0x0000005a   Code   RO         3450    i.timer_channel_output_mode_config  gd32f10x_timer.o
    0x08009b0e   0x08009b0e   0x00000026   Code   RO         3452    i.timer_channel_output_pulse_value_config  gd32f10x_timer.o
    0x08009b34   0x08009b34   0x0000005a   Code   RO         3453    i.timer_channel_output_shadow_config  gd32f10x_timer.o
    0x08009b8e   0x08009b8e   0x0000000a   Code   RO         3466    i.timer_enable      gd32f10x_timer.o
    0x08009b98   0x08009b98   0x000000e0   Code   RO         3476    i.timer_init        gd32f10x_timer.o
    0x08009c78   0x08009c78   0x00000004   Code   RO         6026    i.uart_init         board.o
    0x08009c7c   0x08009c7c   0x000000e8   Code   RO         4828    i.usage_fault_track  cpuport.o
    0x08009d64   0x08009d64   0x00000088   Code   RO         4331    i.usart0_init       drv_usart.o
    0x08009dec   0x08009dec   0x000000a0   Code   RO         4332    i.usart1_init       drv_usart.o
    0x08009e8c   0x08009e8c   0x0000009c   Code   RO         4333    i.usart2_init       drv_usart.o
    0x08009f28   0x08009f28   0x00000090   Code   RO         3859    i.usart_baudrate_set  gd32f10x_usart.o
    0x08009fb8   0x08009fb8   0x0000000a   Code   RO         3860    i.usart_data_receive  gd32f10x_usart.o
    0x08009fc2   0x08009fc2   0x00000008   Code   RO         3861    i.usart_data_transmit  gd32f10x_usart.o
    0x08009fca   0x08009fca   0x00000002   PAD
    0x08009fcc   0x08009fcc   0x00000090   Code   RO         3862    i.usart_deinit      gd32f10x_usart.o
    0x0800a05c   0x0800a05c   0x0000000a   Code   RO         3866    i.usart_enable      gd32f10x_usart.o
    0x0800a066   0x0800a066   0x0000001e   Code   RO         3868    i.usart_flag_get    gd32f10x_usart.o
    0x0800a084   0x0800a084   0x00000010   Code   RO         3872    i.usart_hardware_flow_cts_config  gd32f10x_usart.o
    0x0800a094   0x0800a094   0x00000010   Code   RO         3873    i.usart_hardware_flow_rts_config  gd32f10x_usart.o
    0x0800a0a4   0x0800a0a4   0x0000001a   Code   RO         3875    i.usart_interrupt_enable  gd32f10x_usart.o
    0x0800a0be   0x0800a0be   0x0000001a   Code   RO         3876    i.usart_interrupt_flag_clear  gd32f10x_usart.o
    0x0800a0d8   0x0800a0d8   0x00000038   Code   RO         3877    i.usart_interrupt_flag_get  gd32f10x_usart.o
    0x0800a110   0x0800a110   0x00000010   Code   RO         3887    i.usart_parity_config  gd32f10x_usart.o
    0x0800a120   0x0800a120   0x00000010   Code   RO         3889    i.usart_receive_config  gd32f10x_usart.o
    0x0800a130   0x0800a130   0x00000010   Code   RO         3895    i.usart_stop_bit_set  gd32f10x_usart.o
    0x0800a140   0x0800a140   0x00000010   Code   RO         3899    i.usart_transmit_config  gd32f10x_usart.o
    0x0800a150   0x0800a150   0x00000010   Code   RO         3900    i.usart_word_length_set  gd32f10x_usart.o
    0x0800a160   0x0800a160   0x0000000a   Code   RO         4521    i.version           cmd.o
    0x0800a16a   0x0800a16a   0x000000ba   Data   RO         4428    .constdata          device.o
    0x0800a224   0x0800a224   0x00000058   Data   RO         4522    .constdata          cmd.o
    0x0800a27c   0x0800a27c   0x0000000e   Data   RO         4646    .constdata          msh.o
    0x0800a28a   0x0800a28a   0x00000087   Data   RO         4725    .constdata          shell.o
    0x0800a311   0x0800a311   0x00000014   Data   RO         4928    .constdata          components.o
    0x0800a325   0x0800a325   0x00000016   Data   RO         4992    .constdata          idle.o
    0x0800a33b   0x0800a33b   0x000001fc   Data   RO         5069    .constdata          ipc.o
    0x0800a537   0x0800a537   0x00000122   Data   RO         5363    .constdata          kservice.o
    0x0800a659   0x0800a659   0x0000003c   Data   RO         5543    .constdata          mem.o
    0x0800a695   0x0800a695   0x00000080   Data   RO         5614    .constdata          object.o
    0x0800a715   0x0800a715   0x00000034   Data   RO         5699    .constdata          scheduler.o
    0x0800a749   0x0800a749   0x000000c0   Data   RO         5778    .constdata          thread.o
    0x0800a809   0x0800a809   0x0000005c   Data   RO         5912    .constdata          timer.o
    0x0800a865   0x0800a865   0x00000003   PAD
    0x0800a868   0x0800a868   0x000000d0   Data   RO         4253    .conststring        drv_sensor.o
    0x0800a938   0x0800a938   0x0000017d   Data   RO         4523    .conststring        cmd.o
    0x0800aab5   0x0800aab5   0x00000003   PAD
    0x0800aab8   0x0800aab8   0x00000045   Data   RO         5070    .conststring        ipc.o
    0x0800aafd   0x0800aafd   0x00000003   PAD
    0x0800ab00   0x0800ab00   0x000000eb   Data   RO         5544    .conststring        mem.o
    0x0800abeb   0x0800abeb   0x00000001   PAD
    0x0800abec   0x0800abec   0x00000042   Data   RO         5779    .conststring        thread.o
    0x0800ac2e   0x0800ac2e   0x000000b1   Data   RO         4193    .rodata.name        drv_a72.o
    0x0800acdf   0x0800acdf   0x00000144   Data   RO         4255    .rodata.name        drv_sensor.o
    0x0800ae23   0x0800ae23   0x000002d9   Data   RO         4524    .rodata.name        cmd.o
    0x0800b0fc   0x0800b0fc   0x00000076   Data   RO         4647    .rodata.name        msh.o
    0x0800b172   0x0800b172   0x00000027   Data   RO         5546    .rodata.name        mem.o
    0x0800b199   0x0800b199   0x0000001b   Data   RO         6028    .rodata.name        board.o
    0x0800b1b4   0x0800b1b4   0x00000004   Data   RO         4929    .rti_fn.0           components.o
    0x0800b1b8   0x0800b1b8   0x00000004   Data   RO         4930    .rti_fn.0.end       components.o
    0x0800b1bc   0x0800b1bc   0x00000004   Data   RO         6029    .rti_fn.1           board.o
    0x0800b1c0   0x0800b1c0   0x00000004   Data   RO         4931    .rti_fn.1.end       components.o
    0x0800b1c4   0x0800b1c4   0x00000004   Data   RO         4194    .rti_fn.3           drv_a72.o
    0x0800b1c8   0x0800b1c8   0x00000004   Data   RO         4256    .rti_fn.3           drv_sensor.o
    0x0800b1cc   0x0800b1cc   0x00000008   Data   RO         4336    .rti_fn.3           drv_usart.o
    0x0800b1d4   0x0800b1d4   0x00000004   Data   RO         4727    .rti_fn.6           shell.o
    0x0800b1d8   0x0800b1d8   0x00000004   Data   RO         4932    .rti_fn.6.end       components.o
    0x0800b1dc   0x0800b1dc   0x0000003c   Data   RO         4195    FSymTab             drv_a72.o
    0x0800b218   0x0800b218   0x00000078   Data   RO         4257    FSymTab             drv_sensor.o
    0x0800b290   0x0800b290   0x000000f0   Data   RO         4525    FSymTab             cmd.o
    0x0800b380   0x0800b380   0x00000024   Data   RO         4648    FSymTab             msh.o
    0x0800b3a4   0x0800b3a4   0x0000000c   Data   RO         5547    FSymTab             mem.o
    0x0800b3b0   0x0800b3b0   0x0000000c   Data   RO         6030    FSymTab             board.o
    0x0800b3bc   0x0800b3bc   0x00000020   Data   RO         6444    Region$$Table       anon$$obj.o


    Execution Region RW_IRAM1 (Exec base: 0x20000000, Load base: 0x0800b3dc, Size: 0x00005db8, Max: 0x00010000, ABSOLUTE, COMPRESSED[0x0000007c])

    Exec Addr    Load Addr    Size         Type   Attr      Idx    E Section Name        Object

    0x20000000   COMPRESSED   0x00000004   Data   RW          159    .data               main.o
    0x20000004   COMPRESSED   0x00000015   Data   RW          314    .data               app.o
    0x20000019   COMPRESSED   0x00000003   PAD
    0x2000001c   COMPRESSED   0x00000014   Data   RW          375    .data               modbus.o
    0x20000030   COMPRESSED   0x00000004   Data   RW          429    .data               power_metering.o
    0x20000034   COMPRESSED   0x00000034   Data   RW          531    .data               zigbee_a72.o
    0x20000068   COMPRESSED   0x00000004   Data   RW          615    .data               system_gd32f10x.o
    0x2000006c   COMPRESSED   0x00000005   Data   RW         4254    .data               drv_sensor.o
    0x20000071   COMPRESSED   0x00000003   PAD
    0x20000074   COMPRESSED   0x0000000b   Data   RW         4335    .data               drv_usart.o
    0x2000007f   COMPRESSED   0x00000001   PAD
    0x20000080   COMPRESSED   0x00000018   Data   RW         4726    .data               shell.o
    0x20000098   COMPRESSED   0x00000010   Data   RW         4830    .data               cpuport.o
    0x200000a8   COMPRESSED   0x00000004   Data   RW         4885    .data               clock.o
    0x200000ac   COMPRESSED   0x00000001   Data   RW         5306    .data               irq.o
    0x200000ad   COMPRESSED   0x00000003   PAD
    0x200000b0   COMPRESSED   0x0000000c   Data   RW         5364    .data               kservice.o
    0x200000bc   COMPRESSED   0x00000018   Data   RW         5545    .data               mem.o
    0x200000d4   COMPRESSED   0x00000080   Data   RW         5615    .data               object.o
    0x20000154   COMPRESSED   0x00000018   Data   RW         5700    .data               scheduler.o
    0x2000016c   COMPRESSED   0x00000018   Data   RW         5913    .data               timer.o
    0x20000184        -       0x0000138a   Zero   RW          313    .bss                app.o
    0x2000150e        -       0x00000050   Zero   RW          374    .bss                modbus.o
    0x2000155e   COMPRESSED   0x00000002   PAD
    0x20001560        -       0x00000018   Zero   RW          478    .bss                sensor.o
    0x20001578        -       0x0000011b   Zero   RW          530    .bss                zigbee_a72.o
    0x20001693        -       0x00000101   Zero   RW         4724    .bss                shell.o
    0x20001794        -       0x00000180   Zero   RW         4991    .bss                idle.o
    0x20001914        -       0x00000100   Zero   RW         5362    .bss                kservice.o
    0x20001a14        -       0x00000020   Zero   RW         5542    .bss                mem.o
    0x20001a34        -       0x00000100   Zero   RW         5698    .bss                scheduler.o
    0x20001b34        -       0x00000280   Zero   RW         5911    .bss                timer.o
    0x20001db4        -       0x00003c00   Zero   RW         6027    .bss                board.o
    0x200059b4   COMPRESSED   0x00000004   PAD
    0x200059b8        -       0x00000400   Zero   RW          651    STACK               startup_gd32f10x_hd.o


==============================================================================

Image component sizes


      Code (inc. data)   RO Data    RW Data    ZI Data      Debug   Object Name

      1856        880          0         21       5002       5829   app.o
       174         14         43          0      15360       5204   board.o
       116         12          0          4          0       1688   clock.o
      3128       1092       1438          0          0      20521   cmd.o
       218         50         36          0          0       5752   components.o
       244         28          0          0          0        896   context_rvds.o
      1456        732          0         16          0       5904   cpuport.o
      1236        556        186          0          0       9011   device.o
       484        260        241          0          0       5509   drv_a72.o
      1636        702        656          5          0       9669   drv_sensor.o
      1020        210          8         11          0       6395   drv_usart.o
        40          4          0          0          0        572   finsh_port.o
       650         10          0          0          0       7081   gd32f10x_adc.o
       538          6          0          0          0       3730   gd32f10x_dma.o
       196          0          0          0          0       2645   gd32f10x_gpio.o
        18          0          0          0          0      49807   gd32f10x_it.o
       216         28          0          0          0       1988   gd32f10x_misc.o
       460         56          0          0          0       3443   gd32f10x_rcu.o
       944         62          0          0          0       4772   gd32f10x_timer.o
       566         16          0          0          0      10140   gd32f10x_usart.o
       252         74         22          0        384       5178   idle.o
       990        262        577          0          0      33516   ipc.o
       100         18          0          1          0       2078   irq.o
      2032        238        290         12        256      11432   kservice.o
      3916       2118          0          4          0      12364   main.o
      1930        738        346         24         32       6708   mem.o
       486         30          0         20         80       5727   modbus.o
       944        178        168          0          0       9296   msh.o
       944        316        128        128          0      10046   object.o
       508         26          0          4          0       4014   power_metering.o
       626        142         52         24        256       8474   scheduler.o
       528         62          0          0         24       2570   sensor.o
      1792        300        139         24        257      13912   shell.o
        36          8        304          0       1024        840   startup_gd32f10x_hd.o
       416         30          0          4          0       2711   system_gd32f10x.o
       120         14          0          0          0      23124   systick.o
      1464        388        258          0          0      16399   thread.o
      1970        522         92         24        640      15166   timer.o
      2296        508          0         52        283      14895   zigbee_a72.o

    ----------------------------------------------------------------------
     36580      10690       5026        388      23604     359006   Object Totals
         0          0         32          0          0          0   (incl. Generated)
        34          0         10         10          6          0   (incl. Padding)

    ----------------------------------------------------------------------

      Code (inc. data)   RO Data    RW Data    ZI Data      Debug   Library Member Name

        86          0          0          0          0          0   __dczerorl2.o
         0          0          0          0          0          0   entry.o
         0          0          0          0          0          0   entry10a.o
         0          0          0          0          0          0   entry11a.o
         8          4          0          0          0          0   entry2.o
         4          0          0          0          0          0   entry5.o
         0          0          0          0          0          0   entry7b.o
         0          0          0          0          0          0   entry8b.o
         8          4          0          0          0          0   entry9a.o
        30          0          0          0          0          0   handlers.o
        36          8          0          0          0         68   init.o
         0          0          0          0          0          0   iusefp.o
        30          0          0          0          0         68   llshl.o
        36          0          0          0          0         68   llsshr.o
        32          0          0          0          0         68   llushr.o
        36          0          0          0          0         68   memcpya.o
        36          0          0          0          0        108   memseta.o
      2276         86          0          0          0        520   printfa.o
        24          0          0          0          0         68   strcat.o
        18          0          0          0          0         68   strcpy.o
        14          0          0          0          0         68   strlen.o
        30          0          0          0          0         80   strncmp.o
        24          0          0          0          0         76   strncpy.o
        44          0          0          0          0         80   uidiv.o
        98          0          0          0          0         92   uldiv.o
        48          0          0          0          0         68   cdrcmple.o
        56          0          0          0          0         88   d2f.o
       334          0          0          0          0        148   dadd.o
       222          0          0          0          0        100   ddiv.o
       186          0          0          0          0        176   depilogue.o
        48          0          0          0          0         68   dfixul.o
       228          0          0          0          0         96   dmul.o
        38          0          0          0          0         68   f2d.o
       124          0          0          0          0         88   fdiv.o
       110          0          0          0          0        168   fepilogue.o
        40          0          0          0          0         68   ffixui.o
        18          0          0          0          0         68   fflti.o
        10          0          0          0          0         68   ffltui.o
       100          0          0          0          0         76   fmul.o

    ----------------------------------------------------------------------
      4438        102          0          0          0       2848   Library Totals
         6          0          0          0          0          0   (incl. Padding)

    ----------------------------------------------------------------------

      Code (inc. data)   RO Data    RW Data    ZI Data      Debug   Library Name

      2870        102          0          0          0       1500   mc_w.l
      1562          0          0          0          0       1348   mf_w.l

    ----------------------------------------------------------------------
      4438        102          0          0          0       2848   Library Totals

    ----------------------------------------------------------------------

==============================================================================


      Code (inc. data)   RO Data    RW Data    ZI Data      Debug   

     41018      10792       5026        388      23604     345966   Grand Totals
     41018      10792       5026        124      23604     345966   ELF Image Totals (compressed)
     41018      10792       5026        124          0          0   ROM Totals

==============================================================================

    Total RO  Size (Code + RO Data)                46044 (  44.96kB)
    Total RW  Size (RW Data + ZI Data)             23992 (  23.43kB)
    Total ROM Size (Code + RO Data + RW Data)      46168 (  45.09kB)

==============================================================================

